
===========================================================================
report_checks -path_delay max (Setup)
============================================================================
Startpoint: _118062_ (rising edge-triggered flip-flop)
Endpoint: SRAMADDR_Sys0_S1[10] (output port clocked by clk)
Path Group: clk
Path Type: max

Fanout     Cap    Slew   Delay    Time   Description
-----------------------------------------------------------------------------
                 85.70    0.00    0.00 ^ _118062_/CLK (sky130_fd_sc_hd__dfxtp_2)
                  0.06   10.25   10.25 ^ _118062_/Q (sky130_fd_sc_hd__dfxtp_2)
     2    0.01                           ibex_core.core.id_stage_i.controller_i.instr_i[0] (net)
                  0.06    0.00   10.26 ^ _056097_/A (sky130_fd_sc_hd__buf_1)
                  0.13    0.15   10.41 ^ _056097_/X (sky130_fd_sc_hd__buf_1)
     5    0.01                           _009647_ (net)
                  0.13    0.00   10.41 ^ _056131_/D_N (sky130_fd_sc_hd__or4bb_2)
                  0.13    0.62   11.03 v _056131_/X (sky130_fd_sc_hd__or4bb_2)
     5    0.01                           _009681_ (net)
                  0.13    0.00   11.03 v _056443_/B (sky130_fd_sc_hd__or4b_2)
                  0.13    0.75   11.78 v _056443_/X (sky130_fd_sc_hd__or4b_2)
     4    0.01                           _009993_ (net)
                  0.13    0.00   11.78 v _056450_/C1 (sky130_fd_sc_hd__o211a_2)
                  0.04    0.16   11.94 v _056450_/X (sky130_fd_sc_hd__o211a_2)
     2    0.00                           _010000_ (net)
                  0.04    0.00   11.94 v _056454_/A_N (sky130_fd_sc_hd__and2b_2)
                  0.06    0.23   12.18 ^ _056454_/X (sky130_fd_sc_hd__and2b_2)
     4    0.01                           _010004_ (net)
                  0.06    0.00   12.18 ^ _056803_/C_N (sky130_fd_sc_hd__or3b_2)
                  0.07    0.45   12.63 v _056803_/X (sky130_fd_sc_hd__or3b_2)
     1    0.00                           _010353_ (net)
                  0.07    0.00   12.64 v _056806_/B1 (sky130_fd_sc_hd__a22o_2)
                  0.06    0.25   12.89 v _056806_/X (sky130_fd_sc_hd__a22o_2)
     4    0.01                           _010356_ (net)
                  0.06    0.00   12.89 v _056808_/A2 (sky130_fd_sc_hd__o211a_2)
                  0.05    0.26   13.15 v _056808_/X (sky130_fd_sc_hd__o211a_2)
     2    0.00                           _010358_ (net)
                  0.05    0.00   13.15 v _056812_/C (sky130_fd_sc_hd__or4_2)
                  0.11    0.66   13.81 v _056812_/X (sky130_fd_sc_hd__or4_2)
     2    0.01                           _010362_ (net)
                  0.11    0.01   13.81 v _056940_/A1 (sky130_fd_sc_hd__a21oi_2)
                  0.19    0.23   14.04 ^ _056940_/Y (sky130_fd_sc_hd__a21oi_2)
     2    0.01                           _010490_ (net)
                  0.19    0.01   14.05 ^ _056941_/A2 (sky130_fd_sc_hd__o21bai_2)
                  0.07    0.11   14.15 v _056941_/Y (sky130_fd_sc_hd__o21bai_2)
     2    0.01                           _010491_ (net)
                  0.07    0.00   14.16 v _056943_/A2 (sky130_fd_sc_hd__a21o_2)
                  0.06    0.25   14.40 v _056943_/X (sky130_fd_sc_hd__a21o_2)
     2    0.01                           _010493_ (net)
                  0.06    0.00   14.41 v _056945_/A2 (sky130_fd_sc_hd__a21o_2)
                  0.06    0.24   14.65 v _056945_/X (sky130_fd_sc_hd__a21o_2)
     2    0.01                           _010495_ (net)
                  0.06    0.00   14.65 v _056946_/A2 (sky130_fd_sc_hd__a21o_2)
                  0.06    0.24   14.89 v _056946_/X (sky130_fd_sc_hd__a21o_2)
     2    0.01                           _010496_ (net)
                  0.06    0.00   14.90 v _057291_/A2 (sky130_fd_sc_hd__a21bo_2)
                  0.06    0.25   15.14 v _057291_/X (sky130_fd_sc_hd__a21bo_2)
     2    0.01                           _010837_ (net)
                  0.06    0.00   15.15 v _058897_/A1 (sky130_fd_sc_hd__a21o_2)
                  0.06    0.22   15.36 v _058897_/X (sky130_fd_sc_hd__a21o_2)
     2    0.01                           _012441_ (net)
                  0.06    0.00   15.37 v _058899_/A2 (sky130_fd_sc_hd__a21o_2)
                  0.06    0.24   15.61 v _058899_/X (sky130_fd_sc_hd__a21o_2)
     2    0.01                           _012443_ (net)
                  0.06    0.00   15.61 v _058901_/A2 (sky130_fd_sc_hd__a21bo_2)
                  0.06    0.24   15.86 v _058901_/X (sky130_fd_sc_hd__a21bo_2)
     2    0.01                           _012445_ (net)
                  0.06    0.00   15.86 v _058903_/A2 (sky130_fd_sc_hd__a21o_2)
                  0.06    0.24   16.10 v _058903_/X (sky130_fd_sc_hd__a21o_2)
     2    0.01                           _012447_ (net)
                  0.06    0.00   16.11 v _058904_/A2 (sky130_fd_sc_hd__a21o_2)
                  0.06    0.24   16.35 v _058904_/X (sky130_fd_sc_hd__a21o_2)
     2    0.01                           _012448_ (net)
                  0.06    0.00   16.35 v _058906_/A2 (sky130_fd_sc_hd__a21bo_2)
                  0.06    0.24   16.60 v _058906_/X (sky130_fd_sc_hd__a21bo_2)
     2    0.01                           _012450_ (net)
                  0.06    0.00   16.60 v _058907_/A2 (sky130_fd_sc_hd__a21o_2)
                  0.06    0.24   16.84 v _058907_/X (sky130_fd_sc_hd__a21o_2)
     2    0.01                           _012451_ (net)
                  0.06    0.00   16.84 v _058909_/A2 (sky130_fd_sc_hd__a21o_2)
                  0.06    0.24   17.09 v _058909_/X (sky130_fd_sc_hd__a21o_2)
     2    0.01                           _012453_ (net)
                  0.06    0.00   17.09 v _058910_/A2 (sky130_fd_sc_hd__a21o_2)
                  0.06    0.25   17.34 v _058910_/X (sky130_fd_sc_hd__a21o_2)
     2    0.01                           _012454_ (net)
                  0.06    0.01   17.34 v _058911_/A2 (sky130_fd_sc_hd__a21oi_2)
                  0.17    0.20   17.54 ^ _058911_/Y (sky130_fd_sc_hd__a21oi_2)
     2    0.01                           _012455_ (net)
                  0.17    0.00   17.55 ^ _058912_/B (sky130_fd_sc_hd__and2_2)
                  0.05    0.19   17.73 ^ _058912_/X (sky130_fd_sc_hd__and2_2)
     2    0.01                           _012456_ (net)
                  0.05    0.00   17.73 ^ _058913_/C (sky130_fd_sc_hd__or3_2)
                  0.03    0.11   17.84 ^ _058913_/X (sky130_fd_sc_hd__or3_2)
     2    0.00                           _012457_ (net)
                  0.03    0.00   17.84 ^ _058914_/B1_N (sky130_fd_sc_hd__a21boi_2)
                  0.19    0.22   18.06 ^ _058914_/Y (sky130_fd_sc_hd__a21boi_2)
     2    0.01                           _012458_ (net)
                  0.19    0.01   18.07 ^ _058915_/A2 (sky130_fd_sc_hd__o21bai_2)
                  0.08    0.11   18.18 v _058915_/Y (sky130_fd_sc_hd__o21bai_2)
     2    0.01                           _012459_ (net)
                  0.08    0.01   18.19 v _058917_/A2 (sky130_fd_sc_hd__a21oi_2)
                  0.20    0.23   18.42 ^ _058917_/Y (sky130_fd_sc_hd__a21oi_2)
     2    0.01                           _012461_ (net)
                  0.20    0.01   18.43 ^ _058919_/A2 (sky130_fd_sc_hd__o21ai_2)
                  0.08    0.11   18.53 v _058919_/Y (sky130_fd_sc_hd__o21ai_2)
     2    0.01                           _012463_ (net)
                  0.08    0.01   18.54 v _058920_/A2 (sky130_fd_sc_hd__a21boi_2)
                  0.12    0.17   18.71 ^ _058920_/Y (sky130_fd_sc_hd__a21boi_2)
     2    0.01                           _012464_ (net)
                  0.12    0.01   18.72 ^ _058921_/B (sky130_fd_sc_hd__nor2_2)
                  0.05    0.06   18.78 v _058921_/Y (sky130_fd_sc_hd__nor2_2)
     2    0.01                           _012465_ (net)
                  0.05    0.01   18.78 v _058922_/B1 (sky130_fd_sc_hd__a21oi_2)
                  0.19    0.18   18.97 ^ _058922_/Y (sky130_fd_sc_hd__a21oi_2)
     2    0.01                           _012466_ (net)
                  0.19    0.01   18.97 ^ _058923_/B (sky130_fd_sc_hd__nor2_2)
                  0.05    0.05   19.03 v _058923_/Y (sky130_fd_sc_hd__nor2_2)
     1    0.00                           _012467_ (net)
                  0.05    0.01   19.03 v _058924_/B1 (sky130_fd_sc_hd__a21oi_2)
                  0.31    0.27   19.30 ^ _058924_/Y (sky130_fd_sc_hd__a21oi_2)
     3    0.02                           _012468_ (net)
                  0.31    0.01   19.31 ^ _058926_/A2 (sky130_fd_sc_hd__o21ai_2)
                  0.08    0.11   19.42 v _058926_/Y (sky130_fd_sc_hd__o21ai_2)
     2    0.01                           _012470_ (net)
                  0.08    0.00   19.42 v _059130_/B (sky130_fd_sc_hd__and2b_2)
                  0.04    0.22   19.64 v _059130_/X (sky130_fd_sc_hd__and2b_2)
     1    0.00                           _012674_ (net)
                  0.04    0.01   19.65 v _059131_/B1 (sky130_fd_sc_hd__a21oi_2)
                  0.20    0.18   19.83 ^ _059131_/Y (sky130_fd_sc_hd__a21oi_2)
     2    0.01                           _012675_ (net)
                  0.20    0.01   19.84 ^ _059133_/A2 (sky130_fd_sc_hd__o21ai_2)
                  0.06    0.10   19.93 v _059133_/Y (sky130_fd_sc_hd__o21ai_2)
     2    0.01                           _012677_ (net)
                  0.06    0.00   19.93 v _059226_/B (sky130_fd_sc_hd__and2b_2)
                  0.04    0.21   20.14 v _059226_/X (sky130_fd_sc_hd__and2b_2)
     1    0.00                           _012770_ (net)
                  0.04    0.01   20.15 v _059227_/B1 (sky130_fd_sc_hd__a21oi_2)
                  0.20    0.18   20.34 ^ _059227_/Y (sky130_fd_sc_hd__a21oi_2)
     2    0.01                           _012771_ (net)
                  0.20    0.01   20.34 ^ _059229_/A2 (sky130_fd_sc_hd__o21bai_2)
                  0.07    0.10   20.44 v _059229_/Y (sky130_fd_sc_hd__o21bai_2)
     1    0.01                           _012773_ (net)
                  0.08    0.02   20.46 v _059291_/A (sky130_fd_sc_hd__xnor2_2)
                  0.07    0.16   20.62 v _059291_/Y (sky130_fd_sc_hd__xnor2_2)
     4    0.01                           _012835_ (net)
                  0.07    0.00   20.63 v _059295_/A2 (sky130_fd_sc_hd__a21o_2)
                  0.03    0.22   20.84 v _059295_/X (sky130_fd_sc_hd__a21o_2)
     1    0.00                           _012839_ (net)
                  0.03    0.00   20.84 v _059296_/B (sky130_fd_sc_hd__and2_2)
                  0.04    0.19   21.04 v _059296_/X (sky130_fd_sc_hd__and2_2)
     2    0.00                           _012840_ (net)
                  0.04    0.00   21.04 v _059297_/B1 (sky130_fd_sc_hd__a21o_2)
                  0.06    0.21   21.25 v _059297_/X (sky130_fd_sc_hd__a21o_2)
     2    0.01                           _012841_ (net)
                  0.06    0.00   21.25 v _059298_/A0 (sky130_fd_sc_hd__mux2_2)
                  0.06    0.29   21.54 v _059298_/X (sky130_fd_sc_hd__mux2_2)
     2    0.01                           _012842_ (net)
                  0.06    0.01   21.55 v _059299_/B1 (sky130_fd_sc_hd__a22oi_2)
                  0.19    0.18   21.72 ^ _059299_/Y (sky130_fd_sc_hd__a22oi_2)
     2    0.01                           _012843_ (net)
                  0.19    0.01   21.73 ^ _059300_/B (sky130_fd_sc_hd__nand2_2)
                  0.06    0.08   21.81 v _059300_/Y (sky130_fd_sc_hd__nand2_2)
     2    0.01                           _012844_ (net)
                  0.06    0.00   21.81 v _060017_/A (sky130_fd_sc_hd__or3_2)
                  0.09    0.51   22.32 v _060017_/X (sky130_fd_sc_hd__or3_2)
     3    0.01                           _013503_ (net)
                  0.09    0.00   22.33 v _061200_/C (sky130_fd_sc_hd__or3_2)
                  0.09    0.46   22.79 v _061200_/X (sky130_fd_sc_hd__or3_2)
     2    0.01                           _014544_ (net)
                  0.09    0.00   22.79 v _061201_/A (sky130_fd_sc_hd__buf_1)
                  0.09    0.16   22.95 v _061201_/X (sky130_fd_sc_hd__buf_1)
     5    0.01                           _014545_ (net)
                  0.09    0.01   22.96 v _061202_/B (sky130_fd_sc_hd__nor2_2)
                  0.11    0.12   23.08 ^ _061202_/Y (sky130_fd_sc_hd__nor2_2)
     3    0.01                           _014546_ (net)
                  0.11    0.00   23.08 ^ _061221_/A (sky130_fd_sc_hd__buf_1)
                  0.22    0.23   23.31 ^ _061221_/X (sky130_fd_sc_hd__buf_1)
     5    0.02                           _014557_ (net)
                  0.22    0.00   23.32 ^ _061226_/S (sky130_fd_sc_hd__mux2_2)
                  0.05    0.37   23.69 v _061226_/X (sky130_fd_sc_hd__mux2_2)
     1    0.00                           _014560_ (net)
                  0.05    0.00   23.70 v _061227_/A (sky130_fd_sc_hd__buf_1)
                  0.23    0.22   23.91 v _061227_/X (sky130_fd_sc_hd__buf_1)
     1    0.03                           SRAMADDR_Sys0_S1[10] (net)
                  0.23    0.00   23.91 v SRAMADDR_Sys0_S1[10] (out)
                                 23.91   data arrival time

                  0.00   10.00   10.00   clock clk (rise edge)
                          0.00   10.00   clock network delay (ideal)
                         -0.25    9.75   clock uncertainty
                          0.00    9.75   clock reconvergence pessimism
                         -2.00    7.75   output external delay
                                  7.75   data required time
-----------------------------------------------------------------------------
                                  7.75   data required time
                                -23.91   data arrival time
-----------------------------------------------------------------------------
                                -16.16   slack (VIOLATED)


Startpoint: _118062_ (rising edge-triggered flip-flop)
Endpoint: SRAMADDR_Sys0_S1[11] (output port clocked by clk)
Path Group: clk
Path Type: max

Fanout     Cap    Slew   Delay    Time   Description
-----------------------------------------------------------------------------
                 85.70    0.00    0.00 ^ _118062_/CLK (sky130_fd_sc_hd__dfxtp_2)
                  0.06   10.25   10.25 ^ _118062_/Q (sky130_fd_sc_hd__dfxtp_2)
     2    0.01                           ibex_core.core.id_stage_i.controller_i.instr_i[0] (net)
                  0.06    0.00   10.26 ^ _056097_/A (sky130_fd_sc_hd__buf_1)
                  0.13    0.15   10.41 ^ _056097_/X (sky130_fd_sc_hd__buf_1)
     5    0.01                           _009647_ (net)
                  0.13    0.00   10.41 ^ _056131_/D_N (sky130_fd_sc_hd__or4bb_2)
                  0.13    0.62   11.03 v _056131_/X (sky130_fd_sc_hd__or4bb_2)
     5    0.01                           _009681_ (net)
                  0.13    0.00   11.03 v _056443_/B (sky130_fd_sc_hd__or4b_2)
                  0.13    0.75   11.78 v _056443_/X (sky130_fd_sc_hd__or4b_2)
     4    0.01                           _009993_ (net)
                  0.13    0.00   11.78 v _056450_/C1 (sky130_fd_sc_hd__o211a_2)
                  0.04    0.16   11.94 v _056450_/X (sky130_fd_sc_hd__o211a_2)
     2    0.00                           _010000_ (net)
                  0.04    0.00   11.94 v _056454_/A_N (sky130_fd_sc_hd__and2b_2)
                  0.06    0.23   12.18 ^ _056454_/X (sky130_fd_sc_hd__and2b_2)
     4    0.01                           _010004_ (net)
                  0.06    0.00   12.18 ^ _056803_/C_N (sky130_fd_sc_hd__or3b_2)
                  0.07    0.45   12.63 v _056803_/X (sky130_fd_sc_hd__or3b_2)
     1    0.00                           _010353_ (net)
                  0.07    0.00   12.64 v _056806_/B1 (sky130_fd_sc_hd__a22o_2)
                  0.06    0.25   12.89 v _056806_/X (sky130_fd_sc_hd__a22o_2)
     4    0.01                           _010356_ (net)
                  0.06    0.00   12.89 v _056808_/A2 (sky130_fd_sc_hd__o211a_2)
                  0.05    0.26   13.15 v _056808_/X (sky130_fd_sc_hd__o211a_2)
     2    0.00                           _010358_ (net)
                  0.05    0.00   13.15 v _056812_/C (sky130_fd_sc_hd__or4_2)
                  0.11    0.66   13.81 v _056812_/X (sky130_fd_sc_hd__or4_2)
     2    0.01                           _010362_ (net)
                  0.11    0.01   13.81 v _056940_/A1 (sky130_fd_sc_hd__a21oi_2)
                  0.19    0.23   14.04 ^ _056940_/Y (sky130_fd_sc_hd__a21oi_2)
     2    0.01                           _010490_ (net)
                  0.19    0.01   14.05 ^ _056941_/A2 (sky130_fd_sc_hd__o21bai_2)
                  0.07    0.11   14.15 v _056941_/Y (sky130_fd_sc_hd__o21bai_2)
     2    0.01                           _010491_ (net)
                  0.07    0.00   14.16 v _056943_/A2 (sky130_fd_sc_hd__a21o_2)
                  0.06    0.25   14.40 v _056943_/X (sky130_fd_sc_hd__a21o_2)
     2    0.01                           _010493_ (net)
                  0.06    0.00   14.41 v _056945_/A2 (sky130_fd_sc_hd__a21o_2)
                  0.06    0.24   14.65 v _056945_/X (sky130_fd_sc_hd__a21o_2)
     2    0.01                           _010495_ (net)
                  0.06    0.00   14.65 v _056946_/A2 (sky130_fd_sc_hd__a21o_2)
                  0.06    0.24   14.89 v _056946_/X (sky130_fd_sc_hd__a21o_2)
     2    0.01                           _010496_ (net)
                  0.06    0.00   14.90 v _057291_/A2 (sky130_fd_sc_hd__a21bo_2)
                  0.06    0.25   15.14 v _057291_/X (sky130_fd_sc_hd__a21bo_2)
     2    0.01                           _010837_ (net)
                  0.06    0.00   15.15 v _058897_/A1 (sky130_fd_sc_hd__a21o_2)
                  0.06    0.22   15.36 v _058897_/X (sky130_fd_sc_hd__a21o_2)
     2    0.01                           _012441_ (net)
                  0.06    0.00   15.37 v _058899_/A2 (sky130_fd_sc_hd__a21o_2)
                  0.06    0.24   15.61 v _058899_/X (sky130_fd_sc_hd__a21o_2)
     2    0.01                           _012443_ (net)
                  0.06    0.00   15.61 v _058901_/A2 (sky130_fd_sc_hd__a21bo_2)
                  0.06    0.24   15.86 v _058901_/X (sky130_fd_sc_hd__a21bo_2)
     2    0.01                           _012445_ (net)
                  0.06    0.00   15.86 v _058903_/A2 (sky130_fd_sc_hd__a21o_2)
                  0.06    0.24   16.10 v _058903_/X (sky130_fd_sc_hd__a21o_2)
     2    0.01                           _012447_ (net)
                  0.06    0.00   16.11 v _058904_/A2 (sky130_fd_sc_hd__a21o_2)
                  0.06    0.24   16.35 v _058904_/X (sky130_fd_sc_hd__a21o_2)
     2    0.01                           _012448_ (net)
                  0.06    0.00   16.35 v _058906_/A2 (sky130_fd_sc_hd__a21bo_2)
                  0.06    0.24   16.60 v _058906_/X (sky130_fd_sc_hd__a21bo_2)
     2    0.01                           _012450_ (net)
                  0.06    0.00   16.60 v _058907_/A2 (sky130_fd_sc_hd__a21o_2)
                  0.06    0.24   16.84 v _058907_/X (sky130_fd_sc_hd__a21o_2)
     2    0.01                           _012451_ (net)
                  0.06    0.00   16.84 v _058909_/A2 (sky130_fd_sc_hd__a21o_2)
                  0.06    0.24   17.09 v _058909_/X (sky130_fd_sc_hd__a21o_2)
     2    0.01                           _012453_ (net)
                  0.06    0.00   17.09 v _058910_/A2 (sky130_fd_sc_hd__a21o_2)
                  0.06    0.25   17.34 v _058910_/X (sky130_fd_sc_hd__a21o_2)
     2    0.01                           _012454_ (net)
                  0.06    0.01   17.34 v _058911_/A2 (sky130_fd_sc_hd__a21oi_2)
                  0.17    0.20   17.54 ^ _058911_/Y (sky130_fd_sc_hd__a21oi_2)
     2    0.01                           _012455_ (net)
                  0.17    0.00   17.55 ^ _058912_/B (sky130_fd_sc_hd__and2_2)
                  0.05    0.19   17.73 ^ _058912_/X (sky130_fd_sc_hd__and2_2)
     2    0.01                           _012456_ (net)
                  0.05    0.00   17.73 ^ _058913_/C (sky130_fd_sc_hd__or3_2)
                  0.03    0.11   17.84 ^ _058913_/X (sky130_fd_sc_hd__or3_2)
     2    0.00                           _012457_ (net)
                  0.03    0.00   17.84 ^ _058914_/B1_N (sky130_fd_sc_hd__a21boi_2)
                  0.19    0.22   18.06 ^ _058914_/Y (sky130_fd_sc_hd__a21boi_2)
     2    0.01                           _012458_ (net)
                  0.19    0.01   18.07 ^ _058915_/A2 (sky130_fd_sc_hd__o21bai_2)
                  0.08    0.11   18.18 v _058915_/Y (sky130_fd_sc_hd__o21bai_2)
     2    0.01                           _012459_ (net)
                  0.08    0.01   18.19 v _058917_/A2 (sky130_fd_sc_hd__a21oi_2)
                  0.20    0.23   18.42 ^ _058917_/Y (sky130_fd_sc_hd__a21oi_2)
     2    0.01                           _012461_ (net)
                  0.20    0.01   18.43 ^ _058919_/A2 (sky130_fd_sc_hd__o21ai_2)
                  0.08    0.11   18.53 v _058919_/Y (sky130_fd_sc_hd__o21ai_2)
     2    0.01                           _012463_ (net)
                  0.08    0.01   18.54 v _058920_/A2 (sky130_fd_sc_hd__a21boi_2)
                  0.12    0.17   18.71 ^ _058920_/Y (sky130_fd_sc_hd__a21boi_2)
     2    0.01                           _012464_ (net)
                  0.12    0.01   18.72 ^ _058921_/B (sky130_fd_sc_hd__nor2_2)
                  0.05    0.06   18.78 v _058921_/Y (sky130_fd_sc_hd__nor2_2)
     2    0.01                           _012465_ (net)
                  0.05    0.01   18.78 v _058922_/B1 (sky130_fd_sc_hd__a21oi_2)
                  0.19    0.18   18.97 ^ _058922_/Y (sky130_fd_sc_hd__a21oi_2)
     2    0.01                           _012466_ (net)
                  0.19    0.01   18.97 ^ _058923_/B (sky130_fd_sc_hd__nor2_2)
                  0.05    0.05   19.03 v _058923_/Y (sky130_fd_sc_hd__nor2_2)
     1    0.00                           _012467_ (net)
                  0.05    0.01   19.03 v _058924_/B1 (sky130_fd_sc_hd__a21oi_2)
                  0.31    0.27   19.30 ^ _058924_/Y (sky130_fd_sc_hd__a21oi_2)
     3    0.02                           _012468_ (net)
                  0.31    0.01   19.31 ^ _058926_/A2 (sky130_fd_sc_hd__o21ai_2)
                  0.08    0.11   19.42 v _058926_/Y (sky130_fd_sc_hd__o21ai_2)
     2    0.01                           _012470_ (net)
                  0.08    0.00   19.42 v _059130_/B (sky130_fd_sc_hd__and2b_2)
                  0.04    0.22   19.64 v _059130_/X (sky130_fd_sc_hd__and2b_2)
     1    0.00                           _012674_ (net)
                  0.04    0.01   19.65 v _059131_/B1 (sky130_fd_sc_hd__a21oi_2)
                  0.20    0.18   19.83 ^ _059131_/Y (sky130_fd_sc_hd__a21oi_2)
     2    0.01                           _012675_ (net)
                  0.20    0.01   19.84 ^ _059133_/A2 (sky130_fd_sc_hd__o21ai_2)
                  0.06    0.10   19.93 v _059133_/Y (sky130_fd_sc_hd__o21ai_2)
     2    0.01                           _012677_ (net)
                  0.06    0.00   19.93 v _059226_/B (sky130_fd_sc_hd__and2b_2)
                  0.04    0.21   20.14 v _059226_/X (sky130_fd_sc_hd__and2b_2)
     1    0.00                           _012770_ (net)
                  0.04    0.01   20.15 v _059227_/B1 (sky130_fd_sc_hd__a21oi_2)
                  0.20    0.18   20.34 ^ _059227_/Y (sky130_fd_sc_hd__a21oi_2)
     2    0.01                           _012771_ (net)
                  0.20    0.01   20.34 ^ _059229_/A2 (sky130_fd_sc_hd__o21bai_2)
                  0.07    0.10   20.44 v _059229_/Y (sky130_fd_sc_hd__o21bai_2)
     1    0.01                           _012773_ (net)
                  0.08    0.02   20.46 v _059291_/A (sky130_fd_sc_hd__xnor2_2)
                  0.07    0.16   20.62 v _059291_/Y (sky130_fd_sc_hd__xnor2_2)
     4    0.01                           _012835_ (net)
                  0.07    0.00   20.63 v _059295_/A2 (sky130_fd_sc_hd__a21o_2)
                  0.03    0.22   20.84 v _059295_/X (sky130_fd_sc_hd__a21o_2)
     1    0.00                           _012839_ (net)
                  0.03    0.00   20.84 v _059296_/B (sky130_fd_sc_hd__and2_2)
                  0.04    0.19   21.04 v _059296_/X (sky130_fd_sc_hd__and2_2)
     2    0.00                           _012840_ (net)
                  0.04    0.00   21.04 v _059297_/B1 (sky130_fd_sc_hd__a21o_2)
                  0.06    0.21   21.25 v _059297_/X (sky130_fd_sc_hd__a21o_2)
     2    0.01                           _012841_ (net)
                  0.06    0.00   21.25 v _059298_/A0 (sky130_fd_sc_hd__mux2_2)
                  0.06    0.29   21.54 v _059298_/X (sky130_fd_sc_hd__mux2_2)
     2    0.01                           _012842_ (net)
                  0.06    0.01   21.55 v _059299_/B1 (sky130_fd_sc_hd__a22oi_2)
                  0.19    0.18   21.72 ^ _059299_/Y (sky130_fd_sc_hd__a22oi_2)
     2    0.01                           _012843_ (net)
                  0.19    0.01   21.73 ^ _059300_/B (sky130_fd_sc_hd__nand2_2)
                  0.06    0.08   21.81 v _059300_/Y (sky130_fd_sc_hd__nand2_2)
     2    0.01                           _012844_ (net)
                  0.06    0.00   21.81 v _060017_/A (sky130_fd_sc_hd__or3_2)
                  0.09    0.51   22.32 v _060017_/X (sky130_fd_sc_hd__or3_2)
     3    0.01                           _013503_ (net)
                  0.09    0.00   22.33 v _061200_/C (sky130_fd_sc_hd__or3_2)
                  0.09    0.46   22.79 v _061200_/X (sky130_fd_sc_hd__or3_2)
     2    0.01                           _014544_ (net)
                  0.09    0.00   22.79 v _061201_/A (sky130_fd_sc_hd__buf_1)
                  0.09    0.16   22.95 v _061201_/X (sky130_fd_sc_hd__buf_1)
     5    0.01                           _014545_ (net)
                  0.09    0.01   22.96 v _061202_/B (sky130_fd_sc_hd__nor2_2)
                  0.11    0.12   23.08 ^ _061202_/Y (sky130_fd_sc_hd__nor2_2)
     3    0.01                           _014546_ (net)
                  0.11    0.00   23.08 ^ _061221_/A (sky130_fd_sc_hd__buf_1)
                  0.22    0.23   23.31 ^ _061221_/X (sky130_fd_sc_hd__buf_1)
     5    0.02                           _014557_ (net)
                  0.22    0.00   23.32 ^ _061228_/S (sky130_fd_sc_hd__mux2_2)
                  0.05    0.37   23.69 v _061228_/X (sky130_fd_sc_hd__mux2_2)
     1    0.00                           _014561_ (net)
                  0.05    0.00   23.70 v _061229_/A (sky130_fd_sc_hd__buf_1)
                  0.23    0.22   23.91 v _061229_/X (sky130_fd_sc_hd__buf_1)
     1    0.03                           SRAMADDR_Sys0_S1[11] (net)
                  0.23    0.00   23.91 v SRAMADDR_Sys0_S1[11] (out)
                                 23.91   data arrival time

                  0.00   10.00   10.00   clock clk (rise edge)
                          0.00   10.00   clock network delay (ideal)
                         -0.25    9.75   clock uncertainty
                          0.00    9.75   clock reconvergence pessimism
                         -2.00    7.75   output external delay
                                  7.75   data required time
-----------------------------------------------------------------------------
                                  7.75   data required time
                                -23.91   data arrival time
-----------------------------------------------------------------------------
                                -16.16   slack (VIOLATED)


Startpoint: _118062_ (rising edge-triggered flip-flop)
Endpoint: SRAMADDR_Sys0_S1[3] (output port clocked by clk)
Path Group: clk
Path Type: max

Fanout     Cap    Slew   Delay    Time   Description
-----------------------------------------------------------------------------
                 85.70    0.00    0.00 ^ _118062_/CLK (sky130_fd_sc_hd__dfxtp_2)
                  0.06   10.25   10.25 ^ _118062_/Q (sky130_fd_sc_hd__dfxtp_2)
     2    0.01                           ibex_core.core.id_stage_i.controller_i.instr_i[0] (net)
                  0.06    0.00   10.26 ^ _056097_/A (sky130_fd_sc_hd__buf_1)
                  0.13    0.15   10.41 ^ _056097_/X (sky130_fd_sc_hd__buf_1)
     5    0.01                           _009647_ (net)
                  0.13    0.00   10.41 ^ _056131_/D_N (sky130_fd_sc_hd__or4bb_2)
                  0.13    0.62   11.03 v _056131_/X (sky130_fd_sc_hd__or4bb_2)
     5    0.01                           _009681_ (net)
                  0.13    0.00   11.03 v _056443_/B (sky130_fd_sc_hd__or4b_2)
                  0.13    0.75   11.78 v _056443_/X (sky130_fd_sc_hd__or4b_2)
     4    0.01                           _009993_ (net)
                  0.13    0.00   11.78 v _056450_/C1 (sky130_fd_sc_hd__o211a_2)
                  0.04    0.16   11.94 v _056450_/X (sky130_fd_sc_hd__o211a_2)
     2    0.00                           _010000_ (net)
                  0.04    0.00   11.94 v _056454_/A_N (sky130_fd_sc_hd__and2b_2)
                  0.06    0.23   12.18 ^ _056454_/X (sky130_fd_sc_hd__and2b_2)
     4    0.01                           _010004_ (net)
                  0.06    0.00   12.18 ^ _056803_/C_N (sky130_fd_sc_hd__or3b_2)
                  0.07    0.45   12.63 v _056803_/X (sky130_fd_sc_hd__or3b_2)
     1    0.00                           _010353_ (net)
                  0.07    0.00   12.64 v _056806_/B1 (sky130_fd_sc_hd__a22o_2)
                  0.06    0.25   12.89 v _056806_/X (sky130_fd_sc_hd__a22o_2)
     4    0.01                           _010356_ (net)
                  0.06    0.00   12.89 v _056808_/A2 (sky130_fd_sc_hd__o211a_2)
                  0.05    0.26   13.15 v _056808_/X (sky130_fd_sc_hd__o211a_2)
     2    0.00                           _010358_ (net)
                  0.05    0.00   13.15 v _056812_/C (sky130_fd_sc_hd__or4_2)
                  0.11    0.66   13.81 v _056812_/X (sky130_fd_sc_hd__or4_2)
     2    0.01                           _010362_ (net)
                  0.11    0.01   13.81 v _056940_/A1 (sky130_fd_sc_hd__a21oi_2)
                  0.19    0.23   14.04 ^ _056940_/Y (sky130_fd_sc_hd__a21oi_2)
     2    0.01                           _010490_ (net)
                  0.19    0.01   14.05 ^ _056941_/A2 (sky130_fd_sc_hd__o21bai_2)
                  0.07    0.11   14.15 v _056941_/Y (sky130_fd_sc_hd__o21bai_2)
     2    0.01                           _010491_ (net)
                  0.07    0.00   14.16 v _056943_/A2 (sky130_fd_sc_hd__a21o_2)
                  0.06    0.25   14.40 v _056943_/X (sky130_fd_sc_hd__a21o_2)
     2    0.01                           _010493_ (net)
                  0.06    0.00   14.41 v _056945_/A2 (sky130_fd_sc_hd__a21o_2)
                  0.06    0.24   14.65 v _056945_/X (sky130_fd_sc_hd__a21o_2)
     2    0.01                           _010495_ (net)
                  0.06    0.00   14.65 v _056946_/A2 (sky130_fd_sc_hd__a21o_2)
                  0.06    0.24   14.89 v _056946_/X (sky130_fd_sc_hd__a21o_2)
     2    0.01                           _010496_ (net)
                  0.06    0.00   14.90 v _057291_/A2 (sky130_fd_sc_hd__a21bo_2)
                  0.06    0.25   15.14 v _057291_/X (sky130_fd_sc_hd__a21bo_2)
     2    0.01                           _010837_ (net)
                  0.06    0.00   15.15 v _058897_/A1 (sky130_fd_sc_hd__a21o_2)
                  0.06    0.22   15.36 v _058897_/X (sky130_fd_sc_hd__a21o_2)
     2    0.01                           _012441_ (net)
                  0.06    0.00   15.37 v _058899_/A2 (sky130_fd_sc_hd__a21o_2)
                  0.06    0.24   15.61 v _058899_/X (sky130_fd_sc_hd__a21o_2)
     2    0.01                           _012443_ (net)
                  0.06    0.00   15.61 v _058901_/A2 (sky130_fd_sc_hd__a21bo_2)
                  0.06    0.24   15.86 v _058901_/X (sky130_fd_sc_hd__a21bo_2)
     2    0.01                           _012445_ (net)
                  0.06    0.00   15.86 v _058903_/A2 (sky130_fd_sc_hd__a21o_2)
                  0.06    0.24   16.10 v _058903_/X (sky130_fd_sc_hd__a21o_2)
     2    0.01                           _012447_ (net)
                  0.06    0.00   16.11 v _058904_/A2 (sky130_fd_sc_hd__a21o_2)
                  0.06    0.24   16.35 v _058904_/X (sky130_fd_sc_hd__a21o_2)
     2    0.01                           _012448_ (net)
                  0.06    0.00   16.35 v _058906_/A2 (sky130_fd_sc_hd__a21bo_2)
                  0.06    0.24   16.60 v _058906_/X (sky130_fd_sc_hd__a21bo_2)
     2    0.01                           _012450_ (net)
                  0.06    0.00   16.60 v _058907_/A2 (sky130_fd_sc_hd__a21o_2)
                  0.06    0.24   16.84 v _058907_/X (sky130_fd_sc_hd__a21o_2)
     2    0.01                           _012451_ (net)
                  0.06    0.00   16.84 v _058909_/A2 (sky130_fd_sc_hd__a21o_2)
                  0.06    0.24   17.09 v _058909_/X (sky130_fd_sc_hd__a21o_2)
     2    0.01                           _012453_ (net)
                  0.06    0.00   17.09 v _058910_/A2 (sky130_fd_sc_hd__a21o_2)
                  0.06    0.25   17.34 v _058910_/X (sky130_fd_sc_hd__a21o_2)
     2    0.01                           _012454_ (net)
                  0.06    0.01   17.34 v _058911_/A2 (sky130_fd_sc_hd__a21oi_2)
                  0.17    0.20   17.54 ^ _058911_/Y (sky130_fd_sc_hd__a21oi_2)
     2    0.01                           _012455_ (net)
                  0.17    0.00   17.55 ^ _058912_/B (sky130_fd_sc_hd__and2_2)
                  0.05    0.19   17.73 ^ _058912_/X (sky130_fd_sc_hd__and2_2)
     2    0.01                           _012456_ (net)
                  0.05    0.00   17.73 ^ _058913_/C (sky130_fd_sc_hd__or3_2)
                  0.03    0.11   17.84 ^ _058913_/X (sky130_fd_sc_hd__or3_2)
     2    0.00                           _012457_ (net)
                  0.03    0.00   17.84 ^ _058914_/B1_N (sky130_fd_sc_hd__a21boi_2)
                  0.19    0.22   18.06 ^ _058914_/Y (sky130_fd_sc_hd__a21boi_2)
     2    0.01                           _012458_ (net)
                  0.19    0.01   18.07 ^ _058915_/A2 (sky130_fd_sc_hd__o21bai_2)
                  0.08    0.11   18.18 v _058915_/Y (sky130_fd_sc_hd__o21bai_2)
     2    0.01                           _012459_ (net)
                  0.08    0.01   18.19 v _058917_/A2 (sky130_fd_sc_hd__a21oi_2)
                  0.20    0.23   18.42 ^ _058917_/Y (sky130_fd_sc_hd__a21oi_2)
     2    0.01                           _012461_ (net)
                  0.20    0.01   18.43 ^ _058919_/A2 (sky130_fd_sc_hd__o21ai_2)
                  0.08    0.11   18.53 v _058919_/Y (sky130_fd_sc_hd__o21ai_2)
     2    0.01                           _012463_ (net)
                  0.08    0.01   18.54 v _058920_/A2 (sky130_fd_sc_hd__a21boi_2)
                  0.12    0.17   18.71 ^ _058920_/Y (sky130_fd_sc_hd__a21boi_2)
     2    0.01                           _012464_ (net)
                  0.12    0.01   18.72 ^ _058921_/B (sky130_fd_sc_hd__nor2_2)
                  0.05    0.06   18.78 v _058921_/Y (sky130_fd_sc_hd__nor2_2)
     2    0.01                           _012465_ (net)
                  0.05    0.01   18.78 v _058922_/B1 (sky130_fd_sc_hd__a21oi_2)
                  0.19    0.18   18.97 ^ _058922_/Y (sky130_fd_sc_hd__a21oi_2)
     2    0.01                           _012466_ (net)
                  0.19    0.01   18.97 ^ _058923_/B (sky130_fd_sc_hd__nor2_2)
                  0.05    0.05   19.03 v _058923_/Y (sky130_fd_sc_hd__nor2_2)
     1    0.00                           _012467_ (net)
                  0.05    0.01   19.03 v _058924_/B1 (sky130_fd_sc_hd__a21oi_2)
                  0.31    0.27   19.30 ^ _058924_/Y (sky130_fd_sc_hd__a21oi_2)
     3    0.02                           _012468_ (net)
                  0.31    0.01   19.31 ^ _058926_/A2 (sky130_fd_sc_hd__o21ai_2)
                  0.08    0.11   19.42 v _058926_/Y (sky130_fd_sc_hd__o21ai_2)
     2    0.01                           _012470_ (net)
                  0.08    0.00   19.42 v _059130_/B (sky130_fd_sc_hd__and2b_2)
                  0.04    0.22   19.64 v _059130_/X (sky130_fd_sc_hd__and2b_2)
     1    0.00                           _012674_ (net)
                  0.04    0.01   19.65 v _059131_/B1 (sky130_fd_sc_hd__a21oi_2)
                  0.20    0.18   19.83 ^ _059131_/Y (sky130_fd_sc_hd__a21oi_2)
     2    0.01                           _012675_ (net)
                  0.20    0.01   19.84 ^ _059133_/A2 (sky130_fd_sc_hd__o21ai_2)
                  0.06    0.10   19.93 v _059133_/Y (sky130_fd_sc_hd__o21ai_2)
     2    0.01                           _012677_ (net)
                  0.06    0.00   19.93 v _059226_/B (sky130_fd_sc_hd__and2b_2)
                  0.04    0.21   20.14 v _059226_/X (sky130_fd_sc_hd__and2b_2)
     1    0.00                           _012770_ (net)
                  0.04    0.01   20.15 v _059227_/B1 (sky130_fd_sc_hd__a21oi_2)
                  0.20    0.18   20.34 ^ _059227_/Y (sky130_fd_sc_hd__a21oi_2)
     2    0.01                           _012771_ (net)
                  0.20    0.01   20.34 ^ _059229_/A2 (sky130_fd_sc_hd__o21bai_2)
                  0.07    0.10   20.44 v _059229_/Y (sky130_fd_sc_hd__o21bai_2)
     1    0.01                           _012773_ (net)
                  0.08    0.02   20.46 v _059291_/A (sky130_fd_sc_hd__xnor2_2)
                  0.07    0.16   20.62 v _059291_/Y (sky130_fd_sc_hd__xnor2_2)
     4    0.01                           _012835_ (net)
                  0.07    0.00   20.63 v _059295_/A2 (sky130_fd_sc_hd__a21o_2)
                  0.03    0.22   20.84 v _059295_/X (sky130_fd_sc_hd__a21o_2)
     1    0.00                           _012839_ (net)
                  0.03    0.00   20.84 v _059296_/B (sky130_fd_sc_hd__and2_2)
                  0.04    0.19   21.04 v _059296_/X (sky130_fd_sc_hd__and2_2)
     2    0.00                           _012840_ (net)
                  0.04    0.00   21.04 v _059297_/B1 (sky130_fd_sc_hd__a21o_2)
                  0.06    0.21   21.25 v _059297_/X (sky130_fd_sc_hd__a21o_2)
     2    0.01                           _012841_ (net)
                  0.06    0.00   21.25 v _059298_/A0 (sky130_fd_sc_hd__mux2_2)
                  0.06    0.29   21.54 v _059298_/X (sky130_fd_sc_hd__mux2_2)
     2    0.01                           _012842_ (net)
                  0.06    0.01   21.55 v _059299_/B1 (sky130_fd_sc_hd__a22oi_2)
                  0.19    0.18   21.72 ^ _059299_/Y (sky130_fd_sc_hd__a22oi_2)
     2    0.01                           _012843_ (net)
                  0.19    0.01   21.73 ^ _059300_/B (sky130_fd_sc_hd__nand2_2)
                  0.06    0.08   21.81 v _059300_/Y (sky130_fd_sc_hd__nand2_2)
     2    0.01                           _012844_ (net)
                  0.06    0.00   21.81 v _060017_/A (sky130_fd_sc_hd__or3_2)
                  0.09    0.51   22.32 v _060017_/X (sky130_fd_sc_hd__or3_2)
     3    0.01                           _013503_ (net)
                  0.09    0.00   22.33 v _061200_/C (sky130_fd_sc_hd__or3_2)
                  0.09    0.46   22.79 v _061200_/X (sky130_fd_sc_hd__or3_2)
     2    0.01                           _014544_ (net)
                  0.09    0.00   22.79 v _061201_/A (sky130_fd_sc_hd__buf_1)
                  0.09    0.16   22.95 v _061201_/X (sky130_fd_sc_hd__buf_1)
     5    0.01                           _014545_ (net)
                  0.09    0.01   22.96 v _061202_/B (sky130_fd_sc_hd__nor2_2)
                  0.11    0.12   23.08 ^ _061202_/Y (sky130_fd_sc_hd__nor2_2)
     3    0.01                           _014546_ (net)
                  0.11    0.00   23.08 ^ _061210_/A (sky130_fd_sc_hd__buf_1)
                  0.22    0.23   23.31 ^ _061210_/X (sky130_fd_sc_hd__buf_1)
     5    0.02                           _014551_ (net)
                  0.22    0.00   23.32 ^ _061211_/S (sky130_fd_sc_hd__mux2_2)
                  0.05    0.37   23.69 v _061211_/X (sky130_fd_sc_hd__mux2_2)
     1    0.00                           _014552_ (net)
                  0.05    0.00   23.70 v _061212_/A (sky130_fd_sc_hd__buf_1)
                  0.23    0.22   23.91 v _061212_/X (sky130_fd_sc_hd__buf_1)
     1    0.03                           SRAMADDR_Sys0_S1[3] (net)
                  0.23    0.00   23.91 v SRAMADDR_Sys0_S1[3] (out)
                                 23.91   data arrival time

                  0.00   10.00   10.00   clock clk (rise edge)
                          0.00   10.00   clock network delay (ideal)
                         -0.25    9.75   clock uncertainty
                          0.00    9.75   clock reconvergence pessimism
                         -2.00    7.75   output external delay
                                  7.75   data required time
-----------------------------------------------------------------------------
                                  7.75   data required time
                                -23.91   data arrival time
-----------------------------------------------------------------------------
                                -16.16   slack (VIOLATED)


Startpoint: _118062_ (rising edge-triggered flip-flop)
Endpoint: SRAMADDR_Sys0_S1[4] (output port clocked by clk)
Path Group: clk
Path Type: max

Fanout     Cap    Slew   Delay    Time   Description
-----------------------------------------------------------------------------
                 85.70    0.00    0.00 ^ _118062_/CLK (sky130_fd_sc_hd__dfxtp_2)
                  0.06   10.25   10.25 ^ _118062_/Q (sky130_fd_sc_hd__dfxtp_2)
     2    0.01                           ibex_core.core.id_stage_i.controller_i.instr_i[0] (net)
                  0.06    0.00   10.26 ^ _056097_/A (sky130_fd_sc_hd__buf_1)
                  0.13    0.15   10.41 ^ _056097_/X (sky130_fd_sc_hd__buf_1)
     5    0.01                           _009647_ (net)
                  0.13    0.00   10.41 ^ _056131_/D_N (sky130_fd_sc_hd__or4bb_2)
                  0.13    0.62   11.03 v _056131_/X (sky130_fd_sc_hd__or4bb_2)
     5    0.01                           _009681_ (net)
                  0.13    0.00   11.03 v _056443_/B (sky130_fd_sc_hd__or4b_2)
                  0.13    0.75   11.78 v _056443_/X (sky130_fd_sc_hd__or4b_2)
     4    0.01                           _009993_ (net)
                  0.13    0.00   11.78 v _056450_/C1 (sky130_fd_sc_hd__o211a_2)
                  0.04    0.16   11.94 v _056450_/X (sky130_fd_sc_hd__o211a_2)
     2    0.00                           _010000_ (net)
                  0.04    0.00   11.94 v _056454_/A_N (sky130_fd_sc_hd__and2b_2)
                  0.06    0.23   12.18 ^ _056454_/X (sky130_fd_sc_hd__and2b_2)
     4    0.01                           _010004_ (net)
                  0.06    0.00   12.18 ^ _056803_/C_N (sky130_fd_sc_hd__or3b_2)
                  0.07    0.45   12.63 v _056803_/X (sky130_fd_sc_hd__or3b_2)
     1    0.00                           _010353_ (net)
                  0.07    0.00   12.64 v _056806_/B1 (sky130_fd_sc_hd__a22o_2)
                  0.06    0.25   12.89 v _056806_/X (sky130_fd_sc_hd__a22o_2)
     4    0.01                           _010356_ (net)
                  0.06    0.00   12.89 v _056808_/A2 (sky130_fd_sc_hd__o211a_2)
                  0.05    0.26   13.15 v _056808_/X (sky130_fd_sc_hd__o211a_2)
     2    0.00                           _010358_ (net)
                  0.05    0.00   13.15 v _056812_/C (sky130_fd_sc_hd__or4_2)
                  0.11    0.66   13.81 v _056812_/X (sky130_fd_sc_hd__or4_2)
     2    0.01                           _010362_ (net)
                  0.11    0.01   13.81 v _056940_/A1 (sky130_fd_sc_hd__a21oi_2)
                  0.19    0.23   14.04 ^ _056940_/Y (sky130_fd_sc_hd__a21oi_2)
     2    0.01                           _010490_ (net)
                  0.19    0.01   14.05 ^ _056941_/A2 (sky130_fd_sc_hd__o21bai_2)
                  0.07    0.11   14.15 v _056941_/Y (sky130_fd_sc_hd__o21bai_2)
     2    0.01                           _010491_ (net)
                  0.07    0.00   14.16 v _056943_/A2 (sky130_fd_sc_hd__a21o_2)
                  0.06    0.25   14.40 v _056943_/X (sky130_fd_sc_hd__a21o_2)
     2    0.01                           _010493_ (net)
                  0.06    0.00   14.41 v _056945_/A2 (sky130_fd_sc_hd__a21o_2)
                  0.06    0.24   14.65 v _056945_/X (sky130_fd_sc_hd__a21o_2)
     2    0.01                           _010495_ (net)
                  0.06    0.00   14.65 v _056946_/A2 (sky130_fd_sc_hd__a21o_2)
                  0.06    0.24   14.89 v _056946_/X (sky130_fd_sc_hd__a21o_2)
     2    0.01                           _010496_ (net)
                  0.06    0.00   14.90 v _057291_/A2 (sky130_fd_sc_hd__a21bo_2)
                  0.06    0.25   15.14 v _057291_/X (sky130_fd_sc_hd__a21bo_2)
     2    0.01                           _010837_ (net)
                  0.06    0.00   15.15 v _058897_/A1 (sky130_fd_sc_hd__a21o_2)
                  0.06    0.22   15.36 v _058897_/X (sky130_fd_sc_hd__a21o_2)
     2    0.01                           _012441_ (net)
                  0.06    0.00   15.37 v _058899_/A2 (sky130_fd_sc_hd__a21o_2)
                  0.06    0.24   15.61 v _058899_/X (sky130_fd_sc_hd__a21o_2)
     2    0.01                           _012443_ (net)
                  0.06    0.00   15.61 v _058901_/A2 (sky130_fd_sc_hd__a21bo_2)
                  0.06    0.24   15.86 v _058901_/X (sky130_fd_sc_hd__a21bo_2)
     2    0.01                           _012445_ (net)
                  0.06    0.00   15.86 v _058903_/A2 (sky130_fd_sc_hd__a21o_2)
                  0.06    0.24   16.10 v _058903_/X (sky130_fd_sc_hd__a21o_2)
     2    0.01                           _012447_ (net)
                  0.06    0.00   16.11 v _058904_/A2 (sky130_fd_sc_hd__a21o_2)
                  0.06    0.24   16.35 v _058904_/X (sky130_fd_sc_hd__a21o_2)
     2    0.01                           _012448_ (net)
                  0.06    0.00   16.35 v _058906_/A2 (sky130_fd_sc_hd__a21bo_2)
                  0.06    0.24   16.60 v _058906_/X (sky130_fd_sc_hd__a21bo_2)
     2    0.01                           _012450_ (net)
                  0.06    0.00   16.60 v _058907_/A2 (sky130_fd_sc_hd__a21o_2)
                  0.06    0.24   16.84 v _058907_/X (sky130_fd_sc_hd__a21o_2)
     2    0.01                           _012451_ (net)
                  0.06    0.00   16.84 v _058909_/A2 (sky130_fd_sc_hd__a21o_2)
                  0.06    0.24   17.09 v _058909_/X (sky130_fd_sc_hd__a21o_2)
     2    0.01                           _012453_ (net)
                  0.06    0.00   17.09 v _058910_/A2 (sky130_fd_sc_hd__a21o_2)
                  0.06    0.25   17.34 v _058910_/X (sky130_fd_sc_hd__a21o_2)
     2    0.01                           _012454_ (net)
                  0.06    0.01   17.34 v _058911_/A2 (sky130_fd_sc_hd__a21oi_2)
                  0.17    0.20   17.54 ^ _058911_/Y (sky130_fd_sc_hd__a21oi_2)
     2    0.01                           _012455_ (net)
                  0.17    0.00   17.55 ^ _058912_/B (sky130_fd_sc_hd__and2_2)
                  0.05    0.19   17.73 ^ _058912_/X (sky130_fd_sc_hd__and2_2)
     2    0.01                           _012456_ (net)
                  0.05    0.00   17.73 ^ _058913_/C (sky130_fd_sc_hd__or3_2)
                  0.03    0.11   17.84 ^ _058913_/X (sky130_fd_sc_hd__or3_2)
     2    0.00                           _012457_ (net)
                  0.03    0.00   17.84 ^ _058914_/B1_N (sky130_fd_sc_hd__a21boi_2)
                  0.19    0.22   18.06 ^ _058914_/Y (sky130_fd_sc_hd__a21boi_2)
     2    0.01                           _012458_ (net)
                  0.19    0.01   18.07 ^ _058915_/A2 (sky130_fd_sc_hd__o21bai_2)
                  0.08    0.11   18.18 v _058915_/Y (sky130_fd_sc_hd__o21bai_2)
     2    0.01                           _012459_ (net)
                  0.08    0.01   18.19 v _058917_/A2 (sky130_fd_sc_hd__a21oi_2)
                  0.20    0.23   18.42 ^ _058917_/Y (sky130_fd_sc_hd__a21oi_2)
     2    0.01                           _012461_ (net)
                  0.20    0.01   18.43 ^ _058919_/A2 (sky130_fd_sc_hd__o21ai_2)
                  0.08    0.11   18.53 v _058919_/Y (sky130_fd_sc_hd__o21ai_2)
     2    0.01                           _012463_ (net)
                  0.08    0.01   18.54 v _058920_/A2 (sky130_fd_sc_hd__a21boi_2)
                  0.12    0.17   18.71 ^ _058920_/Y (sky130_fd_sc_hd__a21boi_2)
     2    0.01                           _012464_ (net)
                  0.12    0.01   18.72 ^ _058921_/B (sky130_fd_sc_hd__nor2_2)
                  0.05    0.06   18.78 v _058921_/Y (sky130_fd_sc_hd__nor2_2)
     2    0.01                           _012465_ (net)
                  0.05    0.01   18.78 v _058922_/B1 (sky130_fd_sc_hd__a21oi_2)
                  0.19    0.18   18.97 ^ _058922_/Y (sky130_fd_sc_hd__a21oi_2)
     2    0.01                           _012466_ (net)
                  0.19    0.01   18.97 ^ _058923_/B (sky130_fd_sc_hd__nor2_2)
                  0.05    0.05   19.03 v _058923_/Y (sky130_fd_sc_hd__nor2_2)
     1    0.00                           _012467_ (net)
                  0.05    0.01   19.03 v _058924_/B1 (sky130_fd_sc_hd__a21oi_2)
                  0.31    0.27   19.30 ^ _058924_/Y (sky130_fd_sc_hd__a21oi_2)
     3    0.02                           _012468_ (net)
                  0.31    0.01   19.31 ^ _058926_/A2 (sky130_fd_sc_hd__o21ai_2)
                  0.08    0.11   19.42 v _058926_/Y (sky130_fd_sc_hd__o21ai_2)
     2    0.01                           _012470_ (net)
                  0.08    0.00   19.42 v _059130_/B (sky130_fd_sc_hd__and2b_2)
                  0.04    0.22   19.64 v _059130_/X (sky130_fd_sc_hd__and2b_2)
     1    0.00                           _012674_ (net)
                  0.04    0.01   19.65 v _059131_/B1 (sky130_fd_sc_hd__a21oi_2)
                  0.20    0.18   19.83 ^ _059131_/Y (sky130_fd_sc_hd__a21oi_2)
     2    0.01                           _012675_ (net)
                  0.20    0.01   19.84 ^ _059133_/A2 (sky130_fd_sc_hd__o21ai_2)
                  0.06    0.10   19.93 v _059133_/Y (sky130_fd_sc_hd__o21ai_2)
     2    0.01                           _012677_ (net)
                  0.06    0.00   19.93 v _059226_/B (sky130_fd_sc_hd__and2b_2)
                  0.04    0.21   20.14 v _059226_/X (sky130_fd_sc_hd__and2b_2)
     1    0.00                           _012770_ (net)
                  0.04    0.01   20.15 v _059227_/B1 (sky130_fd_sc_hd__a21oi_2)
                  0.20    0.18   20.34 ^ _059227_/Y (sky130_fd_sc_hd__a21oi_2)
     2    0.01                           _012771_ (net)
                  0.20    0.01   20.34 ^ _059229_/A2 (sky130_fd_sc_hd__o21bai_2)
                  0.07    0.10   20.44 v _059229_/Y (sky130_fd_sc_hd__o21bai_2)
     1    0.01                           _012773_ (net)
                  0.08    0.02   20.46 v _059291_/A (sky130_fd_sc_hd__xnor2_2)
                  0.07    0.16   20.62 v _059291_/Y (sky130_fd_sc_hd__xnor2_2)
     4    0.01                           _012835_ (net)
                  0.07    0.00   20.63 v _059295_/A2 (sky130_fd_sc_hd__a21o_2)
                  0.03    0.22   20.84 v _059295_/X (sky130_fd_sc_hd__a21o_2)
     1    0.00                           _012839_ (net)
                  0.03    0.00   20.84 v _059296_/B (sky130_fd_sc_hd__and2_2)
                  0.04    0.19   21.04 v _059296_/X (sky130_fd_sc_hd__and2_2)
     2    0.00                           _012840_ (net)
                  0.04    0.00   21.04 v _059297_/B1 (sky130_fd_sc_hd__a21o_2)
                  0.06    0.21   21.25 v _059297_/X (sky130_fd_sc_hd__a21o_2)
     2    0.01                           _012841_ (net)
                  0.06    0.00   21.25 v _059298_/A0 (sky130_fd_sc_hd__mux2_2)
                  0.06    0.29   21.54 v _059298_/X (sky130_fd_sc_hd__mux2_2)
     2    0.01                           _012842_ (net)
                  0.06    0.01   21.55 v _059299_/B1 (sky130_fd_sc_hd__a22oi_2)
                  0.19    0.18   21.72 ^ _059299_/Y (sky130_fd_sc_hd__a22oi_2)
     2    0.01                           _012843_ (net)
                  0.19    0.01   21.73 ^ _059300_/B (sky130_fd_sc_hd__nand2_2)
                  0.06    0.08   21.81 v _059300_/Y (sky130_fd_sc_hd__nand2_2)
     2    0.01                           _012844_ (net)
                  0.06    0.00   21.81 v _060017_/A (sky130_fd_sc_hd__or3_2)
                  0.09    0.51   22.32 v _060017_/X (sky130_fd_sc_hd__or3_2)
     3    0.01                           _013503_ (net)
                  0.09    0.00   22.33 v _061200_/C (sky130_fd_sc_hd__or3_2)
                  0.09    0.46   22.79 v _061200_/X (sky130_fd_sc_hd__or3_2)
     2    0.01                           _014544_ (net)
                  0.09    0.00   22.79 v _061201_/A (sky130_fd_sc_hd__buf_1)
                  0.09    0.16   22.95 v _061201_/X (sky130_fd_sc_hd__buf_1)
     5    0.01                           _014545_ (net)
                  0.09    0.01   22.96 v _061202_/B (sky130_fd_sc_hd__nor2_2)
                  0.11    0.12   23.08 ^ _061202_/Y (sky130_fd_sc_hd__nor2_2)
     3    0.01                           _014546_ (net)
                  0.11    0.00   23.08 ^ _061210_/A (sky130_fd_sc_hd__buf_1)
                  0.22    0.23   23.31 ^ _061210_/X (sky130_fd_sc_hd__buf_1)
     5    0.02                           _014551_ (net)
                  0.22    0.00   23.32 ^ _061213_/S (sky130_fd_sc_hd__mux2_2)
                  0.05    0.37   23.69 v _061213_/X (sky130_fd_sc_hd__mux2_2)
     1    0.00                           _014553_ (net)
                  0.05    0.00   23.70 v _061214_/A (sky130_fd_sc_hd__buf_1)
                  0.23    0.22   23.91 v _061214_/X (sky130_fd_sc_hd__buf_1)
     1    0.03                           SRAMADDR_Sys0_S1[4] (net)
                  0.23    0.00   23.91 v SRAMADDR_Sys0_S1[4] (out)
                                 23.91   data arrival time

                  0.00   10.00   10.00   clock clk (rise edge)
                          0.00   10.00   clock network delay (ideal)
                         -0.25    9.75   clock uncertainty
                          0.00    9.75   clock reconvergence pessimism
                         -2.00    7.75   output external delay
                                  7.75   data required time
-----------------------------------------------------------------------------
                                  7.75   data required time
                                -23.91   data arrival time
-----------------------------------------------------------------------------
                                -16.16   slack (VIOLATED)


Startpoint: _118062_ (rising edge-triggered flip-flop)
Endpoint: SRAMADDR_Sys0_S1[5] (output port clocked by clk)
Path Group: clk
Path Type: max

Fanout     Cap    Slew   Delay    Time   Description
-----------------------------------------------------------------------------
                 85.70    0.00    0.00 ^ _118062_/CLK (sky130_fd_sc_hd__dfxtp_2)
                  0.06   10.25   10.25 ^ _118062_/Q (sky130_fd_sc_hd__dfxtp_2)
     2    0.01                           ibex_core.core.id_stage_i.controller_i.instr_i[0] (net)
                  0.06    0.00   10.26 ^ _056097_/A (sky130_fd_sc_hd__buf_1)
                  0.13    0.15   10.41 ^ _056097_/X (sky130_fd_sc_hd__buf_1)
     5    0.01                           _009647_ (net)
                  0.13    0.00   10.41 ^ _056131_/D_N (sky130_fd_sc_hd__or4bb_2)
                  0.13    0.62   11.03 v _056131_/X (sky130_fd_sc_hd__or4bb_2)
     5    0.01                           _009681_ (net)
                  0.13    0.00   11.03 v _056443_/B (sky130_fd_sc_hd__or4b_2)
                  0.13    0.75   11.78 v _056443_/X (sky130_fd_sc_hd__or4b_2)
     4    0.01                           _009993_ (net)
                  0.13    0.00   11.78 v _056450_/C1 (sky130_fd_sc_hd__o211a_2)
                  0.04    0.16   11.94 v _056450_/X (sky130_fd_sc_hd__o211a_2)
     2    0.00                           _010000_ (net)
                  0.04    0.00   11.94 v _056454_/A_N (sky130_fd_sc_hd__and2b_2)
                  0.06    0.23   12.18 ^ _056454_/X (sky130_fd_sc_hd__and2b_2)
     4    0.01                           _010004_ (net)
                  0.06    0.00   12.18 ^ _056803_/C_N (sky130_fd_sc_hd__or3b_2)
                  0.07    0.45   12.63 v _056803_/X (sky130_fd_sc_hd__or3b_2)
     1    0.00                           _010353_ (net)
                  0.07    0.00   12.64 v _056806_/B1 (sky130_fd_sc_hd__a22o_2)
                  0.06    0.25   12.89 v _056806_/X (sky130_fd_sc_hd__a22o_2)
     4    0.01                           _010356_ (net)
                  0.06    0.00   12.89 v _056808_/A2 (sky130_fd_sc_hd__o211a_2)
                  0.05    0.26   13.15 v _056808_/X (sky130_fd_sc_hd__o211a_2)
     2    0.00                           _010358_ (net)
                  0.05    0.00   13.15 v _056812_/C (sky130_fd_sc_hd__or4_2)
                  0.11    0.66   13.81 v _056812_/X (sky130_fd_sc_hd__or4_2)
     2    0.01                           _010362_ (net)
                  0.11    0.01   13.81 v _056940_/A1 (sky130_fd_sc_hd__a21oi_2)
                  0.19    0.23   14.04 ^ _056940_/Y (sky130_fd_sc_hd__a21oi_2)
     2    0.01                           _010490_ (net)
                  0.19    0.01   14.05 ^ _056941_/A2 (sky130_fd_sc_hd__o21bai_2)
                  0.07    0.11   14.15 v _056941_/Y (sky130_fd_sc_hd__o21bai_2)
     2    0.01                           _010491_ (net)
                  0.07    0.00   14.16 v _056943_/A2 (sky130_fd_sc_hd__a21o_2)
                  0.06    0.25   14.40 v _056943_/X (sky130_fd_sc_hd__a21o_2)
     2    0.01                           _010493_ (net)
                  0.06    0.00   14.41 v _056945_/A2 (sky130_fd_sc_hd__a21o_2)
                  0.06    0.24   14.65 v _056945_/X (sky130_fd_sc_hd__a21o_2)
     2    0.01                           _010495_ (net)
                  0.06    0.00   14.65 v _056946_/A2 (sky130_fd_sc_hd__a21o_2)
                  0.06    0.24   14.89 v _056946_/X (sky130_fd_sc_hd__a21o_2)
     2    0.01                           _010496_ (net)
                  0.06    0.00   14.90 v _057291_/A2 (sky130_fd_sc_hd__a21bo_2)
                  0.06    0.25   15.14 v _057291_/X (sky130_fd_sc_hd__a21bo_2)
     2    0.01                           _010837_ (net)
                  0.06    0.00   15.15 v _058897_/A1 (sky130_fd_sc_hd__a21o_2)
                  0.06    0.22   15.36 v _058897_/X (sky130_fd_sc_hd__a21o_2)
     2    0.01                           _012441_ (net)
                  0.06    0.00   15.37 v _058899_/A2 (sky130_fd_sc_hd__a21o_2)
                  0.06    0.24   15.61 v _058899_/X (sky130_fd_sc_hd__a21o_2)
     2    0.01                           _012443_ (net)
                  0.06    0.00   15.61 v _058901_/A2 (sky130_fd_sc_hd__a21bo_2)
                  0.06    0.24   15.86 v _058901_/X (sky130_fd_sc_hd__a21bo_2)
     2    0.01                           _012445_ (net)
                  0.06    0.00   15.86 v _058903_/A2 (sky130_fd_sc_hd__a21o_2)
                  0.06    0.24   16.10 v _058903_/X (sky130_fd_sc_hd__a21o_2)
     2    0.01                           _012447_ (net)
                  0.06    0.00   16.11 v _058904_/A2 (sky130_fd_sc_hd__a21o_2)
                  0.06    0.24   16.35 v _058904_/X (sky130_fd_sc_hd__a21o_2)
     2    0.01                           _012448_ (net)
                  0.06    0.00   16.35 v _058906_/A2 (sky130_fd_sc_hd__a21bo_2)
                  0.06    0.24   16.60 v _058906_/X (sky130_fd_sc_hd__a21bo_2)
     2    0.01                           _012450_ (net)
                  0.06    0.00   16.60 v _058907_/A2 (sky130_fd_sc_hd__a21o_2)
                  0.06    0.24   16.84 v _058907_/X (sky130_fd_sc_hd__a21o_2)
     2    0.01                           _012451_ (net)
                  0.06    0.00   16.84 v _058909_/A2 (sky130_fd_sc_hd__a21o_2)
                  0.06    0.24   17.09 v _058909_/X (sky130_fd_sc_hd__a21o_2)
     2    0.01                           _012453_ (net)
                  0.06    0.00   17.09 v _058910_/A2 (sky130_fd_sc_hd__a21o_2)
                  0.06    0.25   17.34 v _058910_/X (sky130_fd_sc_hd__a21o_2)
     2    0.01                           _012454_ (net)
                  0.06    0.01   17.34 v _058911_/A2 (sky130_fd_sc_hd__a21oi_2)
                  0.17    0.20   17.54 ^ _058911_/Y (sky130_fd_sc_hd__a21oi_2)
     2    0.01                           _012455_ (net)
                  0.17    0.00   17.55 ^ _058912_/B (sky130_fd_sc_hd__and2_2)
                  0.05    0.19   17.73 ^ _058912_/X (sky130_fd_sc_hd__and2_2)
     2    0.01                           _012456_ (net)
                  0.05    0.00   17.73 ^ _058913_/C (sky130_fd_sc_hd__or3_2)
                  0.03    0.11   17.84 ^ _058913_/X (sky130_fd_sc_hd__or3_2)
     2    0.00                           _012457_ (net)
                  0.03    0.00   17.84 ^ _058914_/B1_N (sky130_fd_sc_hd__a21boi_2)
                  0.19    0.22   18.06 ^ _058914_/Y (sky130_fd_sc_hd__a21boi_2)
     2    0.01                           _012458_ (net)
                  0.19    0.01   18.07 ^ _058915_/A2 (sky130_fd_sc_hd__o21bai_2)
                  0.08    0.11   18.18 v _058915_/Y (sky130_fd_sc_hd__o21bai_2)
     2    0.01                           _012459_ (net)
                  0.08    0.01   18.19 v _058917_/A2 (sky130_fd_sc_hd__a21oi_2)
                  0.20    0.23   18.42 ^ _058917_/Y (sky130_fd_sc_hd__a21oi_2)
     2    0.01                           _012461_ (net)
                  0.20    0.01   18.43 ^ _058919_/A2 (sky130_fd_sc_hd__o21ai_2)
                  0.08    0.11   18.53 v _058919_/Y (sky130_fd_sc_hd__o21ai_2)
     2    0.01                           _012463_ (net)
                  0.08    0.01   18.54 v _058920_/A2 (sky130_fd_sc_hd__a21boi_2)
                  0.12    0.17   18.71 ^ _058920_/Y (sky130_fd_sc_hd__a21boi_2)
     2    0.01                           _012464_ (net)
                  0.12    0.01   18.72 ^ _058921_/B (sky130_fd_sc_hd__nor2_2)
                  0.05    0.06   18.78 v _058921_/Y (sky130_fd_sc_hd__nor2_2)
     2    0.01                           _012465_ (net)
                  0.05    0.01   18.78 v _058922_/B1 (sky130_fd_sc_hd__a21oi_2)
                  0.19    0.18   18.97 ^ _058922_/Y (sky130_fd_sc_hd__a21oi_2)
     2    0.01                           _012466_ (net)
                  0.19    0.01   18.97 ^ _058923_/B (sky130_fd_sc_hd__nor2_2)
                  0.05    0.05   19.03 v _058923_/Y (sky130_fd_sc_hd__nor2_2)
     1    0.00                           _012467_ (net)
                  0.05    0.01   19.03 v _058924_/B1 (sky130_fd_sc_hd__a21oi_2)
                  0.31    0.27   19.30 ^ _058924_/Y (sky130_fd_sc_hd__a21oi_2)
     3    0.02                           _012468_ (net)
                  0.31    0.01   19.31 ^ _058926_/A2 (sky130_fd_sc_hd__o21ai_2)
                  0.08    0.11   19.42 v _058926_/Y (sky130_fd_sc_hd__o21ai_2)
     2    0.01                           _012470_ (net)
                  0.08    0.00   19.42 v _059130_/B (sky130_fd_sc_hd__and2b_2)
                  0.04    0.22   19.64 v _059130_/X (sky130_fd_sc_hd__and2b_2)
     1    0.00                           _012674_ (net)
                  0.04    0.01   19.65 v _059131_/B1 (sky130_fd_sc_hd__a21oi_2)
                  0.20    0.18   19.83 ^ _059131_/Y (sky130_fd_sc_hd__a21oi_2)
     2    0.01                           _012675_ (net)
                  0.20    0.01   19.84 ^ _059133_/A2 (sky130_fd_sc_hd__o21ai_2)
                  0.06    0.10   19.93 v _059133_/Y (sky130_fd_sc_hd__o21ai_2)
     2    0.01                           _012677_ (net)
                  0.06    0.00   19.93 v _059226_/B (sky130_fd_sc_hd__and2b_2)
                  0.04    0.21   20.14 v _059226_/X (sky130_fd_sc_hd__and2b_2)
     1    0.00                           _012770_ (net)
                  0.04    0.01   20.15 v _059227_/B1 (sky130_fd_sc_hd__a21oi_2)
                  0.20    0.18   20.34 ^ _059227_/Y (sky130_fd_sc_hd__a21oi_2)
     2    0.01                           _012771_ (net)
                  0.20    0.01   20.34 ^ _059229_/A2 (sky130_fd_sc_hd__o21bai_2)
                  0.07    0.10   20.44 v _059229_/Y (sky130_fd_sc_hd__o21bai_2)
     1    0.01                           _012773_ (net)
                  0.08    0.02   20.46 v _059291_/A (sky130_fd_sc_hd__xnor2_2)
                  0.07    0.16   20.62 v _059291_/Y (sky130_fd_sc_hd__xnor2_2)
     4    0.01                           _012835_ (net)
                  0.07    0.00   20.63 v _059295_/A2 (sky130_fd_sc_hd__a21o_2)
                  0.03    0.22   20.84 v _059295_/X (sky130_fd_sc_hd__a21o_2)
     1    0.00                           _012839_ (net)
                  0.03    0.00   20.84 v _059296_/B (sky130_fd_sc_hd__and2_2)
                  0.04    0.19   21.04 v _059296_/X (sky130_fd_sc_hd__and2_2)
     2    0.00                           _012840_ (net)
                  0.04    0.00   21.04 v _059297_/B1 (sky130_fd_sc_hd__a21o_2)
                  0.06    0.21   21.25 v _059297_/X (sky130_fd_sc_hd__a21o_2)
     2    0.01                           _012841_ (net)
                  0.06    0.00   21.25 v _059298_/A0 (sky130_fd_sc_hd__mux2_2)
                  0.06    0.29   21.54 v _059298_/X (sky130_fd_sc_hd__mux2_2)
     2    0.01                           _012842_ (net)
                  0.06    0.01   21.55 v _059299_/B1 (sky130_fd_sc_hd__a22oi_2)
                  0.19    0.18   21.72 ^ _059299_/Y (sky130_fd_sc_hd__a22oi_2)
     2    0.01                           _012843_ (net)
                  0.19    0.01   21.73 ^ _059300_/B (sky130_fd_sc_hd__nand2_2)
                  0.06    0.08   21.81 v _059300_/Y (sky130_fd_sc_hd__nand2_2)
     2    0.01                           _012844_ (net)
                  0.06    0.00   21.81 v _060017_/A (sky130_fd_sc_hd__or3_2)
                  0.09    0.51   22.32 v _060017_/X (sky130_fd_sc_hd__or3_2)
     3    0.01                           _013503_ (net)
                  0.09    0.00   22.33 v _061200_/C (sky130_fd_sc_hd__or3_2)
                  0.09    0.46   22.79 v _061200_/X (sky130_fd_sc_hd__or3_2)
     2    0.01                           _014544_ (net)
                  0.09    0.00   22.79 v _061201_/A (sky130_fd_sc_hd__buf_1)
                  0.09    0.16   22.95 v _061201_/X (sky130_fd_sc_hd__buf_1)
     5    0.01                           _014545_ (net)
                  0.09    0.01   22.96 v _061202_/B (sky130_fd_sc_hd__nor2_2)
                  0.11    0.12   23.08 ^ _061202_/Y (sky130_fd_sc_hd__nor2_2)
     3    0.01                           _014546_ (net)
                  0.11    0.00   23.08 ^ _061210_/A (sky130_fd_sc_hd__buf_1)
                  0.22    0.23   23.31 ^ _061210_/X (sky130_fd_sc_hd__buf_1)
     5    0.02                           _014551_ (net)
                  0.22    0.00   23.32 ^ _061215_/S (sky130_fd_sc_hd__mux2_2)
                  0.05    0.37   23.69 v _061215_/X (sky130_fd_sc_hd__mux2_2)
     1    0.00                           _014554_ (net)
                  0.05    0.00   23.70 v _061216_/A (sky130_fd_sc_hd__buf_1)
                  0.23    0.22   23.91 v _061216_/X (sky130_fd_sc_hd__buf_1)
     1    0.03                           SRAMADDR_Sys0_S1[5] (net)
                  0.23    0.00   23.91 v SRAMADDR_Sys0_S1[5] (out)
                                 23.91   data arrival time

                  0.00   10.00   10.00   clock clk (rise edge)
                          0.00   10.00   clock network delay (ideal)
                         -0.25    9.75   clock uncertainty
                          0.00    9.75   clock reconvergence pessimism
                         -2.00    7.75   output external delay
                                  7.75   data required time
-----------------------------------------------------------------------------
                                  7.75   data required time
                                -23.91   data arrival time
-----------------------------------------------------------------------------
                                -16.16   slack (VIOLATED)


