
===========================================================================
report_checks -path_delay max (Setup)
============================================================================
Startpoint: _118077_ (rising edge-triggered flip-flop)
Endpoint: SRAMADDR_Sys0_S1[0] (output port clocked by clk)
Path Group: clk
Path Type: max

Fanout     Cap    Slew   Delay    Time   Description
-----------------------------------------------------------------------------
                121.69    0.00    0.00 ^ _118077_/CLK (sky130_fd_sc_hd__dfxtp_2)
                  0.15   14.46   14.46 ^ _118077_/Q (sky130_fd_sc_hd__dfxtp_2)
     5    0.03                           ibex_core.core.gen_regfile_ff.register_file_i.raddr_a_i[0] (net)
                  0.15    0.00   14.47 ^ _056170_/A (sky130_fd_sc_hd__buf_1)
                  0.31    0.31   14.77 ^ _056170_/X (sky130_fd_sc_hd__buf_1)
     5    0.03                           _009720_ (net)
                  0.31    0.00   14.78 ^ _056171_/A (sky130_fd_sc_hd__buf_1)
                  0.27    0.30   15.08 ^ _056171_/X (sky130_fd_sc_hd__buf_1)
     5    0.02                           _009721_ (net)
                  0.27    0.00   15.08 ^ _056172_/A (sky130_fd_sc_hd__buf_1)
                  0.35    0.35   15.43 ^ _056172_/X (sky130_fd_sc_hd__buf_1)
     5    0.03                           _009722_ (net)
                  0.35    0.00   15.43 ^ _056173_/A (sky130_fd_sc_hd__buf_1)
                  0.40    0.40   15.83 ^ _056173_/X (sky130_fd_sc_hd__buf_1)
     5    0.03                           _009723_ (net)
                  0.40    0.00   15.83 ^ _056174_/A (sky130_fd_sc_hd__buf_1)
                  0.31    0.34   16.17 ^ _056174_/X (sky130_fd_sc_hd__buf_1)
     5    0.03                           _009724_ (net)
                  0.31    0.00   16.17 ^ _056175_/A (sky130_fd_sc_hd__buf_1)
                  0.26    0.29   16.46 ^ _056175_/X (sky130_fd_sc_hd__buf_1)
     5    0.02                           _009725_ (net)
                  0.26    0.00   16.46 ^ _056176_/A (sky130_fd_sc_hd__buf_1)
                  0.36    0.36   16.83 ^ _056176_/X (sky130_fd_sc_hd__buf_1)
     5    0.03                           _009726_ (net)
                  0.36    0.00   16.83 ^ _056177_/A (sky130_fd_sc_hd__buf_1)
                  0.24    0.28   17.11 ^ _056177_/X (sky130_fd_sc_hd__buf_1)
     5    0.02                           _009727_ (net)
                  0.24    0.00   17.11 ^ _057152_/A (sky130_fd_sc_hd__buf_1)
                  0.35    0.35   17.46 ^ _057152_/X (sky130_fd_sc_hd__buf_1)
     5    0.03                           _010702_ (net)
                  0.35    0.00   17.46 ^ _057153_/A (sky130_fd_sc_hd__buf_1)
                  0.42    0.41   17.87 ^ _057153_/X (sky130_fd_sc_hd__buf_1)
     5    0.04                           _010703_ (net)
                  0.42    0.00   17.88 ^ _057409_/A (sky130_fd_sc_hd__buf_1)
                  0.64    0.58   18.45 ^ _057409_/X (sky130_fd_sc_hd__buf_1)
     5    0.06                           _010953_ (net)
                  0.64    0.00   18.45 ^ _057410_/A (sky130_fd_sc_hd__buf_1)
                  0.32    0.36   18.81 ^ _057410_/X (sky130_fd_sc_hd__buf_1)
     5    0.03                           _010954_ (net)
                  0.32    0.00   18.81 ^ _057411_/A (sky130_fd_sc_hd__buf_1)
                  0.47    0.45   19.26 ^ _057411_/X (sky130_fd_sc_hd__buf_1)
     5    0.04                           _010955_ (net)
                  0.47    0.00   19.26 ^ _057412_/A (sky130_fd_sc_hd__buf_1)
                  0.44    0.43   19.70 ^ _057412_/X (sky130_fd_sc_hd__buf_1)
     5    0.04                           _010956_ (net)
                  0.44    0.00   19.70 ^ _057413_/A (sky130_fd_sc_hd__buf_1)
                  0.35    0.37   20.07 ^ _057413_/X (sky130_fd_sc_hd__buf_1)
     5    0.03                           _010957_ (net)
                  0.35    0.00   20.07 ^ _058481_/A (sky130_fd_sc_hd__buf_1)
                  0.42    0.42   20.48 ^ _058481_/X (sky130_fd_sc_hd__buf_1)
     5    0.04                           _012025_ (net)
                  0.42    0.00   20.49 ^ _058482_/A (sky130_fd_sc_hd__buf_1)
                  0.35    0.37   20.85 ^ _058482_/X (sky130_fd_sc_hd__buf_1)
     5    0.03                           _012026_ (net)
                  0.35    0.00   20.86 ^ _058503_/S0 (sky130_fd_sc_hd__mux4_2)
                  0.09    0.59   21.45 v _058503_/X (sky130_fd_sc_hd__mux4_2)
     1    0.01                           _012047_ (net)
                  0.09    0.00   21.45 v _058504_/A2 (sky130_fd_sc_hd__a21o_2)
                  0.04    0.24   21.69 v _058504_/X (sky130_fd_sc_hd__a21o_2)
     1    0.00                           _012048_ (net)
                  0.04    0.00   21.69 v _058505_/B2 (sky130_fd_sc_hd__o221ai_2)
                  0.16    0.14   21.83 ^ _058505_/Y (sky130_fd_sc_hd__o221ai_2)
     1    0.01                           _012049_ (net)
                  0.16    0.00   21.83 ^ _058506_/B1 (sky130_fd_sc_hd__o31ai_2)
                  0.22    0.23   22.06 v _058506_/Y (sky130_fd_sc_hd__o31ai_2)
     5    0.05                           _012050_ (net)
                  0.22    0.01   22.07 v _058509_/A2 (sky130_fd_sc_hd__o21ai_2)
                  0.25    0.31   22.38 ^ _058509_/Y (sky130_fd_sc_hd__o21ai_2)
     3    0.02                           _012053_ (net)
                  0.25    0.00   22.38 ^ _058510_/A2_N (sky130_fd_sc_hd__a2bb2o_2)
                  0.04    0.31   22.69 v _058510_/X (sky130_fd_sc_hd__a2bb2o_2)
     2    0.00                           _012054_ (net)
                  0.04    0.00   22.69 v _058546_/A (sky130_fd_sc_hd__or2_2)
                  0.06    0.31   23.00 v _058546_/X (sky130_fd_sc_hd__or2_2)
     2    0.00                           _012090_ (net)
                  0.06    0.00   23.00 v _058909_/A1 (sky130_fd_sc_hd__a21o_2)
                  0.05    0.23   23.22 v _058909_/X (sky130_fd_sc_hd__a21o_2)
     2    0.01                           _012453_ (net)
                  0.05    0.00   23.22 v _058910_/A2 (sky130_fd_sc_hd__a21o_2)
                  0.06    0.26   23.48 v _058910_/X (sky130_fd_sc_hd__a21o_2)
     2    0.01                           _012454_ (net)
                  0.06    0.00   23.48 v _058911_/A2 (sky130_fd_sc_hd__a21oi_2)
                  0.17    0.21   23.69 ^ _058911_/Y (sky130_fd_sc_hd__a21oi_2)
     2    0.01                           _012455_ (net)
                  0.17    0.00   23.69 ^ _058912_/B (sky130_fd_sc_hd__and2_2)
                  0.05    0.19   23.88 ^ _058912_/X (sky130_fd_sc_hd__and2_2)
     2    0.01                           _012456_ (net)
                  0.05    0.00   23.88 ^ _058913_/C (sky130_fd_sc_hd__or3_2)
                  0.03    0.11   23.99 ^ _058913_/X (sky130_fd_sc_hd__or3_2)
     2    0.00                           _012457_ (net)
                  0.03    0.00   23.99 ^ _058914_/B1_N (sky130_fd_sc_hd__a21boi_2)
                  0.19    0.23   24.22 ^ _058914_/Y (sky130_fd_sc_hd__a21boi_2)
     2    0.01                           _012458_ (net)
                  0.19    0.00   24.22 ^ _058915_/A2 (sky130_fd_sc_hd__o21bai_2)
                  0.09    0.12   24.34 v _058915_/Y (sky130_fd_sc_hd__o21bai_2)
     2    0.01                           _012459_ (net)
                  0.09    0.00   24.34 v _058917_/A2 (sky130_fd_sc_hd__a21oi_2)
                  0.20    0.24   24.58 ^ _058917_/Y (sky130_fd_sc_hd__a21oi_2)
     2    0.01                           _012461_ (net)
                  0.20    0.00   24.58 ^ _058919_/A2 (sky130_fd_sc_hd__o21ai_2)
                  0.08    0.12   24.70 v _058919_/Y (sky130_fd_sc_hd__o21ai_2)
     2    0.01                           _012463_ (net)
                  0.08    0.00   24.70 v _058920_/A2 (sky130_fd_sc_hd__a21boi_2)
                  0.13    0.18   24.88 ^ _058920_/Y (sky130_fd_sc_hd__a21boi_2)
     2    0.01                           _012464_ (net)
                  0.13    0.00   24.88 ^ _058921_/B (sky130_fd_sc_hd__nor2_2)
                  0.05    0.07   24.95 v _058921_/Y (sky130_fd_sc_hd__nor2_2)
     2    0.01                           _012465_ (net)
                  0.05    0.00   24.95 v _058922_/B1 (sky130_fd_sc_hd__a21oi_2)
                  0.19    0.19   25.14 ^ _058922_/Y (sky130_fd_sc_hd__a21oi_2)
     2    0.01                           _012466_ (net)
                  0.19    0.00   25.14 ^ _058923_/B (sky130_fd_sc_hd__nor2_2)
                  0.05    0.06   25.19 v _058923_/Y (sky130_fd_sc_hd__nor2_2)
     1    0.00                           _012467_ (net)
                  0.05    0.00   25.19 v _058924_/B1 (sky130_fd_sc_hd__a21oi_2)
                  0.35    0.30   25.49 ^ _058924_/Y (sky130_fd_sc_hd__a21oi_2)
     3    0.03                           _012468_ (net)
                  0.35    0.00   25.49 ^ _058926_/A2 (sky130_fd_sc_hd__o21ai_2)
                  0.08    0.12   25.62 v _058926_/Y (sky130_fd_sc_hd__o21ai_2)
     2    0.01                           _012470_ (net)
                  0.08    0.00   25.62 v _059130_/B (sky130_fd_sc_hd__and2b_2)
                  0.04    0.22   25.83 v _059130_/X (sky130_fd_sc_hd__and2b_2)
     1    0.00                           _012674_ (net)
                  0.04    0.00   25.83 v _059131_/B1 (sky130_fd_sc_hd__a21oi_2)
                  0.21    0.20   26.03 ^ _059131_/Y (sky130_fd_sc_hd__a21oi_2)
     2    0.02                           _012675_ (net)
                  0.21    0.00   26.03 ^ _059133_/A2 (sky130_fd_sc_hd__o21ai_2)
                  0.07    0.10   26.14 v _059133_/Y (sky130_fd_sc_hd__o21ai_2)
     2    0.01                           _012677_ (net)
                  0.07    0.00   26.14 v _059226_/B (sky130_fd_sc_hd__and2b_2)
                  0.04    0.21   26.35 v _059226_/X (sky130_fd_sc_hd__and2b_2)
     1    0.00                           _012770_ (net)
                  0.04    0.00   26.35 v _059227_/B1 (sky130_fd_sc_hd__a21oi_2)
                  0.20    0.19   26.54 ^ _059227_/Y (sky130_fd_sc_hd__a21oi_2)
     2    0.01                           _012771_ (net)
                  0.20    0.00   26.54 ^ _059229_/A2 (sky130_fd_sc_hd__o21bai_2)
                  0.07    0.10   26.65 v _059229_/Y (sky130_fd_sc_hd__o21bai_2)
     1    0.01                           _012773_ (net)
                  0.07    0.00   26.65 v _059291_/A (sky130_fd_sc_hd__xnor2_2)
                  0.14    0.22   26.87 v _059291_/Y (sky130_fd_sc_hd__xnor2_2)
     4    0.03                           _012835_ (net)
                  0.14    0.00   26.87 v _059295_/A2 (sky130_fd_sc_hd__a21o_2)
                  0.03    0.25   27.12 v _059295_/X (sky130_fd_sc_hd__a21o_2)
     1    0.00                           _012839_ (net)
                  0.03    0.00   27.12 v _059296_/B (sky130_fd_sc_hd__and2_2)
                  0.06    0.22   27.34 v _059296_/X (sky130_fd_sc_hd__and2_2)
     2    0.01                           _012840_ (net)
                  0.06    0.00   27.34 v _059297_/B1 (sky130_fd_sc_hd__a21o_2)
                  0.06    0.23   27.57 v _059297_/X (sky130_fd_sc_hd__a21o_2)
     2    0.01                           _012841_ (net)
                  0.06    0.00   27.57 v _059298_/A0 (sky130_fd_sc_hd__mux2_2)
                  0.06    0.29   27.86 v _059298_/X (sky130_fd_sc_hd__mux2_2)
     2    0.01                           _012842_ (net)
                  0.06    0.00   27.86 v _059299_/B1 (sky130_fd_sc_hd__a22oi_2)
                  0.77    0.62   28.47 ^ _059299_/Y (sky130_fd_sc_hd__a22oi_2)
     2    0.06                           _012843_ (net)
                  0.77    0.02   28.49 ^ _059300_/B (sky130_fd_sc_hd__nand2_2)
                  0.14    0.12   28.62 v _059300_/Y (sky130_fd_sc_hd__nand2_2)
     2    0.01                           _012844_ (net)
                  0.14    0.00   28.62 v _060017_/A (sky130_fd_sc_hd__or3_2)
                  0.09    0.56   29.17 v _060017_/X (sky130_fd_sc_hd__or3_2)
     3    0.01                           _013503_ (net)
                  0.09    0.00   29.17 v _061200_/C (sky130_fd_sc_hd__or3_2)
                  0.09    0.46   29.63 v _061200_/X (sky130_fd_sc_hd__or3_2)
     2    0.01                           _014544_ (net)
                  0.09    0.00   29.63 v _061201_/A (sky130_fd_sc_hd__buf_1)
                  0.12    0.19   29.82 v _061201_/X (sky130_fd_sc_hd__buf_1)
     5    0.02                           _014545_ (net)
                  0.12    0.00   29.82 v _061202_/B (sky130_fd_sc_hd__nor2_2)
                  0.11    0.14   29.96 ^ _061202_/Y (sky130_fd_sc_hd__nor2_2)
     3    0.01                           _014546_ (net)
                  0.11    0.00   29.96 ^ _061203_/A (sky130_fd_sc_hd__buf_1)
                  0.23    0.24   30.20 ^ _061203_/X (sky130_fd_sc_hd__buf_1)
     5    0.02                           _014547_ (net)
                  0.23    0.00   30.20 ^ _061204_/S (sky130_fd_sc_hd__mux2_2)
                  0.35    0.44   30.64 ^ _061204_/X (sky130_fd_sc_hd__mux2_2)
     1    0.07                           _014548_ (net)
                  0.35    0.02   30.67 ^ _061205_/A (sky130_fd_sc_hd__buf_1)
                  0.57    0.52   31.19 ^ _061205_/X (sky130_fd_sc_hd__buf_1)
     1    0.03                           SRAMADDR_Sys0_S1[0] (net)
                  0.57    0.01   31.19 ^ SRAMADDR_Sys0_S1[0] (out)
                                 31.19   data arrival time

                  0.00   10.00   10.00   clock clk (rise edge)
                          0.00   10.00   clock network delay (ideal)
                         -0.25    9.75   clock uncertainty
                          0.00    9.75   clock reconvergence pessimism
                         -2.00    7.75   output external delay
                                  7.75   data required time
-----------------------------------------------------------------------------
                                  7.75   data required time
                                -31.19   data arrival time
-----------------------------------------------------------------------------
                                -23.44   slack (VIOLATED)


Startpoint: _118077_ (rising edge-triggered flip-flop)
Endpoint: SRAMADDR_Sys0_S1[6] (output port clocked by clk)
Path Group: clk
Path Type: max

Fanout     Cap    Slew   Delay    Time   Description
-----------------------------------------------------------------------------
                121.69    0.00    0.00 ^ _118077_/CLK (sky130_fd_sc_hd__dfxtp_2)
                  0.15   14.46   14.46 ^ _118077_/Q (sky130_fd_sc_hd__dfxtp_2)
     5    0.03                           ibex_core.core.gen_regfile_ff.register_file_i.raddr_a_i[0] (net)
                  0.15    0.00   14.47 ^ _056170_/A (sky130_fd_sc_hd__buf_1)
                  0.31    0.31   14.77 ^ _056170_/X (sky130_fd_sc_hd__buf_1)
     5    0.03                           _009720_ (net)
                  0.31    0.00   14.78 ^ _056171_/A (sky130_fd_sc_hd__buf_1)
                  0.27    0.30   15.08 ^ _056171_/X (sky130_fd_sc_hd__buf_1)
     5    0.02                           _009721_ (net)
                  0.27    0.00   15.08 ^ _056172_/A (sky130_fd_sc_hd__buf_1)
                  0.35    0.35   15.43 ^ _056172_/X (sky130_fd_sc_hd__buf_1)
     5    0.03                           _009722_ (net)
                  0.35    0.00   15.43 ^ _056173_/A (sky130_fd_sc_hd__buf_1)
                  0.40    0.40   15.83 ^ _056173_/X (sky130_fd_sc_hd__buf_1)
     5    0.03                           _009723_ (net)
                  0.40    0.00   15.83 ^ _056174_/A (sky130_fd_sc_hd__buf_1)
                  0.31    0.34   16.17 ^ _056174_/X (sky130_fd_sc_hd__buf_1)
     5    0.03                           _009724_ (net)
                  0.31    0.00   16.17 ^ _056175_/A (sky130_fd_sc_hd__buf_1)
                  0.26    0.29   16.46 ^ _056175_/X (sky130_fd_sc_hd__buf_1)
     5    0.02                           _009725_ (net)
                  0.26    0.00   16.46 ^ _056176_/A (sky130_fd_sc_hd__buf_1)
                  0.36    0.36   16.83 ^ _056176_/X (sky130_fd_sc_hd__buf_1)
     5    0.03                           _009726_ (net)
                  0.36    0.00   16.83 ^ _056177_/A (sky130_fd_sc_hd__buf_1)
                  0.24    0.28   17.11 ^ _056177_/X (sky130_fd_sc_hd__buf_1)
     5    0.02                           _009727_ (net)
                  0.24    0.00   17.11 ^ _057152_/A (sky130_fd_sc_hd__buf_1)
                  0.35    0.35   17.46 ^ _057152_/X (sky130_fd_sc_hd__buf_1)
     5    0.03                           _010702_ (net)
                  0.35    0.00   17.46 ^ _057153_/A (sky130_fd_sc_hd__buf_1)
                  0.42    0.41   17.87 ^ _057153_/X (sky130_fd_sc_hd__buf_1)
     5    0.04                           _010703_ (net)
                  0.42    0.00   17.88 ^ _057409_/A (sky130_fd_sc_hd__buf_1)
                  0.64    0.58   18.45 ^ _057409_/X (sky130_fd_sc_hd__buf_1)
     5    0.06                           _010953_ (net)
                  0.64    0.00   18.45 ^ _057410_/A (sky130_fd_sc_hd__buf_1)
                  0.32    0.36   18.81 ^ _057410_/X (sky130_fd_sc_hd__buf_1)
     5    0.03                           _010954_ (net)
                  0.32    0.00   18.81 ^ _057411_/A (sky130_fd_sc_hd__buf_1)
                  0.47    0.45   19.26 ^ _057411_/X (sky130_fd_sc_hd__buf_1)
     5    0.04                           _010955_ (net)
                  0.47    0.00   19.26 ^ _057412_/A (sky130_fd_sc_hd__buf_1)
                  0.44    0.43   19.70 ^ _057412_/X (sky130_fd_sc_hd__buf_1)
     5    0.04                           _010956_ (net)
                  0.44    0.00   19.70 ^ _057413_/A (sky130_fd_sc_hd__buf_1)
                  0.35    0.37   20.07 ^ _057413_/X (sky130_fd_sc_hd__buf_1)
     5    0.03                           _010957_ (net)
                  0.35    0.00   20.07 ^ _058481_/A (sky130_fd_sc_hd__buf_1)
                  0.42    0.42   20.48 ^ _058481_/X (sky130_fd_sc_hd__buf_1)
     5    0.04                           _012025_ (net)
                  0.42    0.00   20.49 ^ _058482_/A (sky130_fd_sc_hd__buf_1)
                  0.35    0.37   20.85 ^ _058482_/X (sky130_fd_sc_hd__buf_1)
     5    0.03                           _012026_ (net)
                  0.35    0.00   20.86 ^ _058503_/S0 (sky130_fd_sc_hd__mux4_2)
                  0.09    0.59   21.45 v _058503_/X (sky130_fd_sc_hd__mux4_2)
     1    0.01                           _012047_ (net)
                  0.09    0.00   21.45 v _058504_/A2 (sky130_fd_sc_hd__a21o_2)
                  0.04    0.24   21.69 v _058504_/X (sky130_fd_sc_hd__a21o_2)
     1    0.00                           _012048_ (net)
                  0.04    0.00   21.69 v _058505_/B2 (sky130_fd_sc_hd__o221ai_2)
                  0.16    0.14   21.83 ^ _058505_/Y (sky130_fd_sc_hd__o221ai_2)
     1    0.01                           _012049_ (net)
                  0.16    0.00   21.83 ^ _058506_/B1 (sky130_fd_sc_hd__o31ai_2)
                  0.22    0.23   22.06 v _058506_/Y (sky130_fd_sc_hd__o31ai_2)
     5    0.05                           _012050_ (net)
                  0.22    0.01   22.07 v _058509_/A2 (sky130_fd_sc_hd__o21ai_2)
                  0.25    0.31   22.38 ^ _058509_/Y (sky130_fd_sc_hd__o21ai_2)
     3    0.02                           _012053_ (net)
                  0.25    0.00   22.38 ^ _058510_/A2_N (sky130_fd_sc_hd__a2bb2o_2)
                  0.04    0.31   22.69 v _058510_/X (sky130_fd_sc_hd__a2bb2o_2)
     2    0.00                           _012054_ (net)
                  0.04    0.00   22.69 v _058546_/A (sky130_fd_sc_hd__or2_2)
                  0.06    0.31   23.00 v _058546_/X (sky130_fd_sc_hd__or2_2)
     2    0.00                           _012090_ (net)
                  0.06    0.00   23.00 v _058909_/A1 (sky130_fd_sc_hd__a21o_2)
                  0.05    0.23   23.22 v _058909_/X (sky130_fd_sc_hd__a21o_2)
     2    0.01                           _012453_ (net)
                  0.05    0.00   23.22 v _058910_/A2 (sky130_fd_sc_hd__a21o_2)
                  0.06    0.26   23.48 v _058910_/X (sky130_fd_sc_hd__a21o_2)
     2    0.01                           _012454_ (net)
                  0.06    0.00   23.48 v _058911_/A2 (sky130_fd_sc_hd__a21oi_2)
                  0.17    0.21   23.69 ^ _058911_/Y (sky130_fd_sc_hd__a21oi_2)
     2    0.01                           _012455_ (net)
                  0.17    0.00   23.69 ^ _058912_/B (sky130_fd_sc_hd__and2_2)
                  0.05    0.19   23.88 ^ _058912_/X (sky130_fd_sc_hd__and2_2)
     2    0.01                           _012456_ (net)
                  0.05    0.00   23.88 ^ _058913_/C (sky130_fd_sc_hd__or3_2)
                  0.03    0.11   23.99 ^ _058913_/X (sky130_fd_sc_hd__or3_2)
     2    0.00                           _012457_ (net)
                  0.03    0.00   23.99 ^ _058914_/B1_N (sky130_fd_sc_hd__a21boi_2)
                  0.19    0.23   24.22 ^ _058914_/Y (sky130_fd_sc_hd__a21boi_2)
     2    0.01                           _012458_ (net)
                  0.19    0.00   24.22 ^ _058915_/A2 (sky130_fd_sc_hd__o21bai_2)
                  0.09    0.12   24.34 v _058915_/Y (sky130_fd_sc_hd__o21bai_2)
     2    0.01                           _012459_ (net)
                  0.09    0.00   24.34 v _058917_/A2 (sky130_fd_sc_hd__a21oi_2)
                  0.20    0.24   24.58 ^ _058917_/Y (sky130_fd_sc_hd__a21oi_2)
     2    0.01                           _012461_ (net)
                  0.20    0.00   24.58 ^ _058919_/A2 (sky130_fd_sc_hd__o21ai_2)
                  0.08    0.12   24.70 v _058919_/Y (sky130_fd_sc_hd__o21ai_2)
     2    0.01                           _012463_ (net)
                  0.08    0.00   24.70 v _058920_/A2 (sky130_fd_sc_hd__a21boi_2)
                  0.13    0.18   24.88 ^ _058920_/Y (sky130_fd_sc_hd__a21boi_2)
     2    0.01                           _012464_ (net)
                  0.13    0.00   24.88 ^ _058921_/B (sky130_fd_sc_hd__nor2_2)
                  0.05    0.07   24.95 v _058921_/Y (sky130_fd_sc_hd__nor2_2)
     2    0.01                           _012465_ (net)
                  0.05    0.00   24.95 v _058922_/B1 (sky130_fd_sc_hd__a21oi_2)
                  0.19    0.19   25.14 ^ _058922_/Y (sky130_fd_sc_hd__a21oi_2)
     2    0.01                           _012466_ (net)
                  0.19    0.00   25.14 ^ _058923_/B (sky130_fd_sc_hd__nor2_2)
                  0.05    0.06   25.19 v _058923_/Y (sky130_fd_sc_hd__nor2_2)
     1    0.00                           _012467_ (net)
                  0.05    0.00   25.19 v _058924_/B1 (sky130_fd_sc_hd__a21oi_2)
                  0.35    0.30   25.49 ^ _058924_/Y (sky130_fd_sc_hd__a21oi_2)
     3    0.03                           _012468_ (net)
                  0.35    0.00   25.49 ^ _058926_/A2 (sky130_fd_sc_hd__o21ai_2)
                  0.08    0.12   25.62 v _058926_/Y (sky130_fd_sc_hd__o21ai_2)
     2    0.01                           _012470_ (net)
                  0.08    0.00   25.62 v _059130_/B (sky130_fd_sc_hd__and2b_2)
                  0.04    0.22   25.83 v _059130_/X (sky130_fd_sc_hd__and2b_2)
     1    0.00                           _012674_ (net)
                  0.04    0.00   25.83 v _059131_/B1 (sky130_fd_sc_hd__a21oi_2)
                  0.21    0.20   26.03 ^ _059131_/Y (sky130_fd_sc_hd__a21oi_2)
     2    0.02                           _012675_ (net)
                  0.21    0.00   26.03 ^ _059133_/A2 (sky130_fd_sc_hd__o21ai_2)
                  0.07    0.10   26.14 v _059133_/Y (sky130_fd_sc_hd__o21ai_2)
     2    0.01                           _012677_ (net)
                  0.07    0.00   26.14 v _059226_/B (sky130_fd_sc_hd__and2b_2)
                  0.04    0.21   26.35 v _059226_/X (sky130_fd_sc_hd__and2b_2)
     1    0.00                           _012770_ (net)
                  0.04    0.00   26.35 v _059227_/B1 (sky130_fd_sc_hd__a21oi_2)
                  0.20    0.19   26.54 ^ _059227_/Y (sky130_fd_sc_hd__a21oi_2)
     2    0.01                           _012771_ (net)
                  0.20    0.00   26.54 ^ _059229_/A2 (sky130_fd_sc_hd__o21bai_2)
                  0.07    0.10   26.65 v _059229_/Y (sky130_fd_sc_hd__o21bai_2)
     1    0.01                           _012773_ (net)
                  0.07    0.00   26.65 v _059291_/A (sky130_fd_sc_hd__xnor2_2)
                  0.14    0.22   26.87 v _059291_/Y (sky130_fd_sc_hd__xnor2_2)
     4    0.03                           _012835_ (net)
                  0.14    0.00   26.87 v _059295_/A2 (sky130_fd_sc_hd__a21o_2)
                  0.03    0.25   27.12 v _059295_/X (sky130_fd_sc_hd__a21o_2)
     1    0.00                           _012839_ (net)
                  0.03    0.00   27.12 v _059296_/B (sky130_fd_sc_hd__and2_2)
                  0.06    0.22   27.34 v _059296_/X (sky130_fd_sc_hd__and2_2)
     2    0.01                           _012840_ (net)
                  0.06    0.00   27.34 v _059297_/B1 (sky130_fd_sc_hd__a21o_2)
                  0.06    0.23   27.57 v _059297_/X (sky130_fd_sc_hd__a21o_2)
     2    0.01                           _012841_ (net)
                  0.06    0.00   27.57 v _059298_/A0 (sky130_fd_sc_hd__mux2_2)
                  0.06    0.29   27.86 v _059298_/X (sky130_fd_sc_hd__mux2_2)
     2    0.01                           _012842_ (net)
                  0.06    0.00   27.86 v _059299_/B1 (sky130_fd_sc_hd__a22oi_2)
                  0.77    0.62   28.47 ^ _059299_/Y (sky130_fd_sc_hd__a22oi_2)
     2    0.06                           _012843_ (net)
                  0.77    0.02   28.49 ^ _059300_/B (sky130_fd_sc_hd__nand2_2)
                  0.14    0.12   28.62 v _059300_/Y (sky130_fd_sc_hd__nand2_2)
     2    0.01                           _012844_ (net)
                  0.14    0.00   28.62 v _060017_/A (sky130_fd_sc_hd__or3_2)
                  0.09    0.56   29.17 v _060017_/X (sky130_fd_sc_hd__or3_2)
     3    0.01                           _013503_ (net)
                  0.09    0.00   29.17 v _061200_/C (sky130_fd_sc_hd__or3_2)
                  0.09    0.46   29.63 v _061200_/X (sky130_fd_sc_hd__or3_2)
     2    0.01                           _014544_ (net)
                  0.09    0.00   29.63 v _061201_/A (sky130_fd_sc_hd__buf_1)
                  0.12    0.19   29.82 v _061201_/X (sky130_fd_sc_hd__buf_1)
     5    0.02                           _014545_ (net)
                  0.12    0.00   29.82 v _061202_/B (sky130_fd_sc_hd__nor2_2)
                  0.11    0.14   29.96 ^ _061202_/Y (sky130_fd_sc_hd__nor2_2)
     3    0.01                           _014546_ (net)
                  0.11    0.00   29.96 ^ _061210_/A (sky130_fd_sc_hd__buf_1)
                  0.28    0.28   30.24 ^ _061210_/X (sky130_fd_sc_hd__buf_1)
     5    0.02                           _014551_ (net)
                  0.28    0.00   30.24 ^ _061217_/S (sky130_fd_sc_hd__mux2_2)
                  0.36    0.47   30.71 ^ _061217_/X (sky130_fd_sc_hd__mux2_2)
     1    0.07                           _014555_ (net)
                  0.36    0.03   30.73 ^ _061218_/A (sky130_fd_sc_hd__buf_1)
                  0.41    0.40   31.14 ^ _061218_/X (sky130_fd_sc_hd__buf_1)
     1    0.03                           SRAMADDR_Sys0_S1[6] (net)
                  0.41    0.00   31.14 ^ SRAMADDR_Sys0_S1[6] (out)
                                 31.14   data arrival time

                  0.00   10.00   10.00   clock clk (rise edge)
                          0.00   10.00   clock network delay (ideal)
                         -0.25    9.75   clock uncertainty
                          0.00    9.75   clock reconvergence pessimism
                         -2.00    7.75   output external delay
                                  7.75   data required time
-----------------------------------------------------------------------------
                                  7.75   data required time
                                -31.14   data arrival time
-----------------------------------------------------------------------------
                                -23.39   slack (VIOLATED)


Startpoint: _118077_ (rising edge-triggered flip-flop)
Endpoint: SRAMADDR_Sys0_S1[2] (output port clocked by clk)
Path Group: clk
Path Type: max

Fanout     Cap    Slew   Delay    Time   Description
-----------------------------------------------------------------------------
                121.69    0.00    0.00 ^ _118077_/CLK (sky130_fd_sc_hd__dfxtp_2)
                  0.15   14.46   14.46 ^ _118077_/Q (sky130_fd_sc_hd__dfxtp_2)
     5    0.03                           ibex_core.core.gen_regfile_ff.register_file_i.raddr_a_i[0] (net)
                  0.15    0.00   14.47 ^ _056170_/A (sky130_fd_sc_hd__buf_1)
                  0.31    0.31   14.77 ^ _056170_/X (sky130_fd_sc_hd__buf_1)
     5    0.03                           _009720_ (net)
                  0.31    0.00   14.78 ^ _056171_/A (sky130_fd_sc_hd__buf_1)
                  0.27    0.30   15.08 ^ _056171_/X (sky130_fd_sc_hd__buf_1)
     5    0.02                           _009721_ (net)
                  0.27    0.00   15.08 ^ _056172_/A (sky130_fd_sc_hd__buf_1)
                  0.35    0.35   15.43 ^ _056172_/X (sky130_fd_sc_hd__buf_1)
     5    0.03                           _009722_ (net)
                  0.35    0.00   15.43 ^ _056173_/A (sky130_fd_sc_hd__buf_1)
                  0.40    0.40   15.83 ^ _056173_/X (sky130_fd_sc_hd__buf_1)
     5    0.03                           _009723_ (net)
                  0.40    0.00   15.83 ^ _056174_/A (sky130_fd_sc_hd__buf_1)
                  0.31    0.34   16.17 ^ _056174_/X (sky130_fd_sc_hd__buf_1)
     5    0.03                           _009724_ (net)
                  0.31    0.00   16.17 ^ _056175_/A (sky130_fd_sc_hd__buf_1)
                  0.26    0.29   16.46 ^ _056175_/X (sky130_fd_sc_hd__buf_1)
     5    0.02                           _009725_ (net)
                  0.26    0.00   16.46 ^ _056176_/A (sky130_fd_sc_hd__buf_1)
                  0.36    0.36   16.83 ^ _056176_/X (sky130_fd_sc_hd__buf_1)
     5    0.03                           _009726_ (net)
                  0.36    0.00   16.83 ^ _056177_/A (sky130_fd_sc_hd__buf_1)
                  0.24    0.28   17.11 ^ _056177_/X (sky130_fd_sc_hd__buf_1)
     5    0.02                           _009727_ (net)
                  0.24    0.00   17.11 ^ _057152_/A (sky130_fd_sc_hd__buf_1)
                  0.35    0.35   17.46 ^ _057152_/X (sky130_fd_sc_hd__buf_1)
     5    0.03                           _010702_ (net)
                  0.35    0.00   17.46 ^ _057153_/A (sky130_fd_sc_hd__buf_1)
                  0.42    0.41   17.87 ^ _057153_/X (sky130_fd_sc_hd__buf_1)
     5    0.04                           _010703_ (net)
                  0.42    0.00   17.88 ^ _057409_/A (sky130_fd_sc_hd__buf_1)
                  0.64    0.58   18.45 ^ _057409_/X (sky130_fd_sc_hd__buf_1)
     5    0.06                           _010953_ (net)
                  0.64    0.00   18.45 ^ _057410_/A (sky130_fd_sc_hd__buf_1)
                  0.32    0.36   18.81 ^ _057410_/X (sky130_fd_sc_hd__buf_1)
     5    0.03                           _010954_ (net)
                  0.32    0.00   18.81 ^ _057411_/A (sky130_fd_sc_hd__buf_1)
                  0.47    0.45   19.26 ^ _057411_/X (sky130_fd_sc_hd__buf_1)
     5    0.04                           _010955_ (net)
                  0.47    0.00   19.26 ^ _057412_/A (sky130_fd_sc_hd__buf_1)
                  0.44    0.43   19.70 ^ _057412_/X (sky130_fd_sc_hd__buf_1)
     5    0.04                           _010956_ (net)
                  0.44    0.00   19.70 ^ _057413_/A (sky130_fd_sc_hd__buf_1)
                  0.35    0.37   20.07 ^ _057413_/X (sky130_fd_sc_hd__buf_1)
     5    0.03                           _010957_ (net)
                  0.35    0.00   20.07 ^ _058481_/A (sky130_fd_sc_hd__buf_1)
                  0.42    0.42   20.48 ^ _058481_/X (sky130_fd_sc_hd__buf_1)
     5    0.04                           _012025_ (net)
                  0.42    0.00   20.49 ^ _058482_/A (sky130_fd_sc_hd__buf_1)
                  0.35    0.37   20.85 ^ _058482_/X (sky130_fd_sc_hd__buf_1)
     5    0.03                           _012026_ (net)
                  0.35    0.00   20.86 ^ _058503_/S0 (sky130_fd_sc_hd__mux4_2)
                  0.09    0.59   21.45 v _058503_/X (sky130_fd_sc_hd__mux4_2)
     1    0.01                           _012047_ (net)
                  0.09    0.00   21.45 v _058504_/A2 (sky130_fd_sc_hd__a21o_2)
                  0.04    0.24   21.69 v _058504_/X (sky130_fd_sc_hd__a21o_2)
     1    0.00                           _012048_ (net)
                  0.04    0.00   21.69 v _058505_/B2 (sky130_fd_sc_hd__o221ai_2)
                  0.16    0.14   21.83 ^ _058505_/Y (sky130_fd_sc_hd__o221ai_2)
     1    0.01                           _012049_ (net)
                  0.16    0.00   21.83 ^ _058506_/B1 (sky130_fd_sc_hd__o31ai_2)
                  0.22    0.23   22.06 v _058506_/Y (sky130_fd_sc_hd__o31ai_2)
     5    0.05                           _012050_ (net)
                  0.22    0.01   22.07 v _058509_/A2 (sky130_fd_sc_hd__o21ai_2)
                  0.25    0.31   22.38 ^ _058509_/Y (sky130_fd_sc_hd__o21ai_2)
     3    0.02                           _012053_ (net)
                  0.25    0.00   22.38 ^ _058510_/A2_N (sky130_fd_sc_hd__a2bb2o_2)
                  0.04    0.31   22.69 v _058510_/X (sky130_fd_sc_hd__a2bb2o_2)
     2    0.00                           _012054_ (net)
                  0.04    0.00   22.69 v _058546_/A (sky130_fd_sc_hd__or2_2)
                  0.06    0.31   23.00 v _058546_/X (sky130_fd_sc_hd__or2_2)
     2    0.00                           _012090_ (net)
                  0.06    0.00   23.00 v _058909_/A1 (sky130_fd_sc_hd__a21o_2)
                  0.05    0.23   23.22 v _058909_/X (sky130_fd_sc_hd__a21o_2)
     2    0.01                           _012453_ (net)
                  0.05    0.00   23.22 v _058910_/A2 (sky130_fd_sc_hd__a21o_2)
                  0.06    0.26   23.48 v _058910_/X (sky130_fd_sc_hd__a21o_2)
     2    0.01                           _012454_ (net)
                  0.06    0.00   23.48 v _058911_/A2 (sky130_fd_sc_hd__a21oi_2)
                  0.17    0.21   23.69 ^ _058911_/Y (sky130_fd_sc_hd__a21oi_2)
     2    0.01                           _012455_ (net)
                  0.17    0.00   23.69 ^ _058912_/B (sky130_fd_sc_hd__and2_2)
                  0.05    0.19   23.88 ^ _058912_/X (sky130_fd_sc_hd__and2_2)
     2    0.01                           _012456_ (net)
                  0.05    0.00   23.88 ^ _058913_/C (sky130_fd_sc_hd__or3_2)
                  0.03    0.11   23.99 ^ _058913_/X (sky130_fd_sc_hd__or3_2)
     2    0.00                           _012457_ (net)
                  0.03    0.00   23.99 ^ _058914_/B1_N (sky130_fd_sc_hd__a21boi_2)
                  0.19    0.23   24.22 ^ _058914_/Y (sky130_fd_sc_hd__a21boi_2)
     2    0.01                           _012458_ (net)
                  0.19    0.00   24.22 ^ _058915_/A2 (sky130_fd_sc_hd__o21bai_2)
                  0.09    0.12   24.34 v _058915_/Y (sky130_fd_sc_hd__o21bai_2)
     2    0.01                           _012459_ (net)
                  0.09    0.00   24.34 v _058917_/A2 (sky130_fd_sc_hd__a21oi_2)
                  0.20    0.24   24.58 ^ _058917_/Y (sky130_fd_sc_hd__a21oi_2)
     2    0.01                           _012461_ (net)
                  0.20    0.00   24.58 ^ _058919_/A2 (sky130_fd_sc_hd__o21ai_2)
                  0.08    0.12   24.70 v _058919_/Y (sky130_fd_sc_hd__o21ai_2)
     2    0.01                           _012463_ (net)
                  0.08    0.00   24.70 v _058920_/A2 (sky130_fd_sc_hd__a21boi_2)
                  0.13    0.18   24.88 ^ _058920_/Y (sky130_fd_sc_hd__a21boi_2)
     2    0.01                           _012464_ (net)
                  0.13    0.00   24.88 ^ _058921_/B (sky130_fd_sc_hd__nor2_2)
                  0.05    0.07   24.95 v _058921_/Y (sky130_fd_sc_hd__nor2_2)
     2    0.01                           _012465_ (net)
                  0.05    0.00   24.95 v _058922_/B1 (sky130_fd_sc_hd__a21oi_2)
                  0.19    0.19   25.14 ^ _058922_/Y (sky130_fd_sc_hd__a21oi_2)
     2    0.01                           _012466_ (net)
                  0.19    0.00   25.14 ^ _058923_/B (sky130_fd_sc_hd__nor2_2)
                  0.05    0.06   25.19 v _058923_/Y (sky130_fd_sc_hd__nor2_2)
     1    0.00                           _012467_ (net)
                  0.05    0.00   25.19 v _058924_/B1 (sky130_fd_sc_hd__a21oi_2)
                  0.35    0.30   25.49 ^ _058924_/Y (sky130_fd_sc_hd__a21oi_2)
     3    0.03                           _012468_ (net)
                  0.35    0.00   25.49 ^ _058926_/A2 (sky130_fd_sc_hd__o21ai_2)
                  0.08    0.12   25.62 v _058926_/Y (sky130_fd_sc_hd__o21ai_2)
     2    0.01                           _012470_ (net)
                  0.08    0.00   25.62 v _059130_/B (sky130_fd_sc_hd__and2b_2)
                  0.04    0.22   25.83 v _059130_/X (sky130_fd_sc_hd__and2b_2)
     1    0.00                           _012674_ (net)
                  0.04    0.00   25.83 v _059131_/B1 (sky130_fd_sc_hd__a21oi_2)
                  0.21    0.20   26.03 ^ _059131_/Y (sky130_fd_sc_hd__a21oi_2)
     2    0.02                           _012675_ (net)
                  0.21    0.00   26.03 ^ _059133_/A2 (sky130_fd_sc_hd__o21ai_2)
                  0.07    0.10   26.14 v _059133_/Y (sky130_fd_sc_hd__o21ai_2)
     2    0.01                           _012677_ (net)
                  0.07    0.00   26.14 v _059226_/B (sky130_fd_sc_hd__and2b_2)
                  0.04    0.21   26.35 v _059226_/X (sky130_fd_sc_hd__and2b_2)
     1    0.00                           _012770_ (net)
                  0.04    0.00   26.35 v _059227_/B1 (sky130_fd_sc_hd__a21oi_2)
                  0.20    0.19   26.54 ^ _059227_/Y (sky130_fd_sc_hd__a21oi_2)
     2    0.01                           _012771_ (net)
                  0.20    0.00   26.54 ^ _059229_/A2 (sky130_fd_sc_hd__o21bai_2)
                  0.07    0.10   26.65 v _059229_/Y (sky130_fd_sc_hd__o21bai_2)
     1    0.01                           _012773_ (net)
                  0.07    0.00   26.65 v _059291_/A (sky130_fd_sc_hd__xnor2_2)
                  0.14    0.22   26.87 v _059291_/Y (sky130_fd_sc_hd__xnor2_2)
     4    0.03                           _012835_ (net)
                  0.14    0.00   26.87 v _059295_/A2 (sky130_fd_sc_hd__a21o_2)
                  0.03    0.25   27.12 v _059295_/X (sky130_fd_sc_hd__a21o_2)
     1    0.00                           _012839_ (net)
                  0.03    0.00   27.12 v _059296_/B (sky130_fd_sc_hd__and2_2)
                  0.06    0.22   27.34 v _059296_/X (sky130_fd_sc_hd__and2_2)
     2    0.01                           _012840_ (net)
                  0.06    0.00   27.34 v _059297_/B1 (sky130_fd_sc_hd__a21o_2)
                  0.06    0.23   27.57 v _059297_/X (sky130_fd_sc_hd__a21o_2)
     2    0.01                           _012841_ (net)
                  0.06    0.00   27.57 v _059298_/A0 (sky130_fd_sc_hd__mux2_2)
                  0.06    0.29   27.86 v _059298_/X (sky130_fd_sc_hd__mux2_2)
     2    0.01                           _012842_ (net)
                  0.06    0.00   27.86 v _059299_/B1 (sky130_fd_sc_hd__a22oi_2)
                  0.77    0.62   28.47 ^ _059299_/Y (sky130_fd_sc_hd__a22oi_2)
     2    0.06                           _012843_ (net)
                  0.77    0.02   28.49 ^ _059300_/B (sky130_fd_sc_hd__nand2_2)
                  0.14    0.12   28.62 v _059300_/Y (sky130_fd_sc_hd__nand2_2)
     2    0.01                           _012844_ (net)
                  0.14    0.00   28.62 v _060017_/A (sky130_fd_sc_hd__or3_2)
                  0.09    0.56   29.17 v _060017_/X (sky130_fd_sc_hd__or3_2)
     3    0.01                           _013503_ (net)
                  0.09    0.00   29.17 v _061200_/C (sky130_fd_sc_hd__or3_2)
                  0.09    0.46   29.63 v _061200_/X (sky130_fd_sc_hd__or3_2)
     2    0.01                           _014544_ (net)
                  0.09    0.00   29.63 v _061201_/A (sky130_fd_sc_hd__buf_1)
                  0.12    0.19   29.82 v _061201_/X (sky130_fd_sc_hd__buf_1)
     5    0.02                           _014545_ (net)
                  0.12    0.00   29.82 v _061202_/B (sky130_fd_sc_hd__nor2_2)
                  0.11    0.14   29.96 ^ _061202_/Y (sky130_fd_sc_hd__nor2_2)
     3    0.01                           _014546_ (net)
                  0.11    0.00   29.96 ^ _061203_/A (sky130_fd_sc_hd__buf_1)
                  0.23    0.24   30.20 ^ _061203_/X (sky130_fd_sc_hd__buf_1)
     5    0.02                           _014547_ (net)
                  0.23    0.00   30.20 ^ _061208_/S (sky130_fd_sc_hd__mux2_2)
                  0.42    0.49   30.69 ^ _061208_/X (sky130_fd_sc_hd__mux2_2)
     1    0.08                           _014550_ (net)
                  0.43    0.04   30.73 ^ _061209_/A (sky130_fd_sc_hd__buf_1)
                  0.40    0.40   31.13 ^ _061209_/X (sky130_fd_sc_hd__buf_1)
     1    0.03                           SRAMADDR_Sys0_S1[2] (net)
                  0.40    0.00   31.13 ^ SRAMADDR_Sys0_S1[2] (out)
                                 31.13   data arrival time

                  0.00   10.00   10.00   clock clk (rise edge)
                          0.00   10.00   clock network delay (ideal)
                         -0.25    9.75   clock uncertainty
                          0.00    9.75   clock reconvergence pessimism
                         -2.00    7.75   output external delay
                                  7.75   data required time
-----------------------------------------------------------------------------
                                  7.75   data required time
                                -31.13   data arrival time
-----------------------------------------------------------------------------
                                -23.38   slack (VIOLATED)


Startpoint: _118077_ (rising edge-triggered flip-flop)
Endpoint: SRAMADDR_Sys0_S1[4] (output port clocked by clk)
Path Group: clk
Path Type: max

Fanout     Cap    Slew   Delay    Time   Description
-----------------------------------------------------------------------------
                121.69    0.00    0.00 ^ _118077_/CLK (sky130_fd_sc_hd__dfxtp_2)
                  0.15   14.46   14.46 ^ _118077_/Q (sky130_fd_sc_hd__dfxtp_2)
     5    0.03                           ibex_core.core.gen_regfile_ff.register_file_i.raddr_a_i[0] (net)
                  0.15    0.00   14.47 ^ _056170_/A (sky130_fd_sc_hd__buf_1)
                  0.31    0.31   14.77 ^ _056170_/X (sky130_fd_sc_hd__buf_1)
     5    0.03                           _009720_ (net)
                  0.31    0.00   14.78 ^ _056171_/A (sky130_fd_sc_hd__buf_1)
                  0.27    0.30   15.08 ^ _056171_/X (sky130_fd_sc_hd__buf_1)
     5    0.02                           _009721_ (net)
                  0.27    0.00   15.08 ^ _056172_/A (sky130_fd_sc_hd__buf_1)
                  0.35    0.35   15.43 ^ _056172_/X (sky130_fd_sc_hd__buf_1)
     5    0.03                           _009722_ (net)
                  0.35    0.00   15.43 ^ _056173_/A (sky130_fd_sc_hd__buf_1)
                  0.40    0.40   15.83 ^ _056173_/X (sky130_fd_sc_hd__buf_1)
     5    0.03                           _009723_ (net)
                  0.40    0.00   15.83 ^ _056174_/A (sky130_fd_sc_hd__buf_1)
                  0.31    0.34   16.17 ^ _056174_/X (sky130_fd_sc_hd__buf_1)
     5    0.03                           _009724_ (net)
                  0.31    0.00   16.17 ^ _056175_/A (sky130_fd_sc_hd__buf_1)
                  0.26    0.29   16.46 ^ _056175_/X (sky130_fd_sc_hd__buf_1)
     5    0.02                           _009725_ (net)
                  0.26    0.00   16.46 ^ _056176_/A (sky130_fd_sc_hd__buf_1)
                  0.36    0.36   16.83 ^ _056176_/X (sky130_fd_sc_hd__buf_1)
     5    0.03                           _009726_ (net)
                  0.36    0.00   16.83 ^ _056177_/A (sky130_fd_sc_hd__buf_1)
                  0.24    0.28   17.11 ^ _056177_/X (sky130_fd_sc_hd__buf_1)
     5    0.02                           _009727_ (net)
                  0.24    0.00   17.11 ^ _057152_/A (sky130_fd_sc_hd__buf_1)
                  0.35    0.35   17.46 ^ _057152_/X (sky130_fd_sc_hd__buf_1)
     5    0.03                           _010702_ (net)
                  0.35    0.00   17.46 ^ _057153_/A (sky130_fd_sc_hd__buf_1)
                  0.42    0.41   17.87 ^ _057153_/X (sky130_fd_sc_hd__buf_1)
     5    0.04                           _010703_ (net)
                  0.42    0.00   17.88 ^ _057409_/A (sky130_fd_sc_hd__buf_1)
                  0.64    0.58   18.45 ^ _057409_/X (sky130_fd_sc_hd__buf_1)
     5    0.06                           _010953_ (net)
                  0.64    0.00   18.45 ^ _057410_/A (sky130_fd_sc_hd__buf_1)
                  0.32    0.36   18.81 ^ _057410_/X (sky130_fd_sc_hd__buf_1)
     5    0.03                           _010954_ (net)
                  0.32    0.00   18.81 ^ _057411_/A (sky130_fd_sc_hd__buf_1)
                  0.47    0.45   19.26 ^ _057411_/X (sky130_fd_sc_hd__buf_1)
     5    0.04                           _010955_ (net)
                  0.47    0.00   19.26 ^ _057412_/A (sky130_fd_sc_hd__buf_1)
                  0.44    0.43   19.70 ^ _057412_/X (sky130_fd_sc_hd__buf_1)
     5    0.04                           _010956_ (net)
                  0.44    0.00   19.70 ^ _057413_/A (sky130_fd_sc_hd__buf_1)
                  0.35    0.37   20.07 ^ _057413_/X (sky130_fd_sc_hd__buf_1)
     5    0.03                           _010957_ (net)
                  0.35    0.00   20.07 ^ _058481_/A (sky130_fd_sc_hd__buf_1)
                  0.42    0.42   20.48 ^ _058481_/X (sky130_fd_sc_hd__buf_1)
     5    0.04                           _012025_ (net)
                  0.42    0.00   20.49 ^ _058482_/A (sky130_fd_sc_hd__buf_1)
                  0.35    0.37   20.85 ^ _058482_/X (sky130_fd_sc_hd__buf_1)
     5    0.03                           _012026_ (net)
                  0.35    0.00   20.86 ^ _058503_/S0 (sky130_fd_sc_hd__mux4_2)
                  0.09    0.59   21.45 v _058503_/X (sky130_fd_sc_hd__mux4_2)
     1    0.01                           _012047_ (net)
                  0.09    0.00   21.45 v _058504_/A2 (sky130_fd_sc_hd__a21o_2)
                  0.04    0.24   21.69 v _058504_/X (sky130_fd_sc_hd__a21o_2)
     1    0.00                           _012048_ (net)
                  0.04    0.00   21.69 v _058505_/B2 (sky130_fd_sc_hd__o221ai_2)
                  0.16    0.14   21.83 ^ _058505_/Y (sky130_fd_sc_hd__o221ai_2)
     1    0.01                           _012049_ (net)
                  0.16    0.00   21.83 ^ _058506_/B1 (sky130_fd_sc_hd__o31ai_2)
                  0.22    0.23   22.06 v _058506_/Y (sky130_fd_sc_hd__o31ai_2)
     5    0.05                           _012050_ (net)
                  0.22    0.01   22.07 v _058509_/A2 (sky130_fd_sc_hd__o21ai_2)
                  0.25    0.31   22.38 ^ _058509_/Y (sky130_fd_sc_hd__o21ai_2)
     3    0.02                           _012053_ (net)
                  0.25    0.00   22.38 ^ _058510_/A2_N (sky130_fd_sc_hd__a2bb2o_2)
                  0.04    0.31   22.69 v _058510_/X (sky130_fd_sc_hd__a2bb2o_2)
     2    0.00                           _012054_ (net)
                  0.04    0.00   22.69 v _058546_/A (sky130_fd_sc_hd__or2_2)
                  0.06    0.31   23.00 v _058546_/X (sky130_fd_sc_hd__or2_2)
     2    0.00                           _012090_ (net)
                  0.06    0.00   23.00 v _058909_/A1 (sky130_fd_sc_hd__a21o_2)
                  0.05    0.23   23.22 v _058909_/X (sky130_fd_sc_hd__a21o_2)
     2    0.01                           _012453_ (net)
                  0.05    0.00   23.22 v _058910_/A2 (sky130_fd_sc_hd__a21o_2)
                  0.06    0.26   23.48 v _058910_/X (sky130_fd_sc_hd__a21o_2)
     2    0.01                           _012454_ (net)
                  0.06    0.00   23.48 v _058911_/A2 (sky130_fd_sc_hd__a21oi_2)
                  0.17    0.21   23.69 ^ _058911_/Y (sky130_fd_sc_hd__a21oi_2)
     2    0.01                           _012455_ (net)
                  0.17    0.00   23.69 ^ _058912_/B (sky130_fd_sc_hd__and2_2)
                  0.05    0.19   23.88 ^ _058912_/X (sky130_fd_sc_hd__and2_2)
     2    0.01                           _012456_ (net)
                  0.05    0.00   23.88 ^ _058913_/C (sky130_fd_sc_hd__or3_2)
                  0.03    0.11   23.99 ^ _058913_/X (sky130_fd_sc_hd__or3_2)
     2    0.00                           _012457_ (net)
                  0.03    0.00   23.99 ^ _058914_/B1_N (sky130_fd_sc_hd__a21boi_2)
                  0.19    0.23   24.22 ^ _058914_/Y (sky130_fd_sc_hd__a21boi_2)
     2    0.01                           _012458_ (net)
                  0.19    0.00   24.22 ^ _058915_/A2 (sky130_fd_sc_hd__o21bai_2)
                  0.09    0.12   24.34 v _058915_/Y (sky130_fd_sc_hd__o21bai_2)
     2    0.01                           _012459_ (net)
                  0.09    0.00   24.34 v _058917_/A2 (sky130_fd_sc_hd__a21oi_2)
                  0.20    0.24   24.58 ^ _058917_/Y (sky130_fd_sc_hd__a21oi_2)
     2    0.01                           _012461_ (net)
                  0.20    0.00   24.58 ^ _058919_/A2 (sky130_fd_sc_hd__o21ai_2)
                  0.08    0.12   24.70 v _058919_/Y (sky130_fd_sc_hd__o21ai_2)
     2    0.01                           _012463_ (net)
                  0.08    0.00   24.70 v _058920_/A2 (sky130_fd_sc_hd__a21boi_2)
                  0.13    0.18   24.88 ^ _058920_/Y (sky130_fd_sc_hd__a21boi_2)
     2    0.01                           _012464_ (net)
                  0.13    0.00   24.88 ^ _058921_/B (sky130_fd_sc_hd__nor2_2)
                  0.05    0.07   24.95 v _058921_/Y (sky130_fd_sc_hd__nor2_2)
     2    0.01                           _012465_ (net)
                  0.05    0.00   24.95 v _058922_/B1 (sky130_fd_sc_hd__a21oi_2)
                  0.19    0.19   25.14 ^ _058922_/Y (sky130_fd_sc_hd__a21oi_2)
     2    0.01                           _012466_ (net)
                  0.19    0.00   25.14 ^ _058923_/B (sky130_fd_sc_hd__nor2_2)
                  0.05    0.06   25.19 v _058923_/Y (sky130_fd_sc_hd__nor2_2)
     1    0.00                           _012467_ (net)
                  0.05    0.00   25.19 v _058924_/B1 (sky130_fd_sc_hd__a21oi_2)
                  0.35    0.30   25.49 ^ _058924_/Y (sky130_fd_sc_hd__a21oi_2)
     3    0.03                           _012468_ (net)
                  0.35    0.00   25.49 ^ _058926_/A2 (sky130_fd_sc_hd__o21ai_2)
                  0.08    0.12   25.62 v _058926_/Y (sky130_fd_sc_hd__o21ai_2)
     2    0.01                           _012470_ (net)
                  0.08    0.00   25.62 v _059130_/B (sky130_fd_sc_hd__and2b_2)
                  0.04    0.22   25.83 v _059130_/X (sky130_fd_sc_hd__and2b_2)
     1    0.00                           _012674_ (net)
                  0.04    0.00   25.83 v _059131_/B1 (sky130_fd_sc_hd__a21oi_2)
                  0.21    0.20   26.03 ^ _059131_/Y (sky130_fd_sc_hd__a21oi_2)
     2    0.02                           _012675_ (net)
                  0.21    0.00   26.03 ^ _059133_/A2 (sky130_fd_sc_hd__o21ai_2)
                  0.07    0.10   26.14 v _059133_/Y (sky130_fd_sc_hd__o21ai_2)
     2    0.01                           _012677_ (net)
                  0.07    0.00   26.14 v _059226_/B (sky130_fd_sc_hd__and2b_2)
                  0.04    0.21   26.35 v _059226_/X (sky130_fd_sc_hd__and2b_2)
     1    0.00                           _012770_ (net)
                  0.04    0.00   26.35 v _059227_/B1 (sky130_fd_sc_hd__a21oi_2)
                  0.20    0.19   26.54 ^ _059227_/Y (sky130_fd_sc_hd__a21oi_2)
     2    0.01                           _012771_ (net)
                  0.20    0.00   26.54 ^ _059229_/A2 (sky130_fd_sc_hd__o21bai_2)
                  0.07    0.10   26.65 v _059229_/Y (sky130_fd_sc_hd__o21bai_2)
     1    0.01                           _012773_ (net)
                  0.07    0.00   26.65 v _059291_/A (sky130_fd_sc_hd__xnor2_2)
                  0.14    0.22   26.87 v _059291_/Y (sky130_fd_sc_hd__xnor2_2)
     4    0.03                           _012835_ (net)
                  0.14    0.00   26.87 v _059295_/A2 (sky130_fd_sc_hd__a21o_2)
                  0.03    0.25   27.12 v _059295_/X (sky130_fd_sc_hd__a21o_2)
     1    0.00                           _012839_ (net)
                  0.03    0.00   27.12 v _059296_/B (sky130_fd_sc_hd__and2_2)
                  0.06    0.22   27.34 v _059296_/X (sky130_fd_sc_hd__and2_2)
     2    0.01                           _012840_ (net)
                  0.06    0.00   27.34 v _059297_/B1 (sky130_fd_sc_hd__a21o_2)
                  0.06    0.23   27.57 v _059297_/X (sky130_fd_sc_hd__a21o_2)
     2    0.01                           _012841_ (net)
                  0.06    0.00   27.57 v _059298_/A0 (sky130_fd_sc_hd__mux2_2)
                  0.06    0.29   27.86 v _059298_/X (sky130_fd_sc_hd__mux2_2)
     2    0.01                           _012842_ (net)
                  0.06    0.00   27.86 v _059299_/B1 (sky130_fd_sc_hd__a22oi_2)
                  0.77    0.62   28.47 ^ _059299_/Y (sky130_fd_sc_hd__a22oi_2)
     2    0.06                           _012843_ (net)
                  0.77    0.02   28.49 ^ _059300_/B (sky130_fd_sc_hd__nand2_2)
                  0.14    0.12   28.62 v _059300_/Y (sky130_fd_sc_hd__nand2_2)
     2    0.01                           _012844_ (net)
                  0.14    0.00   28.62 v _060017_/A (sky130_fd_sc_hd__or3_2)
                  0.09    0.56   29.17 v _060017_/X (sky130_fd_sc_hd__or3_2)
     3    0.01                           _013503_ (net)
                  0.09    0.00   29.17 v _061200_/C (sky130_fd_sc_hd__or3_2)
                  0.09    0.46   29.63 v _061200_/X (sky130_fd_sc_hd__or3_2)
     2    0.01                           _014544_ (net)
                  0.09    0.00   29.63 v _061201_/A (sky130_fd_sc_hd__buf_1)
                  0.12    0.19   29.82 v _061201_/X (sky130_fd_sc_hd__buf_1)
     5    0.02                           _014545_ (net)
                  0.12    0.00   29.82 v _061202_/B (sky130_fd_sc_hd__nor2_2)
                  0.11    0.14   29.96 ^ _061202_/Y (sky130_fd_sc_hd__nor2_2)
     3    0.01                           _014546_ (net)
                  0.11    0.00   29.96 ^ _061210_/A (sky130_fd_sc_hd__buf_1)
                  0.28    0.28   30.24 ^ _061210_/X (sky130_fd_sc_hd__buf_1)
     5    0.02                           _014551_ (net)
                  0.28    0.00   30.24 ^ _061213_/S (sky130_fd_sc_hd__mux2_2)
                  0.24    0.38   30.62 ^ _061213_/X (sky130_fd_sc_hd__mux2_2)
     1    0.05                           _014553_ (net)
                  0.24    0.01   30.64 ^ _061214_/A (sky130_fd_sc_hd__buf_1)
                  0.55    0.49   31.12 ^ _061214_/X (sky130_fd_sc_hd__buf_1)
     1    0.03                           SRAMADDR_Sys0_S1[4] (net)
                  0.55    0.01   31.13 ^ SRAMADDR_Sys0_S1[4] (out)
                                 31.13   data arrival time

                  0.00   10.00   10.00   clock clk (rise edge)
                          0.00   10.00   clock network delay (ideal)
                         -0.25    9.75   clock uncertainty
                          0.00    9.75   clock reconvergence pessimism
                         -2.00    7.75   output external delay
                                  7.75   data required time
-----------------------------------------------------------------------------
                                  7.75   data required time
                                -31.13   data arrival time
-----------------------------------------------------------------------------
                                -23.38   slack (VIOLATED)


Startpoint: _118077_ (rising edge-triggered flip-flop)
Endpoint: SRAMADDR_Sys0_S1[11] (output port clocked by clk)
Path Group: clk
Path Type: max

Fanout     Cap    Slew   Delay    Time   Description
-----------------------------------------------------------------------------
                121.69    0.00    0.00 ^ _118077_/CLK (sky130_fd_sc_hd__dfxtp_2)
                  0.15   14.46   14.46 ^ _118077_/Q (sky130_fd_sc_hd__dfxtp_2)
     5    0.03                           ibex_core.core.gen_regfile_ff.register_file_i.raddr_a_i[0] (net)
                  0.15    0.00   14.47 ^ _056170_/A (sky130_fd_sc_hd__buf_1)
                  0.31    0.31   14.77 ^ _056170_/X (sky130_fd_sc_hd__buf_1)
     5    0.03                           _009720_ (net)
                  0.31    0.00   14.78 ^ _056171_/A (sky130_fd_sc_hd__buf_1)
                  0.27    0.30   15.08 ^ _056171_/X (sky130_fd_sc_hd__buf_1)
     5    0.02                           _009721_ (net)
                  0.27    0.00   15.08 ^ _056172_/A (sky130_fd_sc_hd__buf_1)
                  0.35    0.35   15.43 ^ _056172_/X (sky130_fd_sc_hd__buf_1)
     5    0.03                           _009722_ (net)
                  0.35    0.00   15.43 ^ _056173_/A (sky130_fd_sc_hd__buf_1)
                  0.40    0.40   15.83 ^ _056173_/X (sky130_fd_sc_hd__buf_1)
     5    0.03                           _009723_ (net)
                  0.40    0.00   15.83 ^ _056174_/A (sky130_fd_sc_hd__buf_1)
                  0.31    0.34   16.17 ^ _056174_/X (sky130_fd_sc_hd__buf_1)
     5    0.03                           _009724_ (net)
                  0.31    0.00   16.17 ^ _056175_/A (sky130_fd_sc_hd__buf_1)
                  0.26    0.29   16.46 ^ _056175_/X (sky130_fd_sc_hd__buf_1)
     5    0.02                           _009725_ (net)
                  0.26    0.00   16.46 ^ _056176_/A (sky130_fd_sc_hd__buf_1)
                  0.36    0.36   16.83 ^ _056176_/X (sky130_fd_sc_hd__buf_1)
     5    0.03                           _009726_ (net)
                  0.36    0.00   16.83 ^ _056177_/A (sky130_fd_sc_hd__buf_1)
                  0.24    0.28   17.11 ^ _056177_/X (sky130_fd_sc_hd__buf_1)
     5    0.02                           _009727_ (net)
                  0.24    0.00   17.11 ^ _057152_/A (sky130_fd_sc_hd__buf_1)
                  0.35    0.35   17.46 ^ _057152_/X (sky130_fd_sc_hd__buf_1)
     5    0.03                           _010702_ (net)
                  0.35    0.00   17.46 ^ _057153_/A (sky130_fd_sc_hd__buf_1)
                  0.42    0.41   17.87 ^ _057153_/X (sky130_fd_sc_hd__buf_1)
     5    0.04                           _010703_ (net)
                  0.42    0.00   17.88 ^ _057409_/A (sky130_fd_sc_hd__buf_1)
                  0.64    0.58   18.45 ^ _057409_/X (sky130_fd_sc_hd__buf_1)
     5    0.06                           _010953_ (net)
                  0.64    0.00   18.45 ^ _057410_/A (sky130_fd_sc_hd__buf_1)
                  0.32    0.36   18.81 ^ _057410_/X (sky130_fd_sc_hd__buf_1)
     5    0.03                           _010954_ (net)
                  0.32    0.00   18.81 ^ _057411_/A (sky130_fd_sc_hd__buf_1)
                  0.47    0.45   19.26 ^ _057411_/X (sky130_fd_sc_hd__buf_1)
     5    0.04                           _010955_ (net)
                  0.47    0.00   19.26 ^ _057412_/A (sky130_fd_sc_hd__buf_1)
                  0.44    0.43   19.70 ^ _057412_/X (sky130_fd_sc_hd__buf_1)
     5    0.04                           _010956_ (net)
                  0.44    0.00   19.70 ^ _057413_/A (sky130_fd_sc_hd__buf_1)
                  0.35    0.37   20.07 ^ _057413_/X (sky130_fd_sc_hd__buf_1)
     5    0.03                           _010957_ (net)
                  0.35    0.00   20.07 ^ _058481_/A (sky130_fd_sc_hd__buf_1)
                  0.42    0.42   20.48 ^ _058481_/X (sky130_fd_sc_hd__buf_1)
     5    0.04                           _012025_ (net)
                  0.42    0.00   20.49 ^ _058482_/A (sky130_fd_sc_hd__buf_1)
                  0.35    0.37   20.85 ^ _058482_/X (sky130_fd_sc_hd__buf_1)
     5    0.03                           _012026_ (net)
                  0.35    0.00   20.86 ^ _058503_/S0 (sky130_fd_sc_hd__mux4_2)
                  0.09    0.59   21.45 v _058503_/X (sky130_fd_sc_hd__mux4_2)
     1    0.01                           _012047_ (net)
                  0.09    0.00   21.45 v _058504_/A2 (sky130_fd_sc_hd__a21o_2)
                  0.04    0.24   21.69 v _058504_/X (sky130_fd_sc_hd__a21o_2)
     1    0.00                           _012048_ (net)
                  0.04    0.00   21.69 v _058505_/B2 (sky130_fd_sc_hd__o221ai_2)
                  0.16    0.14   21.83 ^ _058505_/Y (sky130_fd_sc_hd__o221ai_2)
     1    0.01                           _012049_ (net)
                  0.16    0.00   21.83 ^ _058506_/B1 (sky130_fd_sc_hd__o31ai_2)
                  0.22    0.23   22.06 v _058506_/Y (sky130_fd_sc_hd__o31ai_2)
     5    0.05                           _012050_ (net)
                  0.22    0.01   22.07 v _058509_/A2 (sky130_fd_sc_hd__o21ai_2)
                  0.25    0.31   22.38 ^ _058509_/Y (sky130_fd_sc_hd__o21ai_2)
     3    0.02                           _012053_ (net)
                  0.25    0.00   22.38 ^ _058510_/A2_N (sky130_fd_sc_hd__a2bb2o_2)
                  0.04    0.31   22.69 v _058510_/X (sky130_fd_sc_hd__a2bb2o_2)
     2    0.00                           _012054_ (net)
                  0.04    0.00   22.69 v _058546_/A (sky130_fd_sc_hd__or2_2)
                  0.06    0.31   23.00 v _058546_/X (sky130_fd_sc_hd__or2_2)
     2    0.00                           _012090_ (net)
                  0.06    0.00   23.00 v _058909_/A1 (sky130_fd_sc_hd__a21o_2)
                  0.05    0.23   23.22 v _058909_/X (sky130_fd_sc_hd__a21o_2)
     2    0.01                           _012453_ (net)
                  0.05    0.00   23.22 v _058910_/A2 (sky130_fd_sc_hd__a21o_2)
                  0.06    0.26   23.48 v _058910_/X (sky130_fd_sc_hd__a21o_2)
     2    0.01                           _012454_ (net)
                  0.06    0.00   23.48 v _058911_/A2 (sky130_fd_sc_hd__a21oi_2)
                  0.17    0.21   23.69 ^ _058911_/Y (sky130_fd_sc_hd__a21oi_2)
     2    0.01                           _012455_ (net)
                  0.17    0.00   23.69 ^ _058912_/B (sky130_fd_sc_hd__and2_2)
                  0.05    0.19   23.88 ^ _058912_/X (sky130_fd_sc_hd__and2_2)
     2    0.01                           _012456_ (net)
                  0.05    0.00   23.88 ^ _058913_/C (sky130_fd_sc_hd__or3_2)
                  0.03    0.11   23.99 ^ _058913_/X (sky130_fd_sc_hd__or3_2)
     2    0.00                           _012457_ (net)
                  0.03    0.00   23.99 ^ _058914_/B1_N (sky130_fd_sc_hd__a21boi_2)
                  0.19    0.23   24.22 ^ _058914_/Y (sky130_fd_sc_hd__a21boi_2)
     2    0.01                           _012458_ (net)
                  0.19    0.00   24.22 ^ _058915_/A2 (sky130_fd_sc_hd__o21bai_2)
                  0.09    0.12   24.34 v _058915_/Y (sky130_fd_sc_hd__o21bai_2)
     2    0.01                           _012459_ (net)
                  0.09    0.00   24.34 v _058917_/A2 (sky130_fd_sc_hd__a21oi_2)
                  0.20    0.24   24.58 ^ _058917_/Y (sky130_fd_sc_hd__a21oi_2)
     2    0.01                           _012461_ (net)
                  0.20    0.00   24.58 ^ _058919_/A2 (sky130_fd_sc_hd__o21ai_2)
                  0.08    0.12   24.70 v _058919_/Y (sky130_fd_sc_hd__o21ai_2)
     2    0.01                           _012463_ (net)
                  0.08    0.00   24.70 v _058920_/A2 (sky130_fd_sc_hd__a21boi_2)
                  0.13    0.18   24.88 ^ _058920_/Y (sky130_fd_sc_hd__a21boi_2)
     2    0.01                           _012464_ (net)
                  0.13    0.00   24.88 ^ _058921_/B (sky130_fd_sc_hd__nor2_2)
                  0.05    0.07   24.95 v _058921_/Y (sky130_fd_sc_hd__nor2_2)
     2    0.01                           _012465_ (net)
                  0.05    0.00   24.95 v _058922_/B1 (sky130_fd_sc_hd__a21oi_2)
                  0.19    0.19   25.14 ^ _058922_/Y (sky130_fd_sc_hd__a21oi_2)
     2    0.01                           _012466_ (net)
                  0.19    0.00   25.14 ^ _058923_/B (sky130_fd_sc_hd__nor2_2)
                  0.05    0.06   25.19 v _058923_/Y (sky130_fd_sc_hd__nor2_2)
     1    0.00                           _012467_ (net)
                  0.05    0.00   25.19 v _058924_/B1 (sky130_fd_sc_hd__a21oi_2)
                  0.35    0.30   25.49 ^ _058924_/Y (sky130_fd_sc_hd__a21oi_2)
     3    0.03                           _012468_ (net)
                  0.35    0.00   25.49 ^ _058926_/A2 (sky130_fd_sc_hd__o21ai_2)
                  0.08    0.12   25.62 v _058926_/Y (sky130_fd_sc_hd__o21ai_2)
     2    0.01                           _012470_ (net)
                  0.08    0.00   25.62 v _059130_/B (sky130_fd_sc_hd__and2b_2)
                  0.04    0.22   25.83 v _059130_/X (sky130_fd_sc_hd__and2b_2)
     1    0.00                           _012674_ (net)
                  0.04    0.00   25.83 v _059131_/B1 (sky130_fd_sc_hd__a21oi_2)
                  0.21    0.20   26.03 ^ _059131_/Y (sky130_fd_sc_hd__a21oi_2)
     2    0.02                           _012675_ (net)
                  0.21    0.00   26.03 ^ _059133_/A2 (sky130_fd_sc_hd__o21ai_2)
                  0.07    0.10   26.14 v _059133_/Y (sky130_fd_sc_hd__o21ai_2)
     2    0.01                           _012677_ (net)
                  0.07    0.00   26.14 v _059226_/B (sky130_fd_sc_hd__and2b_2)
                  0.04    0.21   26.35 v _059226_/X (sky130_fd_sc_hd__and2b_2)
     1    0.00                           _012770_ (net)
                  0.04    0.00   26.35 v _059227_/B1 (sky130_fd_sc_hd__a21oi_2)
                  0.20    0.19   26.54 ^ _059227_/Y (sky130_fd_sc_hd__a21oi_2)
     2    0.01                           _012771_ (net)
                  0.20    0.00   26.54 ^ _059229_/A2 (sky130_fd_sc_hd__o21bai_2)
                  0.07    0.10   26.65 v _059229_/Y (sky130_fd_sc_hd__o21bai_2)
     1    0.01                           _012773_ (net)
                  0.07    0.00   26.65 v _059291_/A (sky130_fd_sc_hd__xnor2_2)
                  0.14    0.22   26.87 v _059291_/Y (sky130_fd_sc_hd__xnor2_2)
     4    0.03                           _012835_ (net)
                  0.14    0.00   26.87 v _059295_/A2 (sky130_fd_sc_hd__a21o_2)
                  0.03    0.25   27.12 v _059295_/X (sky130_fd_sc_hd__a21o_2)
     1    0.00                           _012839_ (net)
                  0.03    0.00   27.12 v _059296_/B (sky130_fd_sc_hd__and2_2)
                  0.06    0.22   27.34 v _059296_/X (sky130_fd_sc_hd__and2_2)
     2    0.01                           _012840_ (net)
                  0.06    0.00   27.34 v _059297_/B1 (sky130_fd_sc_hd__a21o_2)
                  0.06    0.23   27.57 v _059297_/X (sky130_fd_sc_hd__a21o_2)
     2    0.01                           _012841_ (net)
                  0.06    0.00   27.57 v _059298_/A0 (sky130_fd_sc_hd__mux2_2)
                  0.06    0.29   27.86 v _059298_/X (sky130_fd_sc_hd__mux2_2)
     2    0.01                           _012842_ (net)
                  0.06    0.00   27.86 v _059299_/B1 (sky130_fd_sc_hd__a22oi_2)
                  0.77    0.62   28.47 ^ _059299_/Y (sky130_fd_sc_hd__a22oi_2)
     2    0.06                           _012843_ (net)
                  0.77    0.02   28.49 ^ _059300_/B (sky130_fd_sc_hd__nand2_2)
                  0.14    0.12   28.62 v _059300_/Y (sky130_fd_sc_hd__nand2_2)
     2    0.01                           _012844_ (net)
                  0.14    0.00   28.62 v _060017_/A (sky130_fd_sc_hd__or3_2)
                  0.09    0.56   29.17 v _060017_/X (sky130_fd_sc_hd__or3_2)
     3    0.01                           _013503_ (net)
                  0.09    0.00   29.17 v _061200_/C (sky130_fd_sc_hd__or3_2)
                  0.09    0.46   29.63 v _061200_/X (sky130_fd_sc_hd__or3_2)
     2    0.01                           _014544_ (net)
                  0.09    0.00   29.63 v _061201_/A (sky130_fd_sc_hd__buf_1)
                  0.12    0.19   29.82 v _061201_/X (sky130_fd_sc_hd__buf_1)
     5    0.02                           _014545_ (net)
                  0.12    0.00   29.82 v _061202_/B (sky130_fd_sc_hd__nor2_2)
                  0.11    0.14   29.96 ^ _061202_/Y (sky130_fd_sc_hd__nor2_2)
     3    0.01                           _014546_ (net)
                  0.11    0.00   29.96 ^ _061221_/A (sky130_fd_sc_hd__buf_1)
                  0.25    0.26   30.22 ^ _061221_/X (sky130_fd_sc_hd__buf_1)
     5    0.02                           _014557_ (net)
                  0.25    0.00   30.22 ^ _061228_/S (sky130_fd_sc_hd__mux2_2)
                  0.37    0.46   30.68 ^ _061228_/X (sky130_fd_sc_hd__mux2_2)
     1    0.07                           _014561_ (net)
                  0.37    0.03   30.71 ^ _061229_/A (sky130_fd_sc_hd__buf_1)
                  0.40    0.40   31.11 ^ _061229_/X (sky130_fd_sc_hd__buf_1)
     1    0.03                           SRAMADDR_Sys0_S1[11] (net)
                  0.40    0.00   31.11 ^ SRAMADDR_Sys0_S1[11] (out)
                                 31.11   data arrival time

                  0.00   10.00   10.00   clock clk (rise edge)
                          0.00   10.00   clock network delay (ideal)
                         -0.25    9.75   clock uncertainty
                          0.00    9.75   clock reconvergence pessimism
                         -2.00    7.75   output external delay
                                  7.75   data required time
-----------------------------------------------------------------------------
                                  7.75   data required time
                                -31.11   data arrival time
-----------------------------------------------------------------------------
                                -23.36   slack (VIOLATED)


