
===========================================================================
report_checks -path_delay max (Setup)
============================================================================
Startpoint: _118065_ (rising edge-triggered flip-flop)
Endpoint: SRAMADDR_Sys0_S1[0] (output port clocked by clk)
Path Group: clk
Path Type: max

Fanout     Cap    Slew   Delay    Time   Description
-----------------------------------------------------------------------------
                  0.15    0.00    0.00 ^ _118065_/CLK (sky130_fd_sc_hd__dfxtp_1)
                  0.04    0.36    0.36 v _118065_/Q (sky130_fd_sc_hd__dfxtp_1)
     2    0.01                           ibex_core.core.id_stage_i.controller_i.instr_i[3] (net)
                  0.04    0.00    0.36 v _056095_/A (sky130_fd_sc_hd__dlymetal6s2s_1)
                  0.10    0.20    0.56 v _056095_/X (sky130_fd_sc_hd__dlymetal6s2s_1)
     5    0.02                           _009645_ (net)
                  0.10    0.00    0.56 v _056131_/B (sky130_fd_sc_hd__or4bb_2)
                  0.14    0.72    1.27 v _056131_/X (sky130_fd_sc_hd__or4bb_2)
     5    0.01                           _009681_ (net)
                  0.14    0.00    1.27 v _056443_/B (sky130_fd_sc_hd__or4b_2)
                  0.14    0.76    2.03 v _056443_/X (sky130_fd_sc_hd__or4b_2)
     4    0.01                           _009993_ (net)
                  0.14    0.00    2.03 v _056450_/C1 (sky130_fd_sc_hd__o211a_1)
                  0.04    0.16    2.18 v _056450_/X (sky130_fd_sc_hd__o211a_1)
     2    0.00                           _010000_ (net)
                  0.04    0.00    2.18 v _056454_/A_N (sky130_fd_sc_hd__and2b_1)
                  0.11    0.25    2.43 ^ _056454_/X (sky130_fd_sc_hd__and2b_1)
     4    0.01                           _010004_ (net)
                  0.11    0.00    2.43 ^ _056457_/A2 (sky130_fd_sc_hd__o21a_1)
                  0.06    0.14    2.57 ^ _056457_/X (sky130_fd_sc_hd__o21a_1)
     2    0.01                           _010007_ (net)
                  0.06    0.00    2.57 ^ _056458_/A (sky130_fd_sc_hd__dlymetal6s2s_1)
                  0.20    0.22    2.79 ^ _056458_/X (sky130_fd_sc_hd__dlymetal6s2s_1)
     5    0.02                           _010008_ (net)
                  0.20    0.00    2.79 ^ _056805_/A2 (sky130_fd_sc_hd__a21oi_1)
                  0.07    0.12    2.91 v _056805_/Y (sky130_fd_sc_hd__a21oi_1)
     1    0.01                           _010355_ (net)
                  0.07    0.00    2.91 v _056806_/B2 (sky130_fd_sc_hd__a22o_4)
                  0.08    0.29    3.20 v _056806_/X (sky130_fd_sc_hd__a22o_4)
     4    0.04                           _010356_ (net)
                  0.08    0.00    3.20 v _056808_/A2 (sky130_fd_sc_hd__o211a_1)
                  0.05    0.24    3.44 v _056808_/X (sky130_fd_sc_hd__o211a_1)
     2    0.01                           _010358_ (net)
                  0.05    0.00    3.44 v _056812_/C (sky130_fd_sc_hd__or4_1)
                  0.13    0.56    4.01 v _056812_/X (sky130_fd_sc_hd__or4_1)
     2    0.01                           _010362_ (net)
                  0.13    0.00    4.01 v _056940_/A1 (sky130_fd_sc_hd__a21oi_4)
                  0.22    0.26    4.27 ^ _056940_/Y (sky130_fd_sc_hd__a21oi_4)
     2    0.03                           _010490_ (net)
                  0.22    0.00    4.27 ^ _056941_/A2 (sky130_fd_sc_hd__o21bai_4)
                  0.08    0.11    4.38 v _056941_/Y (sky130_fd_sc_hd__o21bai_4)
     2    0.02                           _010491_ (net)
                  0.08    0.00    4.38 v _056943_/A2 (sky130_fd_sc_hd__a21o_1)
                  0.10    0.26    4.65 v _056943_/X (sky130_fd_sc_hd__a21o_1)
     2    0.02                           _010493_ (net)
                  0.10    0.00    4.65 v _056945_/A2 (sky130_fd_sc_hd__a21o_1)
                  0.10    0.27    4.92 v _056945_/X (sky130_fd_sc_hd__a21o_1)
     2    0.02                           _010495_ (net)
                  0.10    0.00    4.92 v _056946_/A2 (sky130_fd_sc_hd__a21o_1)
                  0.10    0.27    5.20 v _056946_/X (sky130_fd_sc_hd__a21o_1)
     2    0.02                           _010496_ (net)
                  0.10    0.00    5.20 v _057291_/A2 (sky130_fd_sc_hd__a21bo_2)
                  0.07    0.29    5.49 v _057291_/X (sky130_fd_sc_hd__a21bo_2)
     2    0.02                           _010837_ (net)
                  0.07    0.00    5.49 v _058897_/A1 (sky130_fd_sc_hd__a21o_1)
                  0.10    0.24    5.73 v _058897_/X (sky130_fd_sc_hd__a21o_1)
     2    0.02                           _012441_ (net)
                  0.10    0.00    5.73 v _058899_/A2 (sky130_fd_sc_hd__a21o_1)
                  0.10    0.27    6.00 v _058899_/X (sky130_fd_sc_hd__a21o_1)
     2    0.02                           _012443_ (net)
                  0.10    0.00    6.00 v _058901_/A2 (sky130_fd_sc_hd__a21bo_1)
                  0.10    0.29    6.29 v _058901_/X (sky130_fd_sc_hd__a21bo_1)
     2    0.02                           _012445_ (net)
                  0.10    0.00    6.29 v _058903_/A2 (sky130_fd_sc_hd__a21o_1)
                  0.10    0.27    6.56 v _058903_/X (sky130_fd_sc_hd__a21o_1)
     2    0.02                           _012447_ (net)
                  0.10    0.00    6.56 v _058904_/A2 (sky130_fd_sc_hd__a21o_1)
                  0.10    0.27    6.84 v _058904_/X (sky130_fd_sc_hd__a21o_1)
     2    0.02                           _012448_ (net)
                  0.10    0.00    6.84 v _058906_/A2 (sky130_fd_sc_hd__a21bo_2)
                  0.07    0.29    7.13 v _058906_/X (sky130_fd_sc_hd__a21bo_2)
     2    0.02                           _012450_ (net)
                  0.07    0.00    7.13 v _058907_/A2 (sky130_fd_sc_hd__a21o_1)
                  0.10    0.26    7.39 v _058907_/X (sky130_fd_sc_hd__a21o_1)
     2    0.02                           _012451_ (net)
                  0.10    0.00    7.39 v _058909_/A2 (sky130_fd_sc_hd__a21o_1)
                  0.10    0.27    7.66 v _058909_/X (sky130_fd_sc_hd__a21o_1)
     2    0.02                           _012453_ (net)
                  0.10    0.00    7.66 v _058910_/A2 (sky130_fd_sc_hd__a21o_2)
                  0.09    0.30    7.96 v _058910_/X (sky130_fd_sc_hd__a21o_2)
     2    0.03                           _012454_ (net)
                  0.09    0.00    7.96 v _058911_/A2 (sky130_fd_sc_hd__a21oi_4)
                  0.19    0.24    8.20 ^ _058911_/Y (sky130_fd_sc_hd__a21oi_4)
     2    0.02                           _012455_ (net)
                  0.19    0.00    8.20 ^ _058912_/B (sky130_fd_sc_hd__and2_1)
                  0.07    0.18    8.38 ^ _058912_/X (sky130_fd_sc_hd__and2_1)
     2    0.01                           _012456_ (net)
                  0.07    0.00    8.38 ^ _058913_/C (sky130_fd_sc_hd__or3_1)
                  0.07    0.12    8.50 ^ _058913_/X (sky130_fd_sc_hd__or3_1)
     2    0.01                           _012457_ (net)
                  0.07    0.00    8.50 ^ _058914_/B1_N (sky130_fd_sc_hd__a21boi_4)
                  0.23    0.28    8.78 ^ _058914_/Y (sky130_fd_sc_hd__a21boi_4)
     2    0.03                           _012458_ (net)
                  0.23    0.00    8.78 ^ _058915_/A2 (sky130_fd_sc_hd__o21bai_4)
                  0.09    0.12    8.91 v _058915_/Y (sky130_fd_sc_hd__o21bai_4)
     2    0.02                           _012459_ (net)
                  0.09    0.00    8.91 v _058917_/A2 (sky130_fd_sc_hd__a21oi_4)
                  0.23    0.27    9.18 ^ _058917_/Y (sky130_fd_sc_hd__a21oi_4)
     2    0.03                           _012461_ (net)
                  0.23    0.00    9.18 ^ _058919_/A2 (sky130_fd_sc_hd__o21ai_4)
                  0.10    0.11    9.29 v _058919_/Y (sky130_fd_sc_hd__o21ai_4)
     2    0.02                           _012463_ (net)
                  0.10    0.00    9.29 v _058920_/A2 (sky130_fd_sc_hd__a21boi_1)
                  0.19    0.23    9.52 ^ _058920_/Y (sky130_fd_sc_hd__a21boi_1)
     2    0.01                           _012464_ (net)
                  0.19    0.00    9.52 ^ _058921_/B (sky130_fd_sc_hd__nor2_2)
                  0.08    0.11    9.63 v _058921_/Y (sky130_fd_sc_hd__nor2_2)
     2    0.02                           _012465_ (net)
                  0.08    0.00    9.63 v _058922_/B1 (sky130_fd_sc_hd__a21oi_2)
                  0.26    0.25    9.88 ^ _058922_/Y (sky130_fd_sc_hd__a21oi_2)
     2    0.02                           _012466_ (net)
                  0.26    0.00    9.88 ^ _058923_/B (sky130_fd_sc_hd__nor2_1)
                  0.09    0.12   10.00 v _058923_/Y (sky130_fd_sc_hd__nor2_1)
     1    0.01                           _012467_ (net)
                  0.09    0.00   10.00 v _058924_/B1 (sky130_fd_sc_hd__a21oi_4)
                  0.33    0.32   10.32 ^ _058924_/Y (sky130_fd_sc_hd__a21oi_4)
     3    0.04                           _012468_ (net)
                  0.33    0.00   10.32 ^ _058926_/A2 (sky130_fd_sc_hd__o21ai_2)
                  0.11    0.16   10.48 v _058926_/Y (sky130_fd_sc_hd__o21ai_2)
     2    0.02                           _012470_ (net)
                  0.11    0.00   10.48 v _059130_/B (sky130_fd_sc_hd__and2b_1)
                  0.06    0.22   10.69 v _059130_/X (sky130_fd_sc_hd__and2b_1)
     1    0.01                           _012674_ (net)
                  0.06    0.00   10.69 v _059131_/B1 (sky130_fd_sc_hd__a21oi_4)
                  0.21    0.21   10.90 ^ _059131_/Y (sky130_fd_sc_hd__a21oi_4)
     2    0.02                           _012675_ (net)
                  0.21    0.00   10.90 ^ _059133_/A2 (sky130_fd_sc_hd__o21ai_2)
                  0.10    0.13   11.03 v _059133_/Y (sky130_fd_sc_hd__o21ai_2)
     2    0.02                           _012677_ (net)
                  0.10    0.00   11.03 v _059226_/B (sky130_fd_sc_hd__and2b_1)
                  0.06    0.21   11.25 v _059226_/X (sky130_fd_sc_hd__and2b_1)
     1    0.01                           _012770_ (net)
                  0.06    0.00   11.25 v _059227_/B1 (sky130_fd_sc_hd__a21oi_4)
                  0.20    0.21   11.45 ^ _059227_/Y (sky130_fd_sc_hd__a21oi_4)
     2    0.02                           _012771_ (net)
                  0.20    0.00   11.45 ^ _059229_/A2 (sky130_fd_sc_hd__o21bai_2)
                  0.10    0.14   11.59 v _059229_/Y (sky130_fd_sc_hd__o21bai_2)
     1    0.02                           _012773_ (net)
                  0.10    0.00   11.59 v _059291_/A (sky130_fd_sc_hd__xnor2_4)
                  0.11    0.21   11.80 v _059291_/Y (sky130_fd_sc_hd__xnor2_4)
     4    0.03                           _012835_ (net)
                  0.11    0.00   11.80 v _059295_/A2 (sky130_fd_sc_hd__a21o_1)
                  0.03    0.20   12.00 v _059295_/X (sky130_fd_sc_hd__a21o_1)
     1    0.00                           _012839_ (net)
                  0.03    0.00   12.00 v _059296_/B (sky130_fd_sc_hd__and2_1)
                  0.08    0.20   12.20 v _059296_/X (sky130_fd_sc_hd__and2_1)
     2    0.01                           _012840_ (net)
                  0.08    0.00   12.20 v _059297_/B1 (sky130_fd_sc_hd__a21o_1)
                  0.06    0.20   12.40 v _059297_/X (sky130_fd_sc_hd__a21o_1)
     2    0.01                           _012841_ (net)
                  0.06    0.00   12.40 v _059298_/A0 (sky130_fd_sc_hd__mux2_1)
                  0.09    0.35   12.75 v _059298_/X (sky130_fd_sc_hd__mux2_1)
     2    0.01                           _012842_ (net)
                  0.09    0.00   12.75 v _059299_/B1 (sky130_fd_sc_hd__a22oi_4)
                  0.45    0.40   13.14 ^ _059299_/Y (sky130_fd_sc_hd__a22oi_4)
     2    0.06                           _012843_ (net)
                  0.45    0.02   13.16 ^ _059300_/B (sky130_fd_sc_hd__nand2_1)
                  0.11    0.12   13.29 v _059300_/Y (sky130_fd_sc_hd__nand2_1)
     2    0.00                           _012844_ (net)
                  0.11    0.00   13.29 v _060017_/A (sky130_fd_sc_hd__or3_1)
                  0.10    0.45   13.74 v _060017_/X (sky130_fd_sc_hd__or3_1)
     3    0.01                           _013503_ (net)
                  0.10    0.00   13.74 v _061200_/C (sky130_fd_sc_hd__or3_1)
                  0.09    0.37   14.10 v _061200_/X (sky130_fd_sc_hd__or3_1)
     2    0.01                           _014544_ (net)
                  0.09    0.00   14.10 v _061201_/A (sky130_fd_sc_hd__buf_2)
                  0.07    0.19   14.30 v _061201_/X (sky130_fd_sc_hd__buf_2)
     5    0.03                           _014545_ (net)
                  0.07    0.00   14.30 v _061202_/B (sky130_fd_sc_hd__nor2_1)
                  0.15    0.15   14.45 ^ _061202_/Y (sky130_fd_sc_hd__nor2_1)
     3    0.01                           _014546_ (net)
                  0.15    0.00   14.45 ^ _061203_/A (sky130_fd_sc_hd__buf_2)
                  0.17    0.25   14.69 ^ _061203_/X (sky130_fd_sc_hd__buf_2)
     5    0.03                           _014547_ (net)
                  0.17    0.00   14.69 ^ _061204_/S (sky130_fd_sc_hd__mux2_8)
                  0.11    0.47   15.16 v _061204_/X (sky130_fd_sc_hd__mux2_8)
     1    0.07                           _014548_ (net)
                  0.11    0.02   15.18 v _061205_/A (sky130_fd_sc_hd__dlymetal6s2s_1)
                  0.10    0.23   15.41 v _061205_/X (sky130_fd_sc_hd__dlymetal6s2s_1)
     1    0.02                           net159 (net)
                  0.10    0.00   15.42 v output159/A (sky130_fd_sc_hd__buf_2)
                  0.09    0.22   15.63 v output159/X (sky130_fd_sc_hd__buf_2)
     1    0.03                           SRAMADDR_Sys0_S1[0] (net)
                  0.09    0.00   15.63 v SRAMADDR_Sys0_S1[0] (out)
                                 15.63   data arrival time

                  0.00   10.00   10.00   clock clk (rise edge)
                          0.00   10.00   clock network delay (ideal)
                         -0.25    9.75   clock uncertainty
                          0.00    9.75   clock reconvergence pessimism
                         -2.00    7.75   output external delay
                                  7.75   data required time
-----------------------------------------------------------------------------
                                  7.75   data required time
                                -15.63   data arrival time
-----------------------------------------------------------------------------
                                 -7.88   slack (VIOLATED)


Startpoint: _118065_ (rising edge-triggered flip-flop)
Endpoint: SRAMADDR_Sys0_S1[4] (output port clocked by clk)
Path Group: clk
Path Type: max

Fanout     Cap    Slew   Delay    Time   Description
-----------------------------------------------------------------------------
                  0.15    0.00    0.00 ^ _118065_/CLK (sky130_fd_sc_hd__dfxtp_1)
                  0.04    0.36    0.36 v _118065_/Q (sky130_fd_sc_hd__dfxtp_1)
     2    0.01                           ibex_core.core.id_stage_i.controller_i.instr_i[3] (net)
                  0.04    0.00    0.36 v _056095_/A (sky130_fd_sc_hd__dlymetal6s2s_1)
                  0.10    0.20    0.56 v _056095_/X (sky130_fd_sc_hd__dlymetal6s2s_1)
     5    0.02                           _009645_ (net)
                  0.10    0.00    0.56 v _056131_/B (sky130_fd_sc_hd__or4bb_2)
                  0.14    0.72    1.27 v _056131_/X (sky130_fd_sc_hd__or4bb_2)
     5    0.01                           _009681_ (net)
                  0.14    0.00    1.27 v _056443_/B (sky130_fd_sc_hd__or4b_2)
                  0.14    0.76    2.03 v _056443_/X (sky130_fd_sc_hd__or4b_2)
     4    0.01                           _009993_ (net)
                  0.14    0.00    2.03 v _056450_/C1 (sky130_fd_sc_hd__o211a_1)
                  0.04    0.16    2.18 v _056450_/X (sky130_fd_sc_hd__o211a_1)
     2    0.00                           _010000_ (net)
                  0.04    0.00    2.18 v _056454_/A_N (sky130_fd_sc_hd__and2b_1)
                  0.11    0.25    2.43 ^ _056454_/X (sky130_fd_sc_hd__and2b_1)
     4    0.01                           _010004_ (net)
                  0.11    0.00    2.43 ^ _056457_/A2 (sky130_fd_sc_hd__o21a_1)
                  0.06    0.14    2.57 ^ _056457_/X (sky130_fd_sc_hd__o21a_1)
     2    0.01                           _010007_ (net)
                  0.06    0.00    2.57 ^ _056458_/A (sky130_fd_sc_hd__dlymetal6s2s_1)
                  0.20    0.22    2.79 ^ _056458_/X (sky130_fd_sc_hd__dlymetal6s2s_1)
     5    0.02                           _010008_ (net)
                  0.20    0.00    2.79 ^ _056805_/A2 (sky130_fd_sc_hd__a21oi_1)
                  0.07    0.12    2.91 v _056805_/Y (sky130_fd_sc_hd__a21oi_1)
     1    0.01                           _010355_ (net)
                  0.07    0.00    2.91 v _056806_/B2 (sky130_fd_sc_hd__a22o_4)
                  0.08    0.29    3.20 v _056806_/X (sky130_fd_sc_hd__a22o_4)
     4    0.04                           _010356_ (net)
                  0.08    0.00    3.20 v _056808_/A2 (sky130_fd_sc_hd__o211a_1)
                  0.05    0.24    3.44 v _056808_/X (sky130_fd_sc_hd__o211a_1)
     2    0.01                           _010358_ (net)
                  0.05    0.00    3.44 v _056812_/C (sky130_fd_sc_hd__or4_1)
                  0.13    0.56    4.01 v _056812_/X (sky130_fd_sc_hd__or4_1)
     2    0.01                           _010362_ (net)
                  0.13    0.00    4.01 v _056940_/A1 (sky130_fd_sc_hd__a21oi_4)
                  0.22    0.26    4.27 ^ _056940_/Y (sky130_fd_sc_hd__a21oi_4)
     2    0.03                           _010490_ (net)
                  0.22    0.00    4.27 ^ _056941_/A2 (sky130_fd_sc_hd__o21bai_4)
                  0.08    0.11    4.38 v _056941_/Y (sky130_fd_sc_hd__o21bai_4)
     2    0.02                           _010491_ (net)
                  0.08    0.00    4.38 v _056943_/A2 (sky130_fd_sc_hd__a21o_1)
                  0.10    0.26    4.65 v _056943_/X (sky130_fd_sc_hd__a21o_1)
     2    0.02                           _010493_ (net)
                  0.10    0.00    4.65 v _056945_/A2 (sky130_fd_sc_hd__a21o_1)
                  0.10    0.27    4.92 v _056945_/X (sky130_fd_sc_hd__a21o_1)
     2    0.02                           _010495_ (net)
                  0.10    0.00    4.92 v _056946_/A2 (sky130_fd_sc_hd__a21o_1)
                  0.10    0.27    5.20 v _056946_/X (sky130_fd_sc_hd__a21o_1)
     2    0.02                           _010496_ (net)
                  0.10    0.00    5.20 v _057291_/A2 (sky130_fd_sc_hd__a21bo_2)
                  0.07    0.29    5.49 v _057291_/X (sky130_fd_sc_hd__a21bo_2)
     2    0.02                           _010837_ (net)
                  0.07    0.00    5.49 v _058897_/A1 (sky130_fd_sc_hd__a21o_1)
                  0.10    0.24    5.73 v _058897_/X (sky130_fd_sc_hd__a21o_1)
     2    0.02                           _012441_ (net)
                  0.10    0.00    5.73 v _058899_/A2 (sky130_fd_sc_hd__a21o_1)
                  0.10    0.27    6.00 v _058899_/X (sky130_fd_sc_hd__a21o_1)
     2    0.02                           _012443_ (net)
                  0.10    0.00    6.00 v _058901_/A2 (sky130_fd_sc_hd__a21bo_1)
                  0.10    0.29    6.29 v _058901_/X (sky130_fd_sc_hd__a21bo_1)
     2    0.02                           _012445_ (net)
                  0.10    0.00    6.29 v _058903_/A2 (sky130_fd_sc_hd__a21o_1)
                  0.10    0.27    6.56 v _058903_/X (sky130_fd_sc_hd__a21o_1)
     2    0.02                           _012447_ (net)
                  0.10    0.00    6.56 v _058904_/A2 (sky130_fd_sc_hd__a21o_1)
                  0.10    0.27    6.84 v _058904_/X (sky130_fd_sc_hd__a21o_1)
     2    0.02                           _012448_ (net)
                  0.10    0.00    6.84 v _058906_/A2 (sky130_fd_sc_hd__a21bo_2)
                  0.07    0.29    7.13 v _058906_/X (sky130_fd_sc_hd__a21bo_2)
     2    0.02                           _012450_ (net)
                  0.07    0.00    7.13 v _058907_/A2 (sky130_fd_sc_hd__a21o_1)
                  0.10    0.26    7.39 v _058907_/X (sky130_fd_sc_hd__a21o_1)
     2    0.02                           _012451_ (net)
                  0.10    0.00    7.39 v _058909_/A2 (sky130_fd_sc_hd__a21o_1)
                  0.10    0.27    7.66 v _058909_/X (sky130_fd_sc_hd__a21o_1)
     2    0.02                           _012453_ (net)
                  0.10    0.00    7.66 v _058910_/A2 (sky130_fd_sc_hd__a21o_2)
                  0.09    0.30    7.96 v _058910_/X (sky130_fd_sc_hd__a21o_2)
     2    0.03                           _012454_ (net)
                  0.09    0.00    7.96 v _058911_/A2 (sky130_fd_sc_hd__a21oi_4)
                  0.19    0.24    8.20 ^ _058911_/Y (sky130_fd_sc_hd__a21oi_4)
     2    0.02                           _012455_ (net)
                  0.19    0.00    8.20 ^ _058912_/B (sky130_fd_sc_hd__and2_1)
                  0.07    0.18    8.38 ^ _058912_/X (sky130_fd_sc_hd__and2_1)
     2    0.01                           _012456_ (net)
                  0.07    0.00    8.38 ^ _058913_/C (sky130_fd_sc_hd__or3_1)
                  0.07    0.12    8.50 ^ _058913_/X (sky130_fd_sc_hd__or3_1)
     2    0.01                           _012457_ (net)
                  0.07    0.00    8.50 ^ _058914_/B1_N (sky130_fd_sc_hd__a21boi_4)
                  0.23    0.28    8.78 ^ _058914_/Y (sky130_fd_sc_hd__a21boi_4)
     2    0.03                           _012458_ (net)
                  0.23    0.00    8.78 ^ _058915_/A2 (sky130_fd_sc_hd__o21bai_4)
                  0.09    0.12    8.91 v _058915_/Y (sky130_fd_sc_hd__o21bai_4)
     2    0.02                           _012459_ (net)
                  0.09    0.00    8.91 v _058917_/A2 (sky130_fd_sc_hd__a21oi_4)
                  0.23    0.27    9.18 ^ _058917_/Y (sky130_fd_sc_hd__a21oi_4)
     2    0.03                           _012461_ (net)
                  0.23    0.00    9.18 ^ _058919_/A2 (sky130_fd_sc_hd__o21ai_4)
                  0.10    0.11    9.29 v _058919_/Y (sky130_fd_sc_hd__o21ai_4)
     2    0.02                           _012463_ (net)
                  0.10    0.00    9.29 v _058920_/A2 (sky130_fd_sc_hd__a21boi_1)
                  0.19    0.23    9.52 ^ _058920_/Y (sky130_fd_sc_hd__a21boi_1)
     2    0.01                           _012464_ (net)
                  0.19    0.00    9.52 ^ _058921_/B (sky130_fd_sc_hd__nor2_2)
                  0.08    0.11    9.63 v _058921_/Y (sky130_fd_sc_hd__nor2_2)
     2    0.02                           _012465_ (net)
                  0.08    0.00    9.63 v _058922_/B1 (sky130_fd_sc_hd__a21oi_2)
                  0.26    0.25    9.88 ^ _058922_/Y (sky130_fd_sc_hd__a21oi_2)
     2    0.02                           _012466_ (net)
                  0.26    0.00    9.88 ^ _058923_/B (sky130_fd_sc_hd__nor2_1)
                  0.09    0.12   10.00 v _058923_/Y (sky130_fd_sc_hd__nor2_1)
     1    0.01                           _012467_ (net)
                  0.09    0.00   10.00 v _058924_/B1 (sky130_fd_sc_hd__a21oi_4)
                  0.33    0.32   10.32 ^ _058924_/Y (sky130_fd_sc_hd__a21oi_4)
     3    0.04                           _012468_ (net)
                  0.33    0.00   10.32 ^ _058926_/A2 (sky130_fd_sc_hd__o21ai_2)
                  0.11    0.16   10.48 v _058926_/Y (sky130_fd_sc_hd__o21ai_2)
     2    0.02                           _012470_ (net)
                  0.11    0.00   10.48 v _059130_/B (sky130_fd_sc_hd__and2b_1)
                  0.06    0.22   10.69 v _059130_/X (sky130_fd_sc_hd__and2b_1)
     1    0.01                           _012674_ (net)
                  0.06    0.00   10.69 v _059131_/B1 (sky130_fd_sc_hd__a21oi_4)
                  0.21    0.21   10.90 ^ _059131_/Y (sky130_fd_sc_hd__a21oi_4)
     2    0.02                           _012675_ (net)
                  0.21    0.00   10.90 ^ _059133_/A2 (sky130_fd_sc_hd__o21ai_2)
                  0.10    0.13   11.03 v _059133_/Y (sky130_fd_sc_hd__o21ai_2)
     2    0.02                           _012677_ (net)
                  0.10    0.00   11.03 v _059226_/B (sky130_fd_sc_hd__and2b_1)
                  0.06    0.21   11.25 v _059226_/X (sky130_fd_sc_hd__and2b_1)
     1    0.01                           _012770_ (net)
                  0.06    0.00   11.25 v _059227_/B1 (sky130_fd_sc_hd__a21oi_4)
                  0.20    0.21   11.45 ^ _059227_/Y (sky130_fd_sc_hd__a21oi_4)
     2    0.02                           _012771_ (net)
                  0.20    0.00   11.45 ^ _059229_/A2 (sky130_fd_sc_hd__o21bai_2)
                  0.10    0.14   11.59 v _059229_/Y (sky130_fd_sc_hd__o21bai_2)
     1    0.02                           _012773_ (net)
                  0.10    0.00   11.59 v _059291_/A (sky130_fd_sc_hd__xnor2_4)
                  0.11    0.21   11.80 v _059291_/Y (sky130_fd_sc_hd__xnor2_4)
     4    0.03                           _012835_ (net)
                  0.11    0.00   11.80 v _059295_/A2 (sky130_fd_sc_hd__a21o_1)
                  0.03    0.20   12.00 v _059295_/X (sky130_fd_sc_hd__a21o_1)
     1    0.00                           _012839_ (net)
                  0.03    0.00   12.00 v _059296_/B (sky130_fd_sc_hd__and2_1)
                  0.08    0.20   12.20 v _059296_/X (sky130_fd_sc_hd__and2_1)
     2    0.01                           _012840_ (net)
                  0.08    0.00   12.20 v _059297_/B1 (sky130_fd_sc_hd__a21o_1)
                  0.06    0.20   12.40 v _059297_/X (sky130_fd_sc_hd__a21o_1)
     2    0.01                           _012841_ (net)
                  0.06    0.00   12.40 v _059298_/A0 (sky130_fd_sc_hd__mux2_1)
                  0.09    0.35   12.75 v _059298_/X (sky130_fd_sc_hd__mux2_1)
     2    0.01                           _012842_ (net)
                  0.09    0.00   12.75 v _059299_/B1 (sky130_fd_sc_hd__a22oi_4)
                  0.45    0.40   13.14 ^ _059299_/Y (sky130_fd_sc_hd__a22oi_4)
     2    0.06                           _012843_ (net)
                  0.45    0.02   13.16 ^ _059300_/B (sky130_fd_sc_hd__nand2_1)
                  0.11    0.12   13.29 v _059300_/Y (sky130_fd_sc_hd__nand2_1)
     2    0.00                           _012844_ (net)
                  0.11    0.00   13.29 v _060017_/A (sky130_fd_sc_hd__or3_1)
                  0.10    0.45   13.74 v _060017_/X (sky130_fd_sc_hd__or3_1)
     3    0.01                           _013503_ (net)
                  0.10    0.00   13.74 v _061200_/C (sky130_fd_sc_hd__or3_1)
                  0.09    0.37   14.10 v _061200_/X (sky130_fd_sc_hd__or3_1)
     2    0.01                           _014544_ (net)
                  0.09    0.00   14.10 v _061201_/A (sky130_fd_sc_hd__buf_2)
                  0.07    0.19   14.30 v _061201_/X (sky130_fd_sc_hd__buf_2)
     5    0.03                           _014545_ (net)
                  0.07    0.00   14.30 v _061202_/B (sky130_fd_sc_hd__nor2_1)
                  0.15    0.15   14.45 ^ _061202_/Y (sky130_fd_sc_hd__nor2_1)
     3    0.01                           _014546_ (net)
                  0.15    0.00   14.45 ^ _061210_/A (sky130_fd_sc_hd__clkbuf_4)
                  0.13    0.24   14.69 ^ _061210_/X (sky130_fd_sc_hd__clkbuf_4)
     5    0.04                           _014551_ (net)
                  0.13    0.00   14.69 ^ _061213_/S (sky130_fd_sc_hd__mux2_4)
                  0.11    0.40   15.10 v _061213_/X (sky130_fd_sc_hd__mux2_4)
     1    0.05                           _014553_ (net)
                  0.11    0.01   15.11 v _061214_/A (sky130_fd_sc_hd__dlymetal6s2s_1)
                  0.08    0.22   15.33 v _061214_/X (sky130_fd_sc_hd__dlymetal6s2s_1)
     1    0.01                           net165 (net)
                  0.08    0.00   15.33 v output165/A (sky130_fd_sc_hd__buf_2)
                  0.09    0.21   15.54 v output165/X (sky130_fd_sc_hd__buf_2)
     1    0.03                           SRAMADDR_Sys0_S1[4] (net)
                  0.09    0.00   15.54 v SRAMADDR_Sys0_S1[4] (out)
                                 15.54   data arrival time

                  0.00   10.00   10.00   clock clk (rise edge)
                          0.00   10.00   clock network delay (ideal)
                         -0.25    9.75   clock uncertainty
                          0.00    9.75   clock reconvergence pessimism
                         -2.00    7.75   output external delay
                                  7.75   data required time
-----------------------------------------------------------------------------
                                  7.75   data required time
                                -15.54   data arrival time
-----------------------------------------------------------------------------
                                 -7.79   slack (VIOLATED)


Startpoint: _118065_ (rising edge-triggered flip-flop)
Endpoint: SRAMADDR_Sys0_S1[8] (output port clocked by clk)
Path Group: clk
Path Type: max

Fanout     Cap    Slew   Delay    Time   Description
-----------------------------------------------------------------------------
                  0.15    0.00    0.00 ^ _118065_/CLK (sky130_fd_sc_hd__dfxtp_1)
                  0.04    0.36    0.36 v _118065_/Q (sky130_fd_sc_hd__dfxtp_1)
     2    0.01                           ibex_core.core.id_stage_i.controller_i.instr_i[3] (net)
                  0.04    0.00    0.36 v _056095_/A (sky130_fd_sc_hd__dlymetal6s2s_1)
                  0.10    0.20    0.56 v _056095_/X (sky130_fd_sc_hd__dlymetal6s2s_1)
     5    0.02                           _009645_ (net)
                  0.10    0.00    0.56 v _056131_/B (sky130_fd_sc_hd__or4bb_2)
                  0.14    0.72    1.27 v _056131_/X (sky130_fd_sc_hd__or4bb_2)
     5    0.01                           _009681_ (net)
                  0.14    0.00    1.27 v _056443_/B (sky130_fd_sc_hd__or4b_2)
                  0.14    0.76    2.03 v _056443_/X (sky130_fd_sc_hd__or4b_2)
     4    0.01                           _009993_ (net)
                  0.14    0.00    2.03 v _056450_/C1 (sky130_fd_sc_hd__o211a_1)
                  0.04    0.16    2.18 v _056450_/X (sky130_fd_sc_hd__o211a_1)
     2    0.00                           _010000_ (net)
                  0.04    0.00    2.18 v _056454_/A_N (sky130_fd_sc_hd__and2b_1)
                  0.11    0.25    2.43 ^ _056454_/X (sky130_fd_sc_hd__and2b_1)
     4    0.01                           _010004_ (net)
                  0.11    0.00    2.43 ^ _056457_/A2 (sky130_fd_sc_hd__o21a_1)
                  0.06    0.14    2.57 ^ _056457_/X (sky130_fd_sc_hd__o21a_1)
     2    0.01                           _010007_ (net)
                  0.06    0.00    2.57 ^ _056458_/A (sky130_fd_sc_hd__dlymetal6s2s_1)
                  0.20    0.22    2.79 ^ _056458_/X (sky130_fd_sc_hd__dlymetal6s2s_1)
     5    0.02                           _010008_ (net)
                  0.20    0.00    2.79 ^ _056805_/A2 (sky130_fd_sc_hd__a21oi_1)
                  0.07    0.12    2.91 v _056805_/Y (sky130_fd_sc_hd__a21oi_1)
     1    0.01                           _010355_ (net)
                  0.07    0.00    2.91 v _056806_/B2 (sky130_fd_sc_hd__a22o_4)
                  0.08    0.29    3.20 v _056806_/X (sky130_fd_sc_hd__a22o_4)
     4    0.04                           _010356_ (net)
                  0.08    0.00    3.20 v _056808_/A2 (sky130_fd_sc_hd__o211a_1)
                  0.05    0.24    3.44 v _056808_/X (sky130_fd_sc_hd__o211a_1)
     2    0.01                           _010358_ (net)
                  0.05    0.00    3.44 v _056812_/C (sky130_fd_sc_hd__or4_1)
                  0.13    0.56    4.01 v _056812_/X (sky130_fd_sc_hd__or4_1)
     2    0.01                           _010362_ (net)
                  0.13    0.00    4.01 v _056940_/A1 (sky130_fd_sc_hd__a21oi_4)
                  0.22    0.26    4.27 ^ _056940_/Y (sky130_fd_sc_hd__a21oi_4)
     2    0.03                           _010490_ (net)
                  0.22    0.00    4.27 ^ _056941_/A2 (sky130_fd_sc_hd__o21bai_4)
                  0.08    0.11    4.38 v _056941_/Y (sky130_fd_sc_hd__o21bai_4)
     2    0.02                           _010491_ (net)
                  0.08    0.00    4.38 v _056943_/A2 (sky130_fd_sc_hd__a21o_1)
                  0.10    0.26    4.65 v _056943_/X (sky130_fd_sc_hd__a21o_1)
     2    0.02                           _010493_ (net)
                  0.10    0.00    4.65 v _056945_/A2 (sky130_fd_sc_hd__a21o_1)
                  0.10    0.27    4.92 v _056945_/X (sky130_fd_sc_hd__a21o_1)
     2    0.02                           _010495_ (net)
                  0.10    0.00    4.92 v _056946_/A2 (sky130_fd_sc_hd__a21o_1)
                  0.10    0.27    5.20 v _056946_/X (sky130_fd_sc_hd__a21o_1)
     2    0.02                           _010496_ (net)
                  0.10    0.00    5.20 v _057291_/A2 (sky130_fd_sc_hd__a21bo_2)
                  0.07    0.29    5.49 v _057291_/X (sky130_fd_sc_hd__a21bo_2)
     2    0.02                           _010837_ (net)
                  0.07    0.00    5.49 v _058897_/A1 (sky130_fd_sc_hd__a21o_1)
                  0.10    0.24    5.73 v _058897_/X (sky130_fd_sc_hd__a21o_1)
     2    0.02                           _012441_ (net)
                  0.10    0.00    5.73 v _058899_/A2 (sky130_fd_sc_hd__a21o_1)
                  0.10    0.27    6.00 v _058899_/X (sky130_fd_sc_hd__a21o_1)
     2    0.02                           _012443_ (net)
                  0.10    0.00    6.00 v _058901_/A2 (sky130_fd_sc_hd__a21bo_1)
                  0.10    0.29    6.29 v _058901_/X (sky130_fd_sc_hd__a21bo_1)
     2    0.02                           _012445_ (net)
                  0.10    0.00    6.29 v _058903_/A2 (sky130_fd_sc_hd__a21o_1)
                  0.10    0.27    6.56 v _058903_/X (sky130_fd_sc_hd__a21o_1)
     2    0.02                           _012447_ (net)
                  0.10    0.00    6.56 v _058904_/A2 (sky130_fd_sc_hd__a21o_1)
                  0.10    0.27    6.84 v _058904_/X (sky130_fd_sc_hd__a21o_1)
     2    0.02                           _012448_ (net)
                  0.10    0.00    6.84 v _058906_/A2 (sky130_fd_sc_hd__a21bo_2)
                  0.07    0.29    7.13 v _058906_/X (sky130_fd_sc_hd__a21bo_2)
     2    0.02                           _012450_ (net)
                  0.07    0.00    7.13 v _058907_/A2 (sky130_fd_sc_hd__a21o_1)
                  0.10    0.26    7.39 v _058907_/X (sky130_fd_sc_hd__a21o_1)
     2    0.02                           _012451_ (net)
                  0.10    0.00    7.39 v _058909_/A2 (sky130_fd_sc_hd__a21o_1)
                  0.10    0.27    7.66 v _058909_/X (sky130_fd_sc_hd__a21o_1)
     2    0.02                           _012453_ (net)
                  0.10    0.00    7.66 v _058910_/A2 (sky130_fd_sc_hd__a21o_2)
                  0.09    0.30    7.96 v _058910_/X (sky130_fd_sc_hd__a21o_2)
     2    0.03                           _012454_ (net)
                  0.09    0.00    7.96 v _058911_/A2 (sky130_fd_sc_hd__a21oi_4)
                  0.19    0.24    8.20 ^ _058911_/Y (sky130_fd_sc_hd__a21oi_4)
     2    0.02                           _012455_ (net)
                  0.19    0.00    8.20 ^ _058912_/B (sky130_fd_sc_hd__and2_1)
                  0.07    0.18    8.38 ^ _058912_/X (sky130_fd_sc_hd__and2_1)
     2    0.01                           _012456_ (net)
                  0.07    0.00    8.38 ^ _058913_/C (sky130_fd_sc_hd__or3_1)
                  0.07    0.12    8.50 ^ _058913_/X (sky130_fd_sc_hd__or3_1)
     2    0.01                           _012457_ (net)
                  0.07    0.00    8.50 ^ _058914_/B1_N (sky130_fd_sc_hd__a21boi_4)
                  0.23    0.28    8.78 ^ _058914_/Y (sky130_fd_sc_hd__a21boi_4)
     2    0.03                           _012458_ (net)
                  0.23    0.00    8.78 ^ _058915_/A2 (sky130_fd_sc_hd__o21bai_4)
                  0.09    0.12    8.91 v _058915_/Y (sky130_fd_sc_hd__o21bai_4)
     2    0.02                           _012459_ (net)
                  0.09    0.00    8.91 v _058917_/A2 (sky130_fd_sc_hd__a21oi_4)
                  0.23    0.27    9.18 ^ _058917_/Y (sky130_fd_sc_hd__a21oi_4)
     2    0.03                           _012461_ (net)
                  0.23    0.00    9.18 ^ _058919_/A2 (sky130_fd_sc_hd__o21ai_4)
                  0.10    0.11    9.29 v _058919_/Y (sky130_fd_sc_hd__o21ai_4)
     2    0.02                           _012463_ (net)
                  0.10    0.00    9.29 v _058920_/A2 (sky130_fd_sc_hd__a21boi_1)
                  0.19    0.23    9.52 ^ _058920_/Y (sky130_fd_sc_hd__a21boi_1)
     2    0.01                           _012464_ (net)
                  0.19    0.00    9.52 ^ _058921_/B (sky130_fd_sc_hd__nor2_2)
                  0.08    0.11    9.63 v _058921_/Y (sky130_fd_sc_hd__nor2_2)
     2    0.02                           _012465_ (net)
                  0.08    0.00    9.63 v _058922_/B1 (sky130_fd_sc_hd__a21oi_2)
                  0.26    0.25    9.88 ^ _058922_/Y (sky130_fd_sc_hd__a21oi_2)
     2    0.02                           _012466_ (net)
                  0.26    0.00    9.88 ^ _058923_/B (sky130_fd_sc_hd__nor2_1)
                  0.09    0.12   10.00 v _058923_/Y (sky130_fd_sc_hd__nor2_1)
     1    0.01                           _012467_ (net)
                  0.09    0.00   10.00 v _058924_/B1 (sky130_fd_sc_hd__a21oi_4)
                  0.33    0.32   10.32 ^ _058924_/Y (sky130_fd_sc_hd__a21oi_4)
     3    0.04                           _012468_ (net)
                  0.33    0.00   10.32 ^ _058926_/A2 (sky130_fd_sc_hd__o21ai_2)
                  0.11    0.16   10.48 v _058926_/Y (sky130_fd_sc_hd__o21ai_2)
     2    0.02                           _012470_ (net)
                  0.11    0.00   10.48 v _059130_/B (sky130_fd_sc_hd__and2b_1)
                  0.06    0.22   10.69 v _059130_/X (sky130_fd_sc_hd__and2b_1)
     1    0.01                           _012674_ (net)
                  0.06    0.00   10.69 v _059131_/B1 (sky130_fd_sc_hd__a21oi_4)
                  0.21    0.21   10.90 ^ _059131_/Y (sky130_fd_sc_hd__a21oi_4)
     2    0.02                           _012675_ (net)
                  0.21    0.00   10.90 ^ _059133_/A2 (sky130_fd_sc_hd__o21ai_2)
                  0.10    0.13   11.03 v _059133_/Y (sky130_fd_sc_hd__o21ai_2)
     2    0.02                           _012677_ (net)
                  0.10    0.00   11.03 v _059226_/B (sky130_fd_sc_hd__and2b_1)
                  0.06    0.21   11.25 v _059226_/X (sky130_fd_sc_hd__and2b_1)
     1    0.01                           _012770_ (net)
                  0.06    0.00   11.25 v _059227_/B1 (sky130_fd_sc_hd__a21oi_4)
                  0.20    0.21   11.45 ^ _059227_/Y (sky130_fd_sc_hd__a21oi_4)
     2    0.02                           _012771_ (net)
                  0.20    0.00   11.45 ^ _059229_/A2 (sky130_fd_sc_hd__o21bai_2)
                  0.10    0.14   11.59 v _059229_/Y (sky130_fd_sc_hd__o21bai_2)
     1    0.02                           _012773_ (net)
                  0.10    0.00   11.59 v _059291_/A (sky130_fd_sc_hd__xnor2_4)
                  0.11    0.21   11.80 v _059291_/Y (sky130_fd_sc_hd__xnor2_4)
     4    0.03                           _012835_ (net)
                  0.11    0.00   11.80 v _059295_/A2 (sky130_fd_sc_hd__a21o_1)
                  0.03    0.20   12.00 v _059295_/X (sky130_fd_sc_hd__a21o_1)
     1    0.00                           _012839_ (net)
                  0.03    0.00   12.00 v _059296_/B (sky130_fd_sc_hd__and2_1)
                  0.08    0.20   12.20 v _059296_/X (sky130_fd_sc_hd__and2_1)
     2    0.01                           _012840_ (net)
                  0.08    0.00   12.20 v _059297_/B1 (sky130_fd_sc_hd__a21o_1)
                  0.06    0.20   12.40 v _059297_/X (sky130_fd_sc_hd__a21o_1)
     2    0.01                           _012841_ (net)
                  0.06    0.00   12.40 v _059298_/A0 (sky130_fd_sc_hd__mux2_1)
                  0.09    0.35   12.75 v _059298_/X (sky130_fd_sc_hd__mux2_1)
     2    0.01                           _012842_ (net)
                  0.09    0.00   12.75 v _059299_/B1 (sky130_fd_sc_hd__a22oi_4)
                  0.45    0.40   13.14 ^ _059299_/Y (sky130_fd_sc_hd__a22oi_4)
     2    0.06                           _012843_ (net)
                  0.45    0.02   13.16 ^ _059300_/B (sky130_fd_sc_hd__nand2_1)
                  0.11    0.12   13.29 v _059300_/Y (sky130_fd_sc_hd__nand2_1)
     2    0.00                           _012844_ (net)
                  0.11    0.00   13.29 v _060017_/A (sky130_fd_sc_hd__or3_1)
                  0.10    0.45   13.74 v _060017_/X (sky130_fd_sc_hd__or3_1)
     3    0.01                           _013503_ (net)
                  0.10    0.00   13.74 v _061200_/C (sky130_fd_sc_hd__or3_1)
                  0.09    0.37   14.10 v _061200_/X (sky130_fd_sc_hd__or3_1)
     2    0.01                           _014544_ (net)
                  0.09    0.00   14.10 v _061201_/A (sky130_fd_sc_hd__buf_2)
                  0.07    0.19   14.30 v _061201_/X (sky130_fd_sc_hd__buf_2)
     5    0.03                           _014545_ (net)
                  0.07    0.00   14.30 v _061202_/B (sky130_fd_sc_hd__nor2_1)
                  0.15    0.15   14.45 ^ _061202_/Y (sky130_fd_sc_hd__nor2_1)
     3    0.01                           _014546_ (net)
                  0.15    0.00   14.45 ^ _061221_/A (sky130_fd_sc_hd__buf_2)
                  0.16    0.24   14.68 ^ _061221_/X (sky130_fd_sc_hd__buf_2)
     5    0.03                           _014557_ (net)
                  0.16    0.00   14.68 ^ _061222_/S (sky130_fd_sc_hd__mux2_4)
                  0.10    0.40   15.08 v _061222_/X (sky130_fd_sc_hd__mux2_4)
     1    0.04                           _014558_ (net)
                  0.10    0.01   15.09 v _061223_/A (sky130_fd_sc_hd__dlymetal6s2s_1)
                  0.09    0.22   15.30 v _061223_/X (sky130_fd_sc_hd__dlymetal6s2s_1)
     1    0.02                           net169 (net)
                  0.09    0.00   15.30 v output169/A (sky130_fd_sc_hd__buf_2)
                  0.09    0.21   15.51 v output169/X (sky130_fd_sc_hd__buf_2)
     1    0.03                           SRAMADDR_Sys0_S1[8] (net)
                  0.09    0.00   15.51 v SRAMADDR_Sys0_S1[8] (out)
                                 15.51   data arrival time

                  0.00   10.00   10.00   clock clk (rise edge)
                          0.00   10.00   clock network delay (ideal)
                         -0.25    9.75   clock uncertainty
                          0.00    9.75   clock reconvergence pessimism
                         -2.00    7.75   output external delay
                                  7.75   data required time
-----------------------------------------------------------------------------
                                  7.75   data required time
                                -15.51   data arrival time
-----------------------------------------------------------------------------
                                 -7.76   slack (VIOLATED)


Startpoint: _118065_ (rising edge-triggered flip-flop)
Endpoint: SRAMADDR_Sys0_S1[2] (output port clocked by clk)
Path Group: clk
Path Type: max

Fanout     Cap    Slew   Delay    Time   Description
-----------------------------------------------------------------------------
                  0.15    0.00    0.00 ^ _118065_/CLK (sky130_fd_sc_hd__dfxtp_1)
                  0.04    0.36    0.36 v _118065_/Q (sky130_fd_sc_hd__dfxtp_1)
     2    0.01                           ibex_core.core.id_stage_i.controller_i.instr_i[3] (net)
                  0.04    0.00    0.36 v _056095_/A (sky130_fd_sc_hd__dlymetal6s2s_1)
                  0.10    0.20    0.56 v _056095_/X (sky130_fd_sc_hd__dlymetal6s2s_1)
     5    0.02                           _009645_ (net)
                  0.10    0.00    0.56 v _056131_/B (sky130_fd_sc_hd__or4bb_2)
                  0.14    0.72    1.27 v _056131_/X (sky130_fd_sc_hd__or4bb_2)
     5    0.01                           _009681_ (net)
                  0.14    0.00    1.27 v _056443_/B (sky130_fd_sc_hd__or4b_2)
                  0.14    0.76    2.03 v _056443_/X (sky130_fd_sc_hd__or4b_2)
     4    0.01                           _009993_ (net)
                  0.14    0.00    2.03 v _056450_/C1 (sky130_fd_sc_hd__o211a_1)
                  0.04    0.16    2.18 v _056450_/X (sky130_fd_sc_hd__o211a_1)
     2    0.00                           _010000_ (net)
                  0.04    0.00    2.18 v _056454_/A_N (sky130_fd_sc_hd__and2b_1)
                  0.11    0.25    2.43 ^ _056454_/X (sky130_fd_sc_hd__and2b_1)
     4    0.01                           _010004_ (net)
                  0.11    0.00    2.43 ^ _056457_/A2 (sky130_fd_sc_hd__o21a_1)
                  0.06    0.14    2.57 ^ _056457_/X (sky130_fd_sc_hd__o21a_1)
     2    0.01                           _010007_ (net)
                  0.06    0.00    2.57 ^ _056458_/A (sky130_fd_sc_hd__dlymetal6s2s_1)
                  0.20    0.22    2.79 ^ _056458_/X (sky130_fd_sc_hd__dlymetal6s2s_1)
     5    0.02                           _010008_ (net)
                  0.20    0.00    2.79 ^ _056805_/A2 (sky130_fd_sc_hd__a21oi_1)
                  0.07    0.12    2.91 v _056805_/Y (sky130_fd_sc_hd__a21oi_1)
     1    0.01                           _010355_ (net)
                  0.07    0.00    2.91 v _056806_/B2 (sky130_fd_sc_hd__a22o_4)
                  0.08    0.29    3.20 v _056806_/X (sky130_fd_sc_hd__a22o_4)
     4    0.04                           _010356_ (net)
                  0.08    0.00    3.20 v _056808_/A2 (sky130_fd_sc_hd__o211a_1)
                  0.05    0.24    3.44 v _056808_/X (sky130_fd_sc_hd__o211a_1)
     2    0.01                           _010358_ (net)
                  0.05    0.00    3.44 v _056812_/C (sky130_fd_sc_hd__or4_1)
                  0.13    0.56    4.01 v _056812_/X (sky130_fd_sc_hd__or4_1)
     2    0.01                           _010362_ (net)
                  0.13    0.00    4.01 v _056940_/A1 (sky130_fd_sc_hd__a21oi_4)
                  0.22    0.26    4.27 ^ _056940_/Y (sky130_fd_sc_hd__a21oi_4)
     2    0.03                           _010490_ (net)
                  0.22    0.00    4.27 ^ _056941_/A2 (sky130_fd_sc_hd__o21bai_4)
                  0.08    0.11    4.38 v _056941_/Y (sky130_fd_sc_hd__o21bai_4)
     2    0.02                           _010491_ (net)
                  0.08    0.00    4.38 v _056943_/A2 (sky130_fd_sc_hd__a21o_1)
                  0.10    0.26    4.65 v _056943_/X (sky130_fd_sc_hd__a21o_1)
     2    0.02                           _010493_ (net)
                  0.10    0.00    4.65 v _056945_/A2 (sky130_fd_sc_hd__a21o_1)
                  0.10    0.27    4.92 v _056945_/X (sky130_fd_sc_hd__a21o_1)
     2    0.02                           _010495_ (net)
                  0.10    0.00    4.92 v _056946_/A2 (sky130_fd_sc_hd__a21o_1)
                  0.10    0.27    5.20 v _056946_/X (sky130_fd_sc_hd__a21o_1)
     2    0.02                           _010496_ (net)
                  0.10    0.00    5.20 v _057291_/A2 (sky130_fd_sc_hd__a21bo_2)
                  0.07    0.29    5.49 v _057291_/X (sky130_fd_sc_hd__a21bo_2)
     2    0.02                           _010837_ (net)
                  0.07    0.00    5.49 v _058897_/A1 (sky130_fd_sc_hd__a21o_1)
                  0.10    0.24    5.73 v _058897_/X (sky130_fd_sc_hd__a21o_1)
     2    0.02                           _012441_ (net)
                  0.10    0.00    5.73 v _058899_/A2 (sky130_fd_sc_hd__a21o_1)
                  0.10    0.27    6.00 v _058899_/X (sky130_fd_sc_hd__a21o_1)
     2    0.02                           _012443_ (net)
                  0.10    0.00    6.00 v _058901_/A2 (sky130_fd_sc_hd__a21bo_1)
                  0.10    0.29    6.29 v _058901_/X (sky130_fd_sc_hd__a21bo_1)
     2    0.02                           _012445_ (net)
                  0.10    0.00    6.29 v _058903_/A2 (sky130_fd_sc_hd__a21o_1)
                  0.10    0.27    6.56 v _058903_/X (sky130_fd_sc_hd__a21o_1)
     2    0.02                           _012447_ (net)
                  0.10    0.00    6.56 v _058904_/A2 (sky130_fd_sc_hd__a21o_1)
                  0.10    0.27    6.84 v _058904_/X (sky130_fd_sc_hd__a21o_1)
     2    0.02                           _012448_ (net)
                  0.10    0.00    6.84 v _058906_/A2 (sky130_fd_sc_hd__a21bo_2)
                  0.07    0.29    7.13 v _058906_/X (sky130_fd_sc_hd__a21bo_2)
     2    0.02                           _012450_ (net)
                  0.07    0.00    7.13 v _058907_/A2 (sky130_fd_sc_hd__a21o_1)
                  0.10    0.26    7.39 v _058907_/X (sky130_fd_sc_hd__a21o_1)
     2    0.02                           _012451_ (net)
                  0.10    0.00    7.39 v _058909_/A2 (sky130_fd_sc_hd__a21o_1)
                  0.10    0.27    7.66 v _058909_/X (sky130_fd_sc_hd__a21o_1)
     2    0.02                           _012453_ (net)
                  0.10    0.00    7.66 v _058910_/A2 (sky130_fd_sc_hd__a21o_2)
                  0.09    0.30    7.96 v _058910_/X (sky130_fd_sc_hd__a21o_2)
     2    0.03                           _012454_ (net)
                  0.09    0.00    7.96 v _058911_/A2 (sky130_fd_sc_hd__a21oi_4)
                  0.19    0.24    8.20 ^ _058911_/Y (sky130_fd_sc_hd__a21oi_4)
     2    0.02                           _012455_ (net)
                  0.19    0.00    8.20 ^ _058912_/B (sky130_fd_sc_hd__and2_1)
                  0.07    0.18    8.38 ^ _058912_/X (sky130_fd_sc_hd__and2_1)
     2    0.01                           _012456_ (net)
                  0.07    0.00    8.38 ^ _058913_/C (sky130_fd_sc_hd__or3_1)
                  0.07    0.12    8.50 ^ _058913_/X (sky130_fd_sc_hd__or3_1)
     2    0.01                           _012457_ (net)
                  0.07    0.00    8.50 ^ _058914_/B1_N (sky130_fd_sc_hd__a21boi_4)
                  0.23    0.28    8.78 ^ _058914_/Y (sky130_fd_sc_hd__a21boi_4)
     2    0.03                           _012458_ (net)
                  0.23    0.00    8.78 ^ _058915_/A2 (sky130_fd_sc_hd__o21bai_4)
                  0.09    0.12    8.91 v _058915_/Y (sky130_fd_sc_hd__o21bai_4)
     2    0.02                           _012459_ (net)
                  0.09    0.00    8.91 v _058917_/A2 (sky130_fd_sc_hd__a21oi_4)
                  0.23    0.27    9.18 ^ _058917_/Y (sky130_fd_sc_hd__a21oi_4)
     2    0.03                           _012461_ (net)
                  0.23    0.00    9.18 ^ _058919_/A2 (sky130_fd_sc_hd__o21ai_4)
                  0.10    0.11    9.29 v _058919_/Y (sky130_fd_sc_hd__o21ai_4)
     2    0.02                           _012463_ (net)
                  0.10    0.00    9.29 v _058920_/A2 (sky130_fd_sc_hd__a21boi_1)
                  0.19    0.23    9.52 ^ _058920_/Y (sky130_fd_sc_hd__a21boi_1)
     2    0.01                           _012464_ (net)
                  0.19    0.00    9.52 ^ _058921_/B (sky130_fd_sc_hd__nor2_2)
                  0.08    0.11    9.63 v _058921_/Y (sky130_fd_sc_hd__nor2_2)
     2    0.02                           _012465_ (net)
                  0.08    0.00    9.63 v _058922_/B1 (sky130_fd_sc_hd__a21oi_2)
                  0.26    0.25    9.88 ^ _058922_/Y (sky130_fd_sc_hd__a21oi_2)
     2    0.02                           _012466_ (net)
                  0.26    0.00    9.88 ^ _058923_/B (sky130_fd_sc_hd__nor2_1)
                  0.09    0.12   10.00 v _058923_/Y (sky130_fd_sc_hd__nor2_1)
     1    0.01                           _012467_ (net)
                  0.09    0.00   10.00 v _058924_/B1 (sky130_fd_sc_hd__a21oi_4)
                  0.33    0.32   10.32 ^ _058924_/Y (sky130_fd_sc_hd__a21oi_4)
     3    0.04                           _012468_ (net)
                  0.33    0.00   10.32 ^ _058926_/A2 (sky130_fd_sc_hd__o21ai_2)
                  0.11    0.16   10.48 v _058926_/Y (sky130_fd_sc_hd__o21ai_2)
     2    0.02                           _012470_ (net)
                  0.11    0.00   10.48 v _059130_/B (sky130_fd_sc_hd__and2b_1)
                  0.06    0.22   10.69 v _059130_/X (sky130_fd_sc_hd__and2b_1)
     1    0.01                           _012674_ (net)
                  0.06    0.00   10.69 v _059131_/B1 (sky130_fd_sc_hd__a21oi_4)
                  0.21    0.21   10.90 ^ _059131_/Y (sky130_fd_sc_hd__a21oi_4)
     2    0.02                           _012675_ (net)
                  0.21    0.00   10.90 ^ _059133_/A2 (sky130_fd_sc_hd__o21ai_2)
                  0.10    0.13   11.03 v _059133_/Y (sky130_fd_sc_hd__o21ai_2)
     2    0.02                           _012677_ (net)
                  0.10    0.00   11.03 v _059226_/B (sky130_fd_sc_hd__and2b_1)
                  0.06    0.21   11.25 v _059226_/X (sky130_fd_sc_hd__and2b_1)
     1    0.01                           _012770_ (net)
                  0.06    0.00   11.25 v _059227_/B1 (sky130_fd_sc_hd__a21oi_4)
                  0.20    0.21   11.45 ^ _059227_/Y (sky130_fd_sc_hd__a21oi_4)
     2    0.02                           _012771_ (net)
                  0.20    0.00   11.45 ^ _059229_/A2 (sky130_fd_sc_hd__o21bai_2)
                  0.10    0.14   11.59 v _059229_/Y (sky130_fd_sc_hd__o21bai_2)
     1    0.02                           _012773_ (net)
                  0.10    0.00   11.59 v _059291_/A (sky130_fd_sc_hd__xnor2_4)
                  0.11    0.21   11.80 v _059291_/Y (sky130_fd_sc_hd__xnor2_4)
     4    0.03                           _012835_ (net)
                  0.11    0.00   11.80 v _059295_/A2 (sky130_fd_sc_hd__a21o_1)
                  0.03    0.20   12.00 v _059295_/X (sky130_fd_sc_hd__a21o_1)
     1    0.00                           _012839_ (net)
                  0.03    0.00   12.00 v _059296_/B (sky130_fd_sc_hd__and2_1)
                  0.08    0.20   12.20 v _059296_/X (sky130_fd_sc_hd__and2_1)
     2    0.01                           _012840_ (net)
                  0.08    0.00   12.20 v _059297_/B1 (sky130_fd_sc_hd__a21o_1)
                  0.06    0.20   12.40 v _059297_/X (sky130_fd_sc_hd__a21o_1)
     2    0.01                           _012841_ (net)
                  0.06    0.00   12.40 v _059298_/A0 (sky130_fd_sc_hd__mux2_1)
                  0.09    0.35   12.75 v _059298_/X (sky130_fd_sc_hd__mux2_1)
     2    0.01                           _012842_ (net)
                  0.09    0.00   12.75 v _059299_/B1 (sky130_fd_sc_hd__a22oi_4)
                  0.45    0.40   13.14 ^ _059299_/Y (sky130_fd_sc_hd__a22oi_4)
     2    0.06                           _012843_ (net)
                  0.45    0.02   13.16 ^ _059300_/B (sky130_fd_sc_hd__nand2_1)
                  0.11    0.12   13.29 v _059300_/Y (sky130_fd_sc_hd__nand2_1)
     2    0.00                           _012844_ (net)
                  0.11    0.00   13.29 v _060017_/A (sky130_fd_sc_hd__or3_1)
                  0.10    0.45   13.74 v _060017_/X (sky130_fd_sc_hd__or3_1)
     3    0.01                           _013503_ (net)
                  0.10    0.00   13.74 v _061200_/C (sky130_fd_sc_hd__or3_1)
                  0.09    0.37   14.10 v _061200_/X (sky130_fd_sc_hd__or3_1)
     2    0.01                           _014544_ (net)
                  0.09    0.00   14.10 v _061201_/A (sky130_fd_sc_hd__buf_2)
                  0.07    0.19   14.30 v _061201_/X (sky130_fd_sc_hd__buf_2)
     5    0.03                           _014545_ (net)
                  0.07    0.00   14.30 v _061202_/B (sky130_fd_sc_hd__nor2_1)
                  0.15    0.15   14.45 ^ _061202_/Y (sky130_fd_sc_hd__nor2_1)
     3    0.01                           _014546_ (net)
                  0.15    0.00   14.45 ^ _061203_/A (sky130_fd_sc_hd__buf_2)
                  0.17    0.25   14.69 ^ _061203_/X (sky130_fd_sc_hd__buf_2)
     5    0.03                           _014547_ (net)
                  0.17    0.00   14.69 ^ _061208_/S (sky130_fd_sc_hd__mux2_8)
                  0.11    0.48   15.17 v _061208_/X (sky130_fd_sc_hd__mux2_8)
     1    0.08                           _014550_ (net)
                  0.12    0.03   15.21 v _061209_/A (sky130_fd_sc_hd__clkbuf_1)
                  0.02    0.12   15.33 v _061209_/X (sky130_fd_sc_hd__clkbuf_1)
     1    0.00                           net163 (net)
                  0.02    0.00   15.33 v output163/A (sky130_fd_sc_hd__buf_2)
                  0.09    0.18   15.51 v output163/X (sky130_fd_sc_hd__buf_2)
     1    0.03                           SRAMADDR_Sys0_S1[2] (net)
                  0.09    0.00   15.51 v SRAMADDR_Sys0_S1[2] (out)
                                 15.51   data arrival time

                  0.00   10.00   10.00   clock clk (rise edge)
                          0.00   10.00   clock network delay (ideal)
                         -0.25    9.75   clock uncertainty
                          0.00    9.75   clock reconvergence pessimism
                         -2.00    7.75   output external delay
                                  7.75   data required time
-----------------------------------------------------------------------------
                                  7.75   data required time
                                -15.51   data arrival time
-----------------------------------------------------------------------------
                                 -7.76   slack (VIOLATED)


Startpoint: _118065_ (rising edge-triggered flip-flop)
Endpoint: SRAMADDR_Sys0_S1[11] (output port clocked by clk)
Path Group: clk
Path Type: max

Fanout     Cap    Slew   Delay    Time   Description
-----------------------------------------------------------------------------
                  0.15    0.00    0.00 ^ _118065_/CLK (sky130_fd_sc_hd__dfxtp_1)
                  0.04    0.36    0.36 v _118065_/Q (sky130_fd_sc_hd__dfxtp_1)
     2    0.01                           ibex_core.core.id_stage_i.controller_i.instr_i[3] (net)
                  0.04    0.00    0.36 v _056095_/A (sky130_fd_sc_hd__dlymetal6s2s_1)
                  0.10    0.20    0.56 v _056095_/X (sky130_fd_sc_hd__dlymetal6s2s_1)
     5    0.02                           _009645_ (net)
                  0.10    0.00    0.56 v _056131_/B (sky130_fd_sc_hd__or4bb_2)
                  0.14    0.72    1.27 v _056131_/X (sky130_fd_sc_hd__or4bb_2)
     5    0.01                           _009681_ (net)
                  0.14    0.00    1.27 v _056443_/B (sky130_fd_sc_hd__or4b_2)
                  0.14    0.76    2.03 v _056443_/X (sky130_fd_sc_hd__or4b_2)
     4    0.01                           _009993_ (net)
                  0.14    0.00    2.03 v _056450_/C1 (sky130_fd_sc_hd__o211a_1)
                  0.04    0.16    2.18 v _056450_/X (sky130_fd_sc_hd__o211a_1)
     2    0.00                           _010000_ (net)
                  0.04    0.00    2.18 v _056454_/A_N (sky130_fd_sc_hd__and2b_1)
                  0.11    0.25    2.43 ^ _056454_/X (sky130_fd_sc_hd__and2b_1)
     4    0.01                           _010004_ (net)
                  0.11    0.00    2.43 ^ _056457_/A2 (sky130_fd_sc_hd__o21a_1)
                  0.06    0.14    2.57 ^ _056457_/X (sky130_fd_sc_hd__o21a_1)
     2    0.01                           _010007_ (net)
                  0.06    0.00    2.57 ^ _056458_/A (sky130_fd_sc_hd__dlymetal6s2s_1)
                  0.20    0.22    2.79 ^ _056458_/X (sky130_fd_sc_hd__dlymetal6s2s_1)
     5    0.02                           _010008_ (net)
                  0.20    0.00    2.79 ^ _056805_/A2 (sky130_fd_sc_hd__a21oi_1)
                  0.07    0.12    2.91 v _056805_/Y (sky130_fd_sc_hd__a21oi_1)
     1    0.01                           _010355_ (net)
                  0.07    0.00    2.91 v _056806_/B2 (sky130_fd_sc_hd__a22o_4)
                  0.08    0.29    3.20 v _056806_/X (sky130_fd_sc_hd__a22o_4)
     4    0.04                           _010356_ (net)
                  0.08    0.00    3.20 v _056808_/A2 (sky130_fd_sc_hd__o211a_1)
                  0.05    0.24    3.44 v _056808_/X (sky130_fd_sc_hd__o211a_1)
     2    0.01                           _010358_ (net)
                  0.05    0.00    3.44 v _056812_/C (sky130_fd_sc_hd__or4_1)
                  0.13    0.56    4.01 v _056812_/X (sky130_fd_sc_hd__or4_1)
     2    0.01                           _010362_ (net)
                  0.13    0.00    4.01 v _056940_/A1 (sky130_fd_sc_hd__a21oi_4)
                  0.22    0.26    4.27 ^ _056940_/Y (sky130_fd_sc_hd__a21oi_4)
     2    0.03                           _010490_ (net)
                  0.22    0.00    4.27 ^ _056941_/A2 (sky130_fd_sc_hd__o21bai_4)
                  0.08    0.11    4.38 v _056941_/Y (sky130_fd_sc_hd__o21bai_4)
     2    0.02                           _010491_ (net)
                  0.08    0.00    4.38 v _056943_/A2 (sky130_fd_sc_hd__a21o_1)
                  0.10    0.26    4.65 v _056943_/X (sky130_fd_sc_hd__a21o_1)
     2    0.02                           _010493_ (net)
                  0.10    0.00    4.65 v _056945_/A2 (sky130_fd_sc_hd__a21o_1)
                  0.10    0.27    4.92 v _056945_/X (sky130_fd_sc_hd__a21o_1)
     2    0.02                           _010495_ (net)
                  0.10    0.00    4.92 v _056946_/A2 (sky130_fd_sc_hd__a21o_1)
                  0.10    0.27    5.20 v _056946_/X (sky130_fd_sc_hd__a21o_1)
     2    0.02                           _010496_ (net)
                  0.10    0.00    5.20 v _057291_/A2 (sky130_fd_sc_hd__a21bo_2)
                  0.07    0.29    5.49 v _057291_/X (sky130_fd_sc_hd__a21bo_2)
     2    0.02                           _010837_ (net)
                  0.07    0.00    5.49 v _058897_/A1 (sky130_fd_sc_hd__a21o_1)
                  0.10    0.24    5.73 v _058897_/X (sky130_fd_sc_hd__a21o_1)
     2    0.02                           _012441_ (net)
                  0.10    0.00    5.73 v _058899_/A2 (sky130_fd_sc_hd__a21o_1)
                  0.10    0.27    6.00 v _058899_/X (sky130_fd_sc_hd__a21o_1)
     2    0.02                           _012443_ (net)
                  0.10    0.00    6.00 v _058901_/A2 (sky130_fd_sc_hd__a21bo_1)
                  0.10    0.29    6.29 v _058901_/X (sky130_fd_sc_hd__a21bo_1)
     2    0.02                           _012445_ (net)
                  0.10    0.00    6.29 v _058903_/A2 (sky130_fd_sc_hd__a21o_1)
                  0.10    0.27    6.56 v _058903_/X (sky130_fd_sc_hd__a21o_1)
     2    0.02                           _012447_ (net)
                  0.10    0.00    6.56 v _058904_/A2 (sky130_fd_sc_hd__a21o_1)
                  0.10    0.27    6.84 v _058904_/X (sky130_fd_sc_hd__a21o_1)
     2    0.02                           _012448_ (net)
                  0.10    0.00    6.84 v _058906_/A2 (sky130_fd_sc_hd__a21bo_2)
                  0.07    0.29    7.13 v _058906_/X (sky130_fd_sc_hd__a21bo_2)
     2    0.02                           _012450_ (net)
                  0.07    0.00    7.13 v _058907_/A2 (sky130_fd_sc_hd__a21o_1)
                  0.10    0.26    7.39 v _058907_/X (sky130_fd_sc_hd__a21o_1)
     2    0.02                           _012451_ (net)
                  0.10    0.00    7.39 v _058909_/A2 (sky130_fd_sc_hd__a21o_1)
                  0.10    0.27    7.66 v _058909_/X (sky130_fd_sc_hd__a21o_1)
     2    0.02                           _012453_ (net)
                  0.10    0.00    7.66 v _058910_/A2 (sky130_fd_sc_hd__a21o_2)
                  0.09    0.30    7.96 v _058910_/X (sky130_fd_sc_hd__a21o_2)
     2    0.03                           _012454_ (net)
                  0.09    0.00    7.96 v _058911_/A2 (sky130_fd_sc_hd__a21oi_4)
                  0.19    0.24    8.20 ^ _058911_/Y (sky130_fd_sc_hd__a21oi_4)
     2    0.02                           _012455_ (net)
                  0.19    0.00    8.20 ^ _058912_/B (sky130_fd_sc_hd__and2_1)
                  0.07    0.18    8.38 ^ _058912_/X (sky130_fd_sc_hd__and2_1)
     2    0.01                           _012456_ (net)
                  0.07    0.00    8.38 ^ _058913_/C (sky130_fd_sc_hd__or3_1)
                  0.07    0.12    8.50 ^ _058913_/X (sky130_fd_sc_hd__or3_1)
     2    0.01                           _012457_ (net)
                  0.07    0.00    8.50 ^ _058914_/B1_N (sky130_fd_sc_hd__a21boi_4)
                  0.23    0.28    8.78 ^ _058914_/Y (sky130_fd_sc_hd__a21boi_4)
     2    0.03                           _012458_ (net)
                  0.23    0.00    8.78 ^ _058915_/A2 (sky130_fd_sc_hd__o21bai_4)
                  0.09    0.12    8.91 v _058915_/Y (sky130_fd_sc_hd__o21bai_4)
     2    0.02                           _012459_ (net)
                  0.09    0.00    8.91 v _058917_/A2 (sky130_fd_sc_hd__a21oi_4)
                  0.23    0.27    9.18 ^ _058917_/Y (sky130_fd_sc_hd__a21oi_4)
     2    0.03                           _012461_ (net)
                  0.23    0.00    9.18 ^ _058919_/A2 (sky130_fd_sc_hd__o21ai_4)
                  0.10    0.11    9.29 v _058919_/Y (sky130_fd_sc_hd__o21ai_4)
     2    0.02                           _012463_ (net)
                  0.10    0.00    9.29 v _058920_/A2 (sky130_fd_sc_hd__a21boi_1)
                  0.19    0.23    9.52 ^ _058920_/Y (sky130_fd_sc_hd__a21boi_1)
     2    0.01                           _012464_ (net)
                  0.19    0.00    9.52 ^ _058921_/B (sky130_fd_sc_hd__nor2_2)
                  0.08    0.11    9.63 v _058921_/Y (sky130_fd_sc_hd__nor2_2)
     2    0.02                           _012465_ (net)
                  0.08    0.00    9.63 v _058922_/B1 (sky130_fd_sc_hd__a21oi_2)
                  0.26    0.25    9.88 ^ _058922_/Y (sky130_fd_sc_hd__a21oi_2)
     2    0.02                           _012466_ (net)
                  0.26    0.00    9.88 ^ _058923_/B (sky130_fd_sc_hd__nor2_1)
                  0.09    0.12   10.00 v _058923_/Y (sky130_fd_sc_hd__nor2_1)
     1    0.01                           _012467_ (net)
                  0.09    0.00   10.00 v _058924_/B1 (sky130_fd_sc_hd__a21oi_4)
                  0.33    0.32   10.32 ^ _058924_/Y (sky130_fd_sc_hd__a21oi_4)
     3    0.04                           _012468_ (net)
                  0.33    0.00   10.32 ^ _058926_/A2 (sky130_fd_sc_hd__o21ai_2)
                  0.11    0.16   10.48 v _058926_/Y (sky130_fd_sc_hd__o21ai_2)
     2    0.02                           _012470_ (net)
                  0.11    0.00   10.48 v _059130_/B (sky130_fd_sc_hd__and2b_1)
                  0.06    0.22   10.69 v _059130_/X (sky130_fd_sc_hd__and2b_1)
     1    0.01                           _012674_ (net)
                  0.06    0.00   10.69 v _059131_/B1 (sky130_fd_sc_hd__a21oi_4)
                  0.21    0.21   10.90 ^ _059131_/Y (sky130_fd_sc_hd__a21oi_4)
     2    0.02                           _012675_ (net)
                  0.21    0.00   10.90 ^ _059133_/A2 (sky130_fd_sc_hd__o21ai_2)
                  0.10    0.13   11.03 v _059133_/Y (sky130_fd_sc_hd__o21ai_2)
     2    0.02                           _012677_ (net)
                  0.10    0.00   11.03 v _059226_/B (sky130_fd_sc_hd__and2b_1)
                  0.06    0.21   11.25 v _059226_/X (sky130_fd_sc_hd__and2b_1)
     1    0.01                           _012770_ (net)
                  0.06    0.00   11.25 v _059227_/B1 (sky130_fd_sc_hd__a21oi_4)
                  0.20    0.21   11.45 ^ _059227_/Y (sky130_fd_sc_hd__a21oi_4)
     2    0.02                           _012771_ (net)
                  0.20    0.00   11.45 ^ _059229_/A2 (sky130_fd_sc_hd__o21bai_2)
                  0.10    0.14   11.59 v _059229_/Y (sky130_fd_sc_hd__o21bai_2)
     1    0.02                           _012773_ (net)
                  0.10    0.00   11.59 v _059291_/A (sky130_fd_sc_hd__xnor2_4)
                  0.11    0.21   11.80 v _059291_/Y (sky130_fd_sc_hd__xnor2_4)
     4    0.03                           _012835_ (net)
                  0.11    0.00   11.80 v _059295_/A2 (sky130_fd_sc_hd__a21o_1)
                  0.03    0.20   12.00 v _059295_/X (sky130_fd_sc_hd__a21o_1)
     1    0.00                           _012839_ (net)
                  0.03    0.00   12.00 v _059296_/B (sky130_fd_sc_hd__and2_1)
                  0.08    0.20   12.20 v _059296_/X (sky130_fd_sc_hd__and2_1)
     2    0.01                           _012840_ (net)
                  0.08    0.00   12.20 v _059297_/B1 (sky130_fd_sc_hd__a21o_1)
                  0.06    0.20   12.40 v _059297_/X (sky130_fd_sc_hd__a21o_1)
     2    0.01                           _012841_ (net)
                  0.06    0.00   12.40 v _059298_/A0 (sky130_fd_sc_hd__mux2_1)
                  0.09    0.35   12.75 v _059298_/X (sky130_fd_sc_hd__mux2_1)
     2    0.01                           _012842_ (net)
                  0.09    0.00   12.75 v _059299_/B1 (sky130_fd_sc_hd__a22oi_4)
                  0.45    0.40   13.14 ^ _059299_/Y (sky130_fd_sc_hd__a22oi_4)
     2    0.06                           _012843_ (net)
                  0.45    0.02   13.16 ^ _059300_/B (sky130_fd_sc_hd__nand2_1)
                  0.11    0.12   13.29 v _059300_/Y (sky130_fd_sc_hd__nand2_1)
     2    0.00                           _012844_ (net)
                  0.11    0.00   13.29 v _060017_/A (sky130_fd_sc_hd__or3_1)
                  0.10    0.45   13.74 v _060017_/X (sky130_fd_sc_hd__or3_1)
     3    0.01                           _013503_ (net)
                  0.10    0.00   13.74 v _061200_/C (sky130_fd_sc_hd__or3_1)
                  0.09    0.37   14.10 v _061200_/X (sky130_fd_sc_hd__or3_1)
     2    0.01                           _014544_ (net)
                  0.09    0.00   14.10 v _061201_/A (sky130_fd_sc_hd__buf_2)
                  0.07    0.19   14.30 v _061201_/X (sky130_fd_sc_hd__buf_2)
     5    0.03                           _014545_ (net)
                  0.07    0.00   14.30 v _061202_/B (sky130_fd_sc_hd__nor2_1)
                  0.15    0.15   14.45 ^ _061202_/Y (sky130_fd_sc_hd__nor2_1)
     3    0.01                           _014546_ (net)
                  0.15    0.00   14.45 ^ _061221_/A (sky130_fd_sc_hd__buf_2)
                  0.16    0.24   14.68 ^ _061221_/X (sky130_fd_sc_hd__buf_2)
     5    0.03                           _014557_ (net)
                  0.16    0.00   14.68 ^ _061228_/S (sky130_fd_sc_hd__mux2_8)
                  0.11    0.47   15.15 v _061228_/X (sky130_fd_sc_hd__mux2_8)
     1    0.07                           _014561_ (net)
                  0.12    0.03   15.18 v _061229_/A (sky130_fd_sc_hd__clkbuf_1)
                  0.02    0.12   15.30 v _061229_/X (sky130_fd_sc_hd__clkbuf_1)
     1    0.00                           net161 (net)
                  0.02    0.00   15.30 v output161/A (sky130_fd_sc_hd__buf_2)
                  0.09    0.18   15.48 v output161/X (sky130_fd_sc_hd__buf_2)
     1    0.03                           SRAMADDR_Sys0_S1[11] (net)
                  0.09    0.00   15.48 v SRAMADDR_Sys0_S1[11] (out)
                                 15.48   data arrival time

                  0.00   10.00   10.00   clock clk (rise edge)
                          0.00   10.00   clock network delay (ideal)
                         -0.25    9.75   clock uncertainty
                          0.00    9.75   clock reconvergence pessimism
                         -2.00    7.75   output external delay
                                  7.75   data required time
-----------------------------------------------------------------------------
                                  7.75   data required time
                                -15.48   data arrival time
-----------------------------------------------------------------------------
                                 -7.73   slack (VIOLATED)


