
===========================================================================
 report_check_types -max_slew -max_cap -max_fanout -violators
============================================================================
max slew

Pin                                    Limit    Slew   Slack
------------------------------------------------------------
output215/A                             1.50    1.57   -0.07 (VIOLATED)
_061620_/Y                              1.50    1.56   -0.07 (VIOLATED)
_092012_/C                              1.50    1.56   -0.06 (VIOLATED)

max capacitance

Pin                                    Limit     Cap   Slack
------------------------------------------------------------
_061620_/Y                              0.15    0.16   -0.01 (VIOLATED)


===========================================================================
max slew violation count 3
max fanout violation count 0
max cap violation count 1
============================================================================
